Item11PreShip.lean:54:37: warning: This simp argument is unused:
  hi

Hint: Omit it from the simp argument list.
  simp only [MultiTapeTM.step, hs, hi̵,̵ ̵h̵w]

Note: This linter can be disabled with `set_option linter.unusedSimpArgs false`
Item11PreShip.lean:54:41: warning: This simp argument is unused:
  hw

Hint: Omit it from the simp argument list.
  simp only [MultiTapeTM.step, hs, hi,̵ ̵h̵w̵]

Note: This linter can be disabled with `set_option linter.unusedSimpArgs false`
'Turing.MultiTapeTM.step_output_prepend' depends on axioms: [propext, Quot.sound]
'Turing.MultiTapeTM.runFrom_output_prepend' depends on axioms: [propext, Quot.sound]
'Turing.MultiTapeTM.runFrom_state_ne_none_of_le' depends on axioms: [propext, Quot.sound]
Item11PreShip.lean:346:4: warning: '(set_option smartUnfolding false in rfl)' tactic does nothing

Note: This linter can be disabled with `set_option linter.unusedTactic false`
Item11PreShip.lean:347:4: warning: '(fin_cases phase <;>
    first
    | rfl
    | (set_option smartUnfolding false in rfl))' tactic does nothing

Note: This linter can be disabled with `set_option linter.unusedTactic false`
Item11PreShip.lean:346:4: warning: this tactic is never executed

Note: This linter can be disabled with `set_option linter.unreachableTactic false`
Item11PreShip.lean:347:4: warning: this tactic is never executed

Note: This linter can be disabled with `set_option linter.unreachableTactic false`
Item11PreShip.lean:366:4: warning: '(set_option smartUnfolding false in rfl)' tactic does nothing

Note: This linter can be disabled with `set_option linter.unusedTactic false`
Item11PreShip.lean:367:4: warning: '(fin_cases phase <;>
    first
    | rfl
    | (set_option smartUnfolding false in rfl))' tactic does nothing

Note: This linter can be disabled with `set_option linter.unusedTactic false`
Item11PreShip.lean:366:4: warning: this tactic is never executed

Note: This linter can be disabled with `set_option linter.unreachableTactic false`
Item11PreShip.lean:367:4: warning: this tactic is never executed

Note: This linter can be disabled with `set_option linter.unreachableTactic false`
Item11PreShip.lean:380:6: warning: '(set_option smartUnfolding false in rfl)' tactic does nothing

Note: This linter can be disabled with `set_option linter.unusedTactic false`
Item11PreShip.lean:381:6: warning: '(fin_cases phase <;>
    first
    | rfl
    | (set_option smartUnfolding false in rfl))' tactic does nothing

Note: This linter can be disabled with `set_option linter.unusedTactic false`
Item11PreShip.lean:380:6: warning: this tactic is never executed

Note: This linter can be disabled with `set_option linter.unreachableTactic false`
Item11PreShip.lean:381:6: warning: this tactic is never executed

Note: This linter can be disabled with `set_option linter.unreachableTactic false`
Item11PreShip.lean:392:6: warning: '(set_option smartUnfolding false in rfl)' tactic does nothing

Note: This linter can be disabled with `set_option linter.unusedTactic false`
Item11PreShip.lean:393:6: warning: '(fin_cases phase <;>
    first
    | rfl
    | (set_option smartUnfolding false in rfl))' tactic does nothing

Note: This linter can be disabled with `set_option linter.unusedTactic false`
Item11PreShip.lean:392:6: warning: this tactic is never executed

Note: This linter can be disabled with `set_option linter.unreachableTactic false`
Item11PreShip.lean:393:6: warning: this tactic is never executed

Note: This linter can be disabled with `set_option linter.unreachableTactic false`
