C1bPreShip.lean:54:12: warning: unused variable `x`

Note: This linter can be disabled with `set_option linter.unusedVariables false`
Complexity.LogProg.bits_injective : Function.Injective Nat.bits
Complexity.LogProg.bitsVal_bits : ∀ (n : ℕ), Complexity.LogProg.bitsVal n.bits = n
@moveInputPos_pos_of_ne_right : ∀ {n : ℕ} (p : Fin (n + 2)) (h : ↑p ≠ n + 1), moveInputPos p SignType.pos = ⟨↑p + 1, ⋯⟩
@FinTM.controlAction : {k : ℕ} → {S : Type} → SignType → Option S → Action k Bool S
C1bPreShip.lean:185:12: warning: unused variable `x`

Note: This linter can be disabled with `set_option linter.unusedVariables false`
C1bPreShip.lean:211:8: warning: declaration uses 'sorry'
'Turing.FinTM.k_le_spaceUsed' depends on axioms: [propext, sorryAx, Classical.choice, Quot.sound]
'Turing.FinTM.ComputesInSpace.k_eq_zero_of_exists_zero' depends on axioms: [propext,
 sorryAx,
 Classical.choice,
 Quot.sound]
'Complexity.SPACE_eq_zero_of_exists_zero' depends on axioms: [propext, sorryAx, Classical.choice, Quot.sound]
'Complexity.SPACE_id_eq_SPACE_zero' depends on axioms: [propext, sorryAx, Classical.choice, Quot.sound]
'Complexity.SPACE_succ_of_pos' depends on axioms: [propext, sorryAx, Classical.choice, Quot.sound]
'Complexity.SPACE_succ_eq_max_one' depends on axioms: [propext, sorryAx, Classical.choice, Quot.sound]
'Turing.pairEncode_bits_inj' depends on axioms: [propext, sorryAx, Quot.sound]
'Complexity.trueLang_mem_SPACE_zero' depends on axioms: [propext, sorryAx, Classical.choice, Quot.sound]
'Complexity.evenLang_mem_SPACE_zero' depends on axioms: [propext, sorryAx, Classical.choice, Quot.sound]
'Complexity.exists_zeroTape_const_oneStep' depends on axioms: [propext, sorryAx, Classical.choice, Quot.sound]
'Complexity.exists_zeroTape_parity_decider' depends on axioms: [propext, sorryAx, Classical.choice, Quot.sound]
'Complexity.evenLang_mem_LOGSPACE' depends on axioms: [propext, sorryAx, Classical.choice, Quot.sound]
'Complexity.CounterProg.sim_run_of_regs_le' depends on axioms: [propext, sorryAx, Classical.choice, Quot.sound]
'Complexity.SPACE.mono_const' depends on axioms: [propext, Classical.choice, Quot.sound]
'Turing.FinTM.computesInSpace_zero_of_k_eq_zero' depends on axioms: [propext, Classical.choice, Quot.sound]
'Complexity.SPACE.mono' depends on axioms: [propext, Classical.choice, Quot.sound]
'Turing.FinTM.ComputesInSpace.mono' depends on axioms: [propext, Classical.choice, Quot.sound]
'Turing.MultiTapeTM.spaceUsed_zero_tapes_eq_zero' depends on axioms: [propext, Classical.choice, Quot.sound]
'Turing.MultiTapeTM.runFrom_add' depends on axioms: [propext, Quot.sound]
'Turing.Cfg.ext_zero_tapes' depends on axioms: [Quot.sound]
'Turing.moveInputPos_pos_of_ne_right' depends on axioms: [propext, Quot.sound]
'Turing.FinTM.inputSymbol_at' depends on axioms: [propext, Classical.choice, Quot.sound]
'Turing.FinTM.computesInTime_iff' depends on axioms: [propext, Classical.choice, Quot.sound]
'Complexity.DTIME_eq_empty_of_exists_zero' depends on axioms: [propext, Classical.choice, Quot.sound]
'Turing.pairEncode_injective' depends on axioms: [propext, Quot.sound]
'Complexity.LogProg.bits_injective' depends on axioms: [propext, Classical.choice, Quot.sound]
'Complexity.CounterProg.sim_run' depends on axioms: [propext, Classical.choice, Quot.sound]
'Complexity.CounterProg.sim_step' depends on axioms: [propext, Classical.choice, Quot.sound]
'Complexity.CounterProg.step_pos_le' depends on axioms: [propext, Quot.sound]
'Complexity.CounterProg.run_add' depends on axioms: [propext]
'Complexity.CounterProg.run_succ' depends on axioms: [propext]
'Complexity.CounterProg.run_zero' does not depend on any axioms
'C1bProbe.constTrueTM_computesInTime' depends on axioms: [propext, Classical.choice, Quot.sound]
'C1bProbe.scanTM_decidesInTime' depends on axioms: [propext, sorryAx, Classical.choice, Quot.sound]
