# C1 pre-issue promotion: downstream replay of Finite/NTIME/NSPACE (205 modules, dependency order), fresh .oleans
TCSlib/Complexity/TuringMachine/Finite exit=0 errors=0 sorry=0
TCSlib/Complexity/TuringMachine/Simulation exit=0 errors=0 sorry=0
TCSlib/Complexity/TuringMachine/Robustness/AlphabetReduction exit=0 errors=0 sorry=0
TCSlib/Complexity/TuringMachine/Sweep exit=0 errors=0 sorry=0
TCSlib/Complexity/TuringMachine/Robustness/SingleTape exit=0 errors=0 sorry=0
TCSlib/Complexity/TuringMachine/Encoding exit=0 errors=0 sorry=0
TCSlib/Complexity/CircuitComplexity/PairEncode exit=0 errors=0 sorry=0
TCSlib/Complexity/ClassP/DTIME exit=0 errors=0 sorry=0
TCSlib/Complexity/ClassP/P exit=0 errors=0 sorry=0
TCSlib/Complexity/ClassP/TimeConstructible exit=0 errors=0 sorry=0
TCSlib/Complexity/TuringMachine/Build/Convention exit=0 errors=0 sorry=0
TCSlib/Complexity/TuringMachine/Composition exit=0 errors=0 sorry=0
TCSlib/Complexity/TuringMachine/Build/Wrappers exit=0 errors=0 sorry=0
TCSlib/Complexity/TuringMachine/Build/Embed exit=0 errors=0 sorry=0
TCSlib/Complexity/TuringMachine/Build/Loop exit=0 errors=0 sorry=0
TCSlib/Complexity/TuringMachine/Build/Primitives exit=0 errors=0 sorry=0
TCSlib/Complexity/CircuitComplexity/Advice exit=0 errors=0 sorry=0
TCSlib/Complexity/ClassNP/PolyTime exit=0 errors=0 sorry=0
TCSlib/Complexity/CircuitComplexity/Uniform exit=0 errors=0 sorry=0
TCSlib/Complexity/ClassNP/PolyTimePairing exit=0 errors=0 sorry=0
TCSlib/Complexity/ClassNP/NP exit=0 errors=0 sorry=0
TCSlib/Complexity/ClassNP/EXP exit=0 errors=0 sorry=0
TCSlib/Complexity/TuringMachine/UniversalStartup exit=0 errors=0 sorry=0
TCSlib/Complexity/TuringMachine/UniversalInterpreter exit=0 errors=0 sorry=0
TCSlib/Complexity/TuringMachine/UniversalBlock exit=0 errors=0 sorry=0
TCSlib/Complexity/TuringMachine/Universal exit=0 errors=0 sorry=0
TCSlib/Complexity/Uncomputability/Computable exit=0 errors=0 sorry=0
TCSlib/Complexity/Uncomputability/Diagonalization exit=0 errors=0 sorry=0
TCSlib/Complexity/Uncomputability/Halting exit=0 errors=0 sorry=0
TCSlib/Complexity/ClassNP/Reductions exit=0 errors=0 sorry=0
TCSlib/Complexity/ClassNP/SAT exit=0 errors=0 sorry=0
TCSlib/Complexity/CircuitComplexity/DAGCircuitSatLang exit=0 errors=0 sorry=0
TCSlib/Complexity/CircuitComplexity/CircuitEvalSpec exit=0 errors=0 sorry=0
TCSlib/Complexity/CircuitComplexity/CircuitEvalCorrect exit=0 errors=0 sorry=0
TCSlib/Complexity/CircuitComplexity/CircuitEvalMachine exit=0 errors=0 sorry=0
TCSlib/Complexity/CircuitComplexity/CircuitEvalRun exit=0 errors=0 sorry=0
TCSlib/Complexity/CircuitComplexity/CircuitEval exit=0 errors=0 sorry=0
TCSlib/Complexity/CircuitComplexity/CircuitEvalNP exit=0 errors=0 sorry=0
TCSlib/Complexity/CircuitComplexity/PUniformP exit=0 errors=0 sorry=0
TCSlib/Complexity/CircuitComplexity/PPolyAdvice exit=0 errors=0 sorry=0
TCSlib/Complexity/TuringMachine/CodeParser exit=0 errors=0 sorry=0
TCSlib/Complexity/TuringMachine/MathlibBridge exit=0 errors=0 sorry=0
TCSlib/Complexity/CircuitComplexity/UHaltMachine exit=0 errors=0 sorry=0
TCSlib/Complexity/CircuitComplexity/CircuitSatReductionSpec exit=0 errors=0 sorry=0
TCSlib/Complexity/CircuitComplexity/CircuitSatReductionMachineTapes exit=0 errors=0 sorry=0
TCSlib/Complexity/CircuitComplexity/CircuitSatReductionMachine exit=0 errors=0 sorry=0
TCSlib/Complexity/ClassNP/Transducer exit=0 errors=0 sorry=0
TCSlib/Complexity/CircuitComplexity/CircuitSatReductionValid exit=0 errors=0 sorry=0
TCSlib/Complexity/CircuitComplexity/CircuitSatReduction exit=0 errors=0 sorry=0
TCSlib/Complexity/ClassNP/CoNP exit=0 errors=0 sorry=0
TCSlib/Complexity/TuringMachine/CounterProg exit=0 errors=0 sorry=0
TCSlib/Complexity/TuringMachine/CounterProgRun exit=0 errors=0 sorry=1
TCSlib/Complexity/ClassNP/CounterProgPolyTime exit=0 errors=0 sorry=0
TCSlib/Complexity/TuringMachine/CounterProgInput exit=0 errors=0 sorry=0
TCSlib/Complexity/ClassNP/PolyTimePrefix exit=0 errors=0 sorry=0
TCSlib/Complexity/TuringMachine/Build/EmitIterEmbed exit=0 errors=0 sorry=0
TCSlib/Complexity/TuringMachine/Build/EmitIterBody exit=0 errors=0 sorry=0
TCSlib/Complexity/ClassNP/PolyTimeBlockLoop exit=0 errors=0 sorry=0
TCSlib/Complexity/ClassNP/PolyTimeBlockTests exit=0 errors=0 sorry=0
TCSlib/Complexity/ClassNP/PolyTimeBlockMajority exit=0 errors=0 sorry=0
TCSlib/Complexity/ClassNP/PClosure exit=0 errors=0 sorry=0
TCSlib/Complexity/PolyHierarchy/Padding exit=0 errors=0 sorry=0
TCSlib/Complexity/CircuitComplexity/KarpLiptonPrefix exit=0 errors=0 sorry=0
TCSlib/Complexity/PolyHierarchy/Defs exit=0 errors=0 sorry=0
TCSlib/Complexity/PolyHierarchy/Normalize exit=0 errors=0 sorry=0
TCSlib/Complexity/PolyHierarchy/Levels exit=0 errors=0 sorry=0
TCSlib/Complexity/PolyHierarchy/Collapse exit=0 errors=0 sorry=0
TCSlib/Complexity/CircuitComplexity/KarpLipton exit=0 errors=0 sorry=0
TCSlib/Complexity/CircuitComplexity/KarpLiptonSearchFamily exit=0 errors=0 sorry=0
TCSlib/Complexity/TuringMachine/Robustness/ObliviousSchedule exit=0 errors=0 sorry=0
TCSlib/Complexity/CookLevin/Snapshot exit=0 errors=0 sorry=0
TCSlib/Complexity/CircuitComplexity/PSubsetPPolyTableau exit=0 errors=0 sorry=0
TCSlib/Complexity/CircuitComplexity/PSubsetPPolyTableauCorrect exit=0 errors=0 sorry=0
TCSlib/Complexity/CircuitComplexity/PSubsetPPolyConfigStep exit=0 errors=0 sorry=0
TCSlib/Complexity/CircuitComplexity/PSubsetPPolyConfig exit=0 errors=0 sorry=0
TCSlib/Complexity/CircuitComplexity/PSubsetPPolyConfigCircuit exit=0 errors=0 sorry=0
TCSlib/Complexity/TuringMachine/Robustness/ObliviousCandidate exit=0 errors=0 sorry=0
TCSlib/Complexity/TuringMachine/Robustness/ObliviousSetup exit=0 errors=0 sorry=0
TCSlib/Complexity/TuringMachine/Robustness/ObliviousLedger exit=0 errors=0 sorry=0
TCSlib/Complexity/TuringMachine/Robustness/Oblivious exit=0 errors=0 sorry=0
TCSlib/Complexity/ClassNP/TMSAT exit=0 errors=0 sorry=0
TCSlib/Complexity/CircuitComplexity/PSubsetPPoly exit=0 errors=0 sorry=0
TCSlib/Complexity/CircuitComplexity/PAdviceSubsetPPoly exit=0 errors=0 sorry=0
TCSlib/Complexity/CircuitComplexity/UniformTableauSpec exit=0 errors=0 sorry=0
TCSlib/Complexity/CircuitComplexity/UniformTableauEmitter exit=0 errors=0 sorry=0
TCSlib/Complexity/CircuitComplexity/UniformTableauEmitterInstr exit=0 errors=0 sorry=0
TCSlib/Complexity/CircuitComplexity/UniformTableauEmitterLayer exit=0 errors=0 sorry=0
TCSlib/Complexity/CircuitComplexity/UniformTableauEmitterSteps exit=0 errors=0 sorry=0
TCSlib/Complexity/CircuitComplexity/UniformTableauEmitterMain exit=0 errors=0 sorry=0
TCSlib/Complexity/CircuitComplexity/UniformTableau exit=0 errors=0 sorry=0
TCSlib/Complexity/CircuitComplexity/CircuitSatNPHard exit=0 errors=0 sorry=0
TCSlib/Complexity/SpaceComplexity/Machines/Layout exit=0 errors=0 sorry=0
TCSlib/Complexity/SpaceComplexity/Machines/Program exit=0 errors=0 sorry=0
TCSlib/Complexity/SpaceComplexity/Machines/Sim exit=0 errors=0 sorry=0
TCSlib/Complexity/SpaceComplexity/Machines/CallReturn exit=0 errors=0 sorry=0
TCSlib/Complexity/SpaceComplexity/Machines/Call exit=0 errors=0 sorry=0
TCSlib/Complexity/SpaceComplexity/Machines/Compile exit=0 errors=0 sorry=0
TCSlib/Complexity/SpaceComplexity/Machines/Lib exit=0 errors=0 sorry=0
TCSlib/Complexity/SpaceComplexity/Basic exit=0 errors=0 sorry=0
TCSlib/Complexity/SpaceComplexity/ConfigCount exit=0 errors=0 sorry=0
TCSlib/Complexity/SpaceComplexity/Machines/CleanSweep exit=0 errors=0 sorry=0
TCSlib/Complexity/SpaceComplexity/Machines/Clean exit=0 errors=0 sorry=0
TCSlib/Complexity/SpaceComplexity/Machines/Bank exit=0 errors=0 sorry=0
TCSlib/Complexity/SpaceComplexity/ImplicitPoly exit=0 errors=0 sorry=0
TCSlib/Complexity/CircuitComplexity/LogspaceUniform exit=0 errors=0 sorry=0
TCSlib/Complexity/SpaceComplexity/Machines/FragDec exit=0 errors=0 sorry=0
TCSlib/Complexity/SpaceComplexity/Machines/Frag exit=0 errors=0 sorry=0
TCSlib/Complexity/SpaceComplexity/Machines/ParsePlain exit=0 errors=0 sorry=0
TCSlib/Complexity/SpaceComplexity/Machines/Parse exit=0 errors=0 sorry=0
TCSlib/Complexity/SpaceComplexity/Machines/Parse2 exit=0 errors=0 sorry=0
TCSlib/Complexity/SpaceComplexity/Machines/ParseCmp exit=0 errors=0 sorry=0
TCSlib/Complexity/SpaceComplexity/Machines/ARM exit=0 errors=0 sorry=0
TCSlib/Complexity/SpaceComplexity/Machines/ARMSim exit=0 errors=0 sorry=0
TCSlib/Complexity/SpaceComplexity/Machines/ARMRun exit=0 errors=0 sorry=0
TCSlib/Complexity/SpaceComplexity/Machines/ARMProof exit=0 errors=0 sorry=0
TCSlib/Complexity/SpaceComplexity/Machines/ARMKit exit=0 errors=0 sorry=0
TCSlib/Complexity/CircuitComplexity/LogspaceUniformAdjBasic exit=0 errors=0 sorry=0
TCSlib/Complexity/CircuitComplexity/LogspaceUniformScan exit=0 errors=0 sorry=0
TCSlib/Complexity/CircuitComplexity/LogspaceUniformWalk exit=0 errors=0 sorry=0
TCSlib/Complexity/CircuitComplexity/LogspaceUniformAdj exit=0 errors=0 sorry=0
TCSlib/Complexity/CircuitComplexity/LogspaceUniformCanon exit=0 errors=0 sorry=0
TCSlib/Complexity/SpaceComplexity/Machines/DblLang exit=0 errors=0 sorry=0
TCSlib/Complexity/SpaceComplexity/UnaryLogspace exit=0 errors=0 sorry=0
TCSlib/Complexity/SpaceComplexity/CounterProgSim exit=0 errors=0 sorry=0
TCSlib/Complexity/SpaceComplexity/CounterProgSimRun exit=0 errors=0 sorry=0
TCSlib/Complexity/CircuitComplexity/LogspaceTableauFront exit=0 errors=0 sorry=0
TCSlib/Complexity/CircuitComplexity/LogspaceTableau exit=0 errors=0 sorry=0
TCSlib/Complexity/CircuitComplexity/LogspaceUniformExample exit=0 errors=0 sorry=0
TCSlib/Complexity/TimeHierarchy/ClockMachine exit=0 errors=0 sorry=0
TCSlib/Complexity/CircuitComplexity/MeyerMachine exit=0 errors=0 sorry=0
TCSlib/Complexity/CircuitComplexity/MeyerMachineParse exit=0 errors=0 sorry=0
TCSlib/Complexity/CircuitComplexity/MeyerMachineSetup exit=0 errors=0 sorry=0
TCSlib/Complexity/TimeHierarchy/ClockLoop exit=0 errors=0 sorry=0
TCSlib/Complexity/CircuitComplexity/MeyerMachineRun exit=0 errors=0 sorry=0
TCSlib/Complexity/CircuitComplexity/MeyerMachineWalk exit=0 errors=0 sorry=0
TCSlib/Complexity/CircuitComplexity/MeyerTab exit=0 errors=0 sorry=0
TCSlib/Complexity/CircuitComplexity/MeyerTableau exit=0 errors=0 sorry=0
TCSlib/Complexity/CircuitComplexity/MeyerVerifierGlue exit=0 errors=0 sorry=0
TCSlib/Complexity/CircuitComplexity/MeyerVerifier exit=0 errors=0 sorry=0
TCSlib/Complexity/CircuitComplexity/MeyerSound exit=0 errors=0 sorry=0
TCSlib/Complexity/CircuitComplexity/MeyerSoundInput exit=0 errors=0 sorry=0
TCSlib/Complexity/CircuitComplexity/MeyerComplete exit=0 errors=0 sorry=0
TCSlib/Complexity/CircuitComplexity/MeyerSigma exit=0 errors=0 sorry=0
TCSlib/Complexity/ClassNP/ExpPoly exit=0 errors=0 sorry=0
TCSlib/Complexity/CircuitComplexity/MeyerSigmaEXP exit=0 errors=0 sorry=0
TCSlib/Complexity/TimeHierarchy/CodePrefix exit=0 errors=0 sorry=0
TCSlib/Complexity/TimeHierarchy/Diagonal exit=0 errors=0 sorry=0
TCSlib/Complexity/TimeHierarchy/Separation exit=0 errors=0 sorry=0
TCSlib/Complexity/CircuitComplexity/Meyer exit=0 errors=0 sorry=0
TCSlib/Complexity/CircuitComplexity exit=0 errors=0 sorry=0
TCSlib/Complexity/TuringMachine/Nondeterministic exit=0 errors=0 sorry=0
TCSlib/Complexity/ClassNP/NTIME exit=0 errors=0 sorry=0
TCSlib/Complexity/ClassNP/Nondeterminism exit=0 errors=0 sorry=0
TCSlib/Complexity/TuringMachine/Build/Seam exit=0 errors=0 sorry=0
TCSlib/Complexity/CookLevin/Hardness exit=0 errors=0 sorry=0
TCSlib/Complexity/ClassNP/Tautology exit=0 errors=0 sorry=0
TCSlib/Complexity/ClassNP exit=0 errors=0 sorry=0
TCSlib/Complexity/TuringMachine/OracleFinite exit=0 errors=0 sorry=0
TCSlib/Complexity/TuringMachine/OracleNondeterministic exit=0 errors=0 sorry=1
TCSlib/Complexity/ClassOracle/Classes exit=0 errors=0 sorry=6
TCSlib/Complexity/ClassOracle/SATOracle exit=0 errors=0 sorry=3
TCSlib/Complexity/ClassOracle exit=0 errors=0 sorry=0
TCSlib/Complexity/ClassP/ModelInvariance exit=0 errors=0 sorry=0
TCSlib/Complexity/ClassP/Examples exit=0 errors=0 sorry=0
TCSlib/Complexity/ClassP exit=0 errors=0 sorry=0
TCSlib/Complexity/Formulas/QBFEncoding exit=0 errors=0 sorry=1
TCSlib/Complexity/TuringMachine/NondeterministicSpace exit=0 errors=0 sorry=2
TCSlib/Complexity/SpaceComplexity/NSPACE exit=0 errors=0 sorry=2
TCSlib/Complexity/SpaceComplexity/SpaceClasses exit=0 errors=0 sorry=3
TCSlib/Complexity/SpaceComplexity/Constructible exit=0 errors=0 sorry=2
TCSlib/Complexity/SpaceComplexity/ConfigGraph exit=0 errors=0 sorry=7
TCSlib/Complexity/ClassPSPACE/TQBF exit=0 errors=0 sorry=5
TCSlib/Complexity/ClassPSPACE exit=0 errors=0 sorry=0
TCSlib/Complexity/CookLevin exit=0 errors=0 sorry=0
TCSlib/Complexity/TuringMachine/OracleAgreement exit=0 errors=0 sorry=7
TCSlib/Complexity/Diagonalization/EXPCOM exit=0 errors=0 sorry=6
TCSlib/Complexity/Diagonalization/Relativization exit=0 errors=0 sorry=4
TCSlib/Complexity/Diagonalization/NotTimeConstructible exit=0 errors=0 sorry=1
TCSlib/Complexity/TuringMachine/NDCodes exit=0 errors=0 sorry=1
TCSlib/Complexity/Diagonalization/NTimeHierarchy exit=0 errors=0 sorry=6
TCSlib/Complexity/Diagonalization exit=0 errors=0 sorry=0
TCSlib/Complexity/Formulas exit=0 errors=0 sorry=0
TCSlib/Complexity/PolyHierarchy exit=0 errors=0 sorry=0
TCSlib/Complexity/Randomized/PolyTimeModel exit=0 errors=0 sorry=0
TCSlib/Complexity/Randomized exit=0 errors=0 sorry=0
TCSlib/Complexity/SpaceComplexity/Inclusions exit=0 errors=0 sorry=4
TCSlib/Complexity/SpaceComplexity/Examples exit=0 errors=0 sorry=1
TCSlib/Complexity/SpaceComplexity/ZeroSpace exit=0 errors=0 sorry=11
TCSlib/Complexity/SpaceComplexity/Savitch exit=0 errors=0 sorry=3
TCSlib/Complexity/SpaceComplexity/Hierarchy exit=0 errors=0 sorry=4
TCSlib/Complexity/SpaceComplexity/Logspace/Reductions exit=0 errors=0 sorry=5
TCSlib/Complexity/SpaceComplexity/Logspace/Path exit=0 errors=0 sorry=2
TCSlib/Complexity/SpaceComplexity/Logspace/ImmermanSzelepcsenyi exit=0 errors=0 sorry=3
TCSlib/Complexity/SpaceComplexity/Logspace/Mult exit=0 errors=0 sorry=1
TCSlib/Complexity/SpaceComplexity exit=0 errors=0 sorry=0
TCSlib/Complexity/TimeHierarchy exit=0 errors=0 sorry=0
TCSlib/Complexity/TuringMachine/Build/Catalog exit=0 errors=0 sorry=0
TCSlib/Complexity/TuringMachine/Robustness/Bidirectional exit=0 errors=0 sorry=0
TCSlib/Complexity/TuringMachine exit=0 errors=0 sorry=0
TCSlib/Complexity/TuringMachine/Build/CounterLoop exit=0 errors=0 sorry=0
TCSlib/Complexity/TuringMachine/Build/VirtualInput exit=0 errors=0 sorry=0
TCSlib/Complexity/TuringMachine/Build/Zone exit=0 errors=0 sorry=2
TCSlib/Complexity/TuringMachine/Codes2Tape exit=0 errors=0 sorry=1
TCSlib/Complexity/Uncomputability exit=0 errors=0 sorry=0
TCSlib/ComputationalModels exit=1 errors=2 sorry=0
TCSlib/ComputationalModels.lean:6:0: error: object file '.lake/tcslib-check-oleans/TCSlib/BooleanAnalysis/DecisionTree.olean' of module TCSlib.BooleanAnalysis.DecisionTree does not exist
FAIL(TCSlib/ComputationalModels): lean exited with status 1
FAIL(TCSlib/ComputationalModels): error diagnostics reported
FAIL(TCSlib/ComputationalModels): no fresh .olean produced
# modules=205 failed=1
