machine-library spec layer: axiom attestation
UTC: 2026-10-03T07:01:31Z
'Turing.timed_universal' depends on axioms: [propext, Classical.choice, Quot.sound]
'Turing.universal' depends on axioms: [propext, Classical.choice, Quot.sound]
'Turing.universal_quadratic' depends on axioms: [propext, Classical.choice, Quot.sound]
'Turing.exists_effectiveMachineCode' depends on axioms: [propext, Classical.choice, Quot.sound]
'Complexity.HALT_not_computable' depends on axioms: [propext, Classical.choice, Quot.sound]
'Turing.initCfg_ofWords' depends on axioms: [propext, Quot.sound]
'Turing.Cfg.ofWords_workTapes' depends on axioms: [propext]
'Turing.capture_run' depends on axioms: [propext, sorryAx, Quot.sound]
'Turing.FinTM.redirectTM_computes' depends on axioms: [propext, sorryAx, Classical.choice, Quot.sound]
'Turing.FinTM.redirectTM_live' depends on axioms: [propext, sorryAx, Classical.choice, Quot.sound]
'Turing.FinTM.computesFunInTime_cond' depends on axioms: [propext, sorryAx, Classical.choice, Quot.sound]
'Turing.loop_run' depends on axioms: [propext, sorryAx, Quot.sound]
'Turing.FinTM.exists_loopTM' depends on axioms: [propext, sorryAx, Classical.choice, Quot.sound]
'Turing.FinTM.computesFunInTime_prepend' depends on axioms: [propext, sorryAx, Classical.choice, Quot.sound]
'Turing.FinTM.computesFunInTime_lengthBits' depends on axioms: [propext, sorryAx, Classical.choice, Quot.sound]
'Turing.FinTM.computesFunInTime_polyUnary' depends on axioms: [propext, sorryAx, Classical.choice, Quot.sound]
'Turing.FinTM.computesFunInTime_polyBits' depends on axioms: [propext, sorryAx, Classical.choice, Quot.sound]
'Turing.FinTM.computesFunInTime_pairEncodeFixed' depends on axioms: [propext, sorryAx, Classical.choice, Quot.sound]
'Turing.FinTM.computesFunInTime_pairFst' depends on axioms: [propext, sorryAx, Classical.choice, Quot.sound]
'Turing.FinTM.computesFunInTime_pairSnd' depends on axioms: [propext, sorryAx, Classical.choice, Quot.sound]
'Turing.FinTM.computesFunInTime_pairValid' depends on axioms: [propext, sorryAx, Classical.choice, Quot.sound]
'Turing.FinTM.computesFunInTime_pairLenCheck' depends on axioms: [propext, sorryAx, Classical.choice, Quot.sound]
'Turing.FinTM.computesFunInTime_stripLast' depends on axioms: [propext, sorryAx, Classical.choice, Quot.sound]
'Turing.FinTM.computesFunInTime_splitSolve' depends on axioms: [propext, sorryAx, Classical.choice, Quot.sound]
'Turing.FinTM.computesFunInTime_incFixed' depends on axioms: [propext, sorryAx, Classical.choice, Quot.sound]
lean exit: 0
