shared infrastructure round: axiom attestation at the pack tree
UTC: 2026-10-03T07:22:04Z
'Turing.timed_universal_concrete' depends on axioms: [propext, Classical.choice, Quot.sound]
'Complexity.timed_universal_quantitative' depends on axioms: [propext, Classical.choice, Quot.sound]
'Turing.timed_universal' depends on axioms: [propext, Classical.choice, Quot.sound]
'Turing.universal' depends on axioms: [propext, Classical.choice, Quot.sound]
'Turing.universal_quadratic' depends on axioms: [propext, Classical.choice, Quot.sound]
'Turing.exists_effectiveMachineCode' depends on axioms: [propext, Classical.choice, Quot.sound]
'Complexity.HALT_not_computable' depends on axioms: [propext, Classical.choice, Quot.sound]
'Complexity.TMSAT_mem_NP' depends on axioms: [propext, sorryAx, Classical.choice, Quot.sound]
'Complexity.TMSAT_NPHard' depends on axioms: [propext, sorryAx, Classical.choice, Quot.sound]
'Complexity.TMSAT_NPComplete' depends on axioms: [propext, sorryAx, Classical.choice, Quot.sound]
ROOTS Turing.timed_universal_concrete: []
ROOTS Complexity.timed_universal_quantitative: []
ROOTS Turing.timed_universal: []
ROOTS Complexity.TMSAT_mem_NP: [Complexity.TMSAT_mem_NP]
ROOTS Complexity.TMSAT_NPHard: [Complexity.TMSAT_NPHard]
ROOTS Complexity.TMSAT_NPComplete: [Complexity.TMSAT_NPHard, Complexity.TMSAT_mem_NP]
ROOTS Complexity.NP_subset_EXP: [Complexity.enumMachine_contracts]
ROOTS Complexity.HALT_NPHard: [Complexity.enumMachine_contracts]
BRIDGE AUDIT PASS: the export and the discharged bridge are admission-free; TMSAT roots shrank exactly to their D-sites; headline and epoch-2 regressions unchanged.
---
'Turing.timed_universal' depends on axioms: [propext, Classical.choice, Quot.sound]
'Turing.universal' depends on axioms: [propext, Classical.choice, Quot.sound]
'Turing.universal_quadratic' depends on axioms: [propext, Classical.choice, Quot.sound]
'Turing.exists_effectiveMachineCode' depends on axioms: [propext, Classical.choice, Quot.sound]
'Complexity.HALT_not_computable' depends on axioms: [propext, Classical.choice, Quot.sound]
'Turing.initCfg_ofWords' depends on axioms: [propext, Quot.sound]
'Turing.Cfg.ofWords_workTapes' depends on axioms: [propext]
'Turing.capture_run' depends on axioms: [propext, sorryAx, Quot.sound]
'Turing.FinTM.redirectTM_computes' depends on axioms: [propext, sorryAx, Classical.choice, Quot.sound]
'Turing.FinTM.redirectTM_live' depends on axioms: [propext, sorryAx, Classical.choice, Quot.sound]
'Turing.FinTM.computesFunInTime_cond' depends on axioms: [propext, sorryAx, Classical.choice, Quot.sound]
'Turing.loop_run' depends on axioms: [propext, sorryAx, Quot.sound]
'Turing.FinTM.exists_loopTM' depends on axioms: [propext, sorryAx, Classical.choice, Quot.sound]
'Turing.FinTM.computesFunInTime_prepend' depends on axioms: [propext, sorryAx, Classical.choice, Quot.sound]
'Turing.FinTM.computesFunInTime_lengthBits' depends on axioms: [propext, sorryAx, Classical.choice, Quot.sound]
'Turing.FinTM.computesFunInTime_polyUnary' depends on axioms: [propext, sorryAx, Classical.choice, Quot.sound]
'Turing.FinTM.computesFunInTime_polyBits' depends on axioms: [propext, sorryAx, Classical.choice, Quot.sound]
'Turing.FinTM.computesFunInTime_pairEncodeFixed' depends on axioms: [propext, sorryAx, Classical.choice, Quot.sound]
'Turing.FinTM.computesFunInTime_pairFst' depends on axioms: [propext, sorryAx, Classical.choice, Quot.sound]
'Turing.FinTM.computesFunInTime_pairSnd' depends on axioms: [propext, sorryAx, Classical.choice, Quot.sound]
'Turing.FinTM.computesFunInTime_pairValid' depends on axioms: [propext, sorryAx, Classical.choice, Quot.sound]
'Turing.FinTM.computesFunInTime_pairLenCheck' depends on axioms: [propext, sorryAx, Classical.choice, Quot.sound]
'Turing.FinTM.computesFunInTime_stripLast' depends on axioms: [propext, sorryAx, Classical.choice, Quot.sound]
'Turing.FinTM.computesFunInTime_splitSolve' depends on axioms: [propext, sorryAx, Classical.choice, Quot.sound]
'Turing.FinTM.computesFunInTime_incFixed' depends on axioms: [propext, sorryAx, Classical.choice, Quot.sound]
lean exit: 0
