P4 closure integration: axiom attestation
HEAD: c013f270402ec5babaf33f94d3c15c3ca2589239
UTC: 2026-10-04T14:28:00Z
ROOTS Turing.capture_run: []
ROOTS Turing.FinTM.redirectTM_computes: []
ROOTS Turing.FinTM.redirectTM_live: []
ROOTS Turing.FinTM.computesFunInTime_cond: []
ROOTS Turing.loop_run: []
ROOTS Turing.FinTM.exists_loopCfgTM: []
ROOTS Turing.FinTM.exists_loopTM: []
ROOTS Turing.FinTM.exists_loopFindTM: []
ROOTS Turing.FinTM.computesFunInTime_prepend: []
ROOTS Turing.FinTM.computesFunInTime_pairEncodeFixed: []
ROOTS Turing.FinTM.computesFunInTime_pairDup: []
ROOTS Turing.FinTM.computesFunInTime_incFixed: []
ROOTS Turing.FinTM.computesFunInTime_pairValid: []
ROOTS Turing.FinTM.computesFunInTime_pairFst: []
ROOTS Turing.FinTM.computesFunInTime_pairSnd: []
ROOTS Turing.FinTM.computesFunInTime_pairConcat: []
ROOTS Turing.FinTM.computesFunInTime_lengthBits: []
ROOTS Turing.FinTM.computesFunInTime_polyUnary: []
ROOTS Turing.FinTM.computesFunInTime_polyBits: []
ROOTS Turing.FinTM.computesFunInTime_pairLenCheck: []
ROOTS Turing.FinTM.computesFunInTime_stripLast: []
ROOTS Turing.FinTM.computesFunInTime_pairMapSnd: []
ROOTS Turing.FinTM.computesFunInTime_splitSolve: []
ROOTS Turing.timed_universal: []
ROOTS Turing.timed_universal_concrete: []
ROOTS Complexity.timed_universal_quantitative: []
ROOTS Complexity.NP_subset_EXP: [Complexity.enumMachine_contracts]
ROOTS Complexity.TMSAT_mem_NP: [Complexity.TMSAT_mem_NP]
LIBRARY CLOSURE AUDIT PASS: all 23 contracts admission-free; the Build tree carries zero admissions; headline and campaign regressions unchanged.
lean exit: 0
