library-fill checkpoint integration: axiom attestation
HEAD: 58636b3a7b1a8c55548802fbae74c038e3c08500
UTC: 2026-10-03T21:18:55Z
ROOTS Turing.capture_run: []
ROOTS Turing.FinTM.redirectTM_computes: []
ROOTS Turing.FinTM.redirectTM_live: []
ROOTS Turing.FinTM.computesFunInTime_cond: []
ROOTS Turing.loop_run: []
ROOTS Turing.FinTM.exists_loopCfgTM: [Turing.FinTM.loopHost_contracts]
ROOTS Turing.FinTM.exists_loopTM: [Turing.FinTM.loopHost_contracts]
ROOTS Turing.FinTM.exists_loopFindTM: [Turing.FinTM.loopHost_contracts]
ROOTS Turing.FinTM.computesFunInTime_prepend: []
ROOTS Turing.FinTM.computesFunInTime_pairEncodeFixed: []
ROOTS Turing.FinTM.computesFunInTime_pairDup: []
ROOTS Turing.FinTM.computesFunInTime_incFixed: []
ROOTS Turing.FinTM.computesFunInTime_pairValid: []
ROOTS Turing.FinTM.computesFunInTime_pairFst: []
ROOTS Turing.FinTM.computesFunInTime_pairSnd: []
ROOTS Turing.FinTM.computesFunInTime_pairConcat: []
ROOTS Turing.FinTM.computesFunInTime_lengthBits: []
ROOTS Turing.FinTM.computesFunInTime_polyUnary: []
ROOTS Turing.FinTM.computesFunInTime_polyBits: []
ROOTS Turing.FinTM.computesFunInTime_pairLenCheck: [Turing.FinTM.computesFunInTime_pairLenCheck]
ROOTS Turing.FinTM.computesFunInTime_stripLast: [Turing.FinTM.computesFunInTime_stripLast]
ROOTS Turing.FinTM.computesFunInTime_pairMapSnd: [Turing.FinTM.computesFunInTime_pairMapSnd]
ROOTS Turing.FinTM.computesFunInTime_splitSolve: [Turing.FinTM.computesFunInTime_splitSolve]
ROOTS Turing.timed_universal: []
ROOTS Turing.timed_universal_concrete: []
ROOTS Complexity.timed_universal_quantitative: []
ROOTS Complexity.NP_subset_EXP: [Complexity.enumMachine_contracts]
ROOTS Complexity.TMSAT_mem_NP: [Complexity.TMSAT_mem_NP]
LIBRARY-FILL CHECKPOINT AUDIT PASS: W complete and clean; P's eleven fills clean with four pending at their own roots; L's combinators rooted solely at loopHost_contracts; headline and campaign regressions unchanged.
lean exit: 0
