WARN  TCSlib/Complexity/TuringMachine/Build/Loop.lean                     2693 lines > 1000: policy requires a split or a recorded justification (escalation/decision log)
WARN  TCSlib/Complexity/TuringMachine/Build/Primitives.lean               4418 lines > 1000: policy requires a split or a recorded justification (escalation/decision log)
WARN  TCSlib/Complexity/TuringMachine/MathlibBridge.lean                  1100 lines > 1000: policy requires a split or a recorded justification (escalation/decision log)
WARN  TCSlib/Complexity/TuringMachine/Robustness/Oblivious.lean           1147 lines > 1000: policy requires a split or a recorded justification (escalation/decision log)
WARN  TCSlib/Complexity/TuringMachine/Robustness/ObliviousCandidate.lean  1127 lines > 1000: policy requires a split or a recorded justification (escalation/decision log)
WARN  TCSlib/Complexity/TuringMachine/Robustness/ObliviousSetup.lean      1102 lines > 1000: policy requires a split or a recorded justification (escalation/decision log)
WARN  TCSlib/Complexity/TuringMachine/Universal.lean                      2901 lines > 1000: policy requires a split or a recorded justification (escalation/decision log)
WARN  TCSlib/Complexity/TuringMachine/UniversalInterpreter.lean           1027 lines > 1000: policy requires a split or a recorded justification (escalation/decision log)
INFO  TCSlib/Complexity/TuringMachine/Build/Convention.lean               122 lines; 6 public / 0 private declarations
INFO  TCSlib/Complexity/TuringMachine/Build/Loop.lean                     2693 lines; 5 public / 95 private declarations
INFO  TCSlib/Complexity/TuringMachine/Build/Primitives.lean               4418 lines; 15 public / 167 private declarations
INFO  TCSlib/Complexity/TuringMachine/Build/Wrappers.lean                 687 lines > target 600
INFO  TCSlib/Complexity/TuringMachine/Build/Wrappers.lean                 687 lines; 7 public / 20 private declarations
INFO  TCSlib/Complexity/TuringMachine/CodeParser.lean                     790 lines > target 600
INFO  TCSlib/Complexity/TuringMachine/CodeParser.lean                     790 lines; 13 public / 49 private declarations
INFO  TCSlib/Complexity/TuringMachine/Composition.lean                    651 lines > target 600
INFO  TCSlib/Complexity/TuringMachine/Composition.lean                    651 lines; 6 public / 11 private declarations
INFO  TCSlib/Complexity/TuringMachine/Configuration.lean                  224 lines; 18 public / 0 private declarations
INFO  TCSlib/Complexity/TuringMachine/Deterministic.lean                  403 lines; 33 public / 0 private declarations
INFO  TCSlib/Complexity/TuringMachine/Encoding.lean                       481 lines; 19 public / 10 private declarations
INFO  TCSlib/Complexity/TuringMachine/Finite.lean                         257 lines; 13 public / 0 private declarations
INFO  TCSlib/Complexity/TuringMachine/MathlibBridge.lean                  1100 lines; 1 public / 73 private declarations
INFO  TCSlib/Complexity/TuringMachine/Nondeterministic.lean               248 lines; 16 public / 0 private declarations
INFO  TCSlib/Complexity/TuringMachine/Oracle.lean                         517 lines; 29 public / 2 private declarations
INFO  TCSlib/Complexity/TuringMachine/Robustness/AlphabetReduction.lean   600 lines; 1 public / 50 private declarations
INFO  TCSlib/Complexity/TuringMachine/Robustness/Bidirectional.lean       464 lines; 2 public / 37 private declarations
INFO  TCSlib/Complexity/TuringMachine/Robustness/Oblivious.lean           1147 lines; 1 public / 37 private declarations
INFO  TCSlib/Complexity/TuringMachine/Robustness/ObliviousCandidate.lean  1127 lines; 47 public / 42 private declarations
INFO  TCSlib/Complexity/TuringMachine/Robustness/ObliviousLedger.lean     219 lines; 4 public / 2 private declarations
INFO  TCSlib/Complexity/TuringMachine/Robustness/ObliviousSchedule.lean   688 lines > target 600
INFO  TCSlib/Complexity/TuringMachine/Robustness/ObliviousSchedule.lean   688 lines; 19 public / 18 private declarations
INFO  TCSlib/Complexity/TuringMachine/Robustness/ObliviousSetup.lean      1102 lines; 8 public / 59 private declarations
INFO  TCSlib/Complexity/TuringMachine/Robustness/SingleTape.lean          981 lines > target 600
INFO  TCSlib/Complexity/TuringMachine/Robustness/SingleTape.lean          981 lines; 2 public / 53 private declarations
INFO  TCSlib/Complexity/TuringMachine/Simulation.lean                     919 lines > target 600
INFO  TCSlib/Complexity/TuringMachine/Simulation.lean                     919 lines; 48 public / 0 private declarations
INFO  TCSlib/Complexity/TuringMachine/StateRenaming.lean                  124 lines; 6 public / 0 private declarations
INFO  TCSlib/Complexity/TuringMachine/Sweep.lean                          392 lines; 22 public / 0 private declarations
INFO  TCSlib/Complexity/TuringMachine/Universal.lean                      2901 lines; 4 public / 130 private declarations
INFO  TCSlib/Complexity/TuringMachine/UniversalBlock.lean                 794 lines > target 600
INFO  TCSlib/Complexity/TuringMachine/UniversalBlock.lean                 794 lines; 6 public / 17 private declarations
INFO  TCSlib/Complexity/TuringMachine/UniversalInterpreter.lean           1027 lines; 37 public / 13 private declarations
INFO  TCSlib/Complexity/TuringMachine/UniversalStartup.lean               591 lines; 10 public / 21 private declarations

style_lint: 0 FAIL, 8 WARN over 28 files
---
WARN  TCSlib/Complexity/ClassNP/TMSAT.lean           1206 lines > 1000: policy requires a split or a recorded justification (escalation/decision log)
INFO  TCSlib/Complexity/ClassNP/CoNP.lean            165 lines; 5 public / 0 private declarations
INFO  TCSlib/Complexity/ClassNP/EXP.lean             882 lines > target 600
INFO  TCSlib/Complexity/ClassNP/EXP.lean             882 lines; 6 public / 40 private declarations
INFO  TCSlib/Complexity/ClassNP/NP.lean              382 lines; 3 public / 18 private declarations
INFO  TCSlib/Complexity/ClassNP/NTIME.lean           222 lines; 7 public / 0 private declarations
INFO  TCSlib/Complexity/ClassNP/Nondeterminism.lean  819 lines > target 600
INFO  TCSlib/Complexity/ClassNP/Nondeterminism.lean  819 lines; 8 public / 32 private declarations
INFO  TCSlib/Complexity/ClassNP/PolyTime.lean        162 lines; 5 public / 1 private declarations
INFO  TCSlib/Complexity/ClassNP/Reductions.lean      477 lines; 10 public / 16 private declarations
INFO  TCSlib/Complexity/ClassNP/SAT.lean             158 lines; 5 public / 0 private declarations
INFO  TCSlib/Complexity/ClassNP/TMSAT.lean           1206 lines; 6 public / 40 private declarations
INFO  TCSlib/Complexity/ClassNP/Tautology.lean       133 lines; 5 public / 0 private declarations

style_lint: 0 FAIL, 1 WARN over 10 files
