FAIL  TCSlib/Complexity/NPReductions/NAESATToColoring.lean                line 119: public def `nae_sat_eg` has no preceding docstring (policy section 2, statement prose)
FAIL  TCSlib/Complexity/NPReductions/NAESATToColoring.lean                line 121: public def `assign_eg` has no preceding docstring (policy section 2, statement prose)
FAIL  TCSlib/Complexity/NPReductions/SATTo3SAT.lean                       module docstring lacks a `## References` section
FAIL  TCSlib/Complexity/NPReductions/SubsetSumToPartition.lean            module docstring lacks a `## References` section
FAIL  TCSlib/Complexity/NPReductions/ThreeSATToClique.lean                module docstring lacks a `## References` section
FAIL  TCSlib/Complexity/NPReductions/ThreeSATToColoring.lean              line 75: public inductive `Literal` has no preceding docstring (policy section 2, statement prose)
FAIL  TCSlib/Complexity/NPReductions/ThreeSATToColoring.lean              line 79: public structure `Clause` has no preceding docstring (policy section 2, statement prose)
FAIL  TCSlib/Complexity/NPReductions/ThreeSATToColoring.lean              line 84: public def `SatisfiesLiteral` has no preceding docstring (policy section 2, statement prose)
FAIL  TCSlib/Complexity/NPReductions/ThreeSATToColoring.lean              line 88: public def `SatisfiesClause` has no preceding docstring (policy section 2, statement prose)
FAIL  TCSlib/Complexity/NPReductions/ThreeSATToColoring.lean              line 91: public abbrev `Sat3` has no preceding docstring (policy section 2, statement prose)
FAIL  TCSlib/Complexity/NPReductions/ThreeSATToColoring.lean              line 93: public def `SatisfiesSat3` has no preceding docstring (policy section 2, statement prose)
FAIL  TCSlib/Complexity/NPReductions/ThreeSATToColoring.lean              line 96: public def `IsSatisfiable` has no preceding docstring (policy section 2, statement prose)
FAIL  TCSlib/Complexity/NPReductions/ThreeSATToColoring.lean              line 102: public def `sat3_inst` has no preceding docstring (policy section 2, statement prose)
FAIL  TCSlib/Complexity/NPReductions/ThreeSATToColoring.lean              line 108: public def `ex_assign_1` has no preceding docstring (policy section 2, statement prose)
WARN  TCSlib/Complexity/ClassNP/EXP.lean                                  2887 lines > 1000: policy requires a split or a recorded justification (escalation/decision log)
WARN  TCSlib/Complexity/ClassNP/Nondeterminism.lean                       2627 lines > 1000: policy requires a split or a recorded justification (escalation/decision log)
WARN  TCSlib/Complexity/ClassNP/TMSAT.lean                                1908 lines > 1000: policy requires a split or a recorded justification (escalation/decision log)
WARN  TCSlib/Complexity/TuringMachine/Build/Loop.lean                     2698 lines > 1000: policy requires a split or a recorded justification (escalation/decision log)
WARN  TCSlib/Complexity/TuringMachine/Build/Primitives.lean               4418 lines > 1000: policy requires a split or a recorded justification (escalation/decision log)
WARN  TCSlib/Complexity/TuringMachine/MathlibBridge.lean                  1100 lines > 1000: policy requires a split or a recorded justification (escalation/decision log)
WARN  TCSlib/Complexity/TuringMachine/Robustness/Oblivious.lean           1147 lines > 1000: policy requires a split or a recorded justification (escalation/decision log)
WARN  TCSlib/Complexity/TuringMachine/Robustness/ObliviousCandidate.lean  1127 lines > 1000: policy requires a split or a recorded justification (escalation/decision log)
WARN  TCSlib/Complexity/TuringMachine/Robustness/ObliviousSetup.lean      1102 lines > 1000: policy requires a split or a recorded justification (escalation/decision log)
WARN  TCSlib/Complexity/TuringMachine/Universal.lean                      2901 lines > 1000: policy requires a split or a recorded justification (escalation/decision log)
WARN  TCSlib/Complexity/TuringMachine/UniversalInterpreter.lean           1027 lines > 1000: policy requires a split or a recorded justification (escalation/decision log)
INFO  TCSlib/Complexity/CircuitComplexity/Basic.lean                      691 lines > target 600
INFO  TCSlib/Complexity/CircuitComplexity/Basic.lean                      691 lines; 61 public / 5 private declarations
INFO  TCSlib/Complexity/CircuitComplexity/CircuitSat.lean                 413 lines; 20 public / 0 private declarations
INFO  TCSlib/Complexity/CircuitComplexity/Encoding.lean                   442 lines; 25 public / 3 private declarations
INFO  TCSlib/Complexity/CircuitComplexity/FeedForward.lean                356 lines; 21 public / 1 private declarations
INFO  TCSlib/Complexity/CircuitComplexity/Formulas.lean                   92 lines; 12 public / 0 private declarations
INFO  TCSlib/Complexity/CircuitComplexity/HardFunctions.lean              281 lines; 5 public / 5 private declarations
INFO  TCSlib/Complexity/CircuitComplexity/Hierarchy.lean                  327 lines; 24 public / 1 private declarations
INFO  TCSlib/Complexity/CircuitComplexity/NCAC.lean                       532 lines; 25 public / 22 private declarations
INFO  TCSlib/Complexity/CircuitComplexity/PPoly.lean                      153 lines; 11 public / 0 private declarations
INFO  TCSlib/Complexity/CircuitComplexity/Parity.lean                     405 lines; 10 public / 29 private declarations
INFO  TCSlib/Complexity/CircuitComplexity/SizeClasses.lean                162 lines; 17 public / 2 private declarations
INFO  TCSlib/Complexity/CircuitComplexity/UHalt.lean                      104 lines; 7 public / 0 private declarations
INFO  TCSlib/Complexity/CircuitComplexity/UnaryLanguages.lean             226 lines; 22 public / 1 private declarations
INFO  TCSlib/Complexity/CircuitComplexity/Universal.lean                  177 lines; 11 public / 2 private declarations
INFO  TCSlib/Complexity/CircuitComplexity.lean                            82 lines; 0 public / 0 private declarations
INFO  TCSlib/Complexity/ClassNP/CoNP.lean                                 165 lines; 5 public / 0 private declarations
INFO  TCSlib/Complexity/ClassNP/EXP.lean                                  2887 lines; 6 public / 135 private declarations
INFO  TCSlib/Complexity/ClassNP/NP.lean                                   679 lines > target 600
INFO  TCSlib/Complexity/ClassNP/NP.lean                                   679 lines; 3 public / 38 private declarations
INFO  TCSlib/Complexity/ClassNP/NTIME.lean                                222 lines; 7 public / 0 private declarations
INFO  TCSlib/Complexity/ClassNP/Nondeterminism.lean                       2627 lines; 8 public / 110 private declarations
INFO  TCSlib/Complexity/ClassNP/PolyTime.lean                             162 lines; 5 public / 1 private declarations
INFO  TCSlib/Complexity/ClassNP/Reductions.lean                           477 lines; 10 public / 16 private declarations
INFO  TCSlib/Complexity/ClassNP/SAT.lean                                  158 lines; 5 public / 0 private declarations
INFO  TCSlib/Complexity/ClassNP/TMSAT.lean                                1908 lines; 6 public / 86 private declarations
INFO  TCSlib/Complexity/ClassNP/Tautology.lean                            133 lines; 5 public / 0 private declarations
INFO  TCSlib/Complexity/ClassNP.lean                                      48 lines; 0 public / 0 private declarations
INFO  TCSlib/Complexity/ClassP/DTIME.lean                                 117 lines; 4 public / 0 private declarations
INFO  TCSlib/Complexity/ClassP/Examples.lean                              362 lines; 3 public / 15 private declarations
INFO  TCSlib/Complexity/ClassP/ModelInvariance.lean                       133 lines; 4 public / 0 private declarations
INFO  TCSlib/Complexity/ClassP/P.lean                                     129 lines; 6 public / 0 private declarations
INFO  TCSlib/Complexity/ClassP/TimeConstructible.lean                     457 lines; 2 public / 20 private declarations
INFO  TCSlib/Complexity/ClassP.lean                                       28 lines; 0 public / 0 private declarations
INFO  TCSlib/Complexity/CookLevin/Hardness.lean                           237 lines; 5 public / 0 private declarations
INFO  TCSlib/Complexity/CookLevin/Snapshot.lean                           252 lines; 14 public / 0 private declarations
INFO  TCSlib/Complexity/CookLevin.lean                                    23 lines; 0 public / 0 private declarations
INFO  TCSlib/Complexity/Formulas/CNF.lean                                 259 lines; 5 public / 8 private declarations
INFO  TCSlib/Complexity/Formulas/CNFEncoding.lean                         475 lines; 13 public / 9 private declarations
INFO  TCSlib/Complexity/Formulas/DNF.lean                                 118 lines; 5 public / 0 private declarations
INFO  TCSlib/Complexity/Formulas.lean                                     26 lines; 0 public / 0 private declarations
INFO  TCSlib/Complexity/NPReductions/NAESATToColoring.lean                388 lines; 14 public / 2 private declarations
INFO  TCSlib/Complexity/NPReductions/SATTo3SAT.lean                       884 lines > target 600
INFO  TCSlib/Complexity/NPReductions/SATTo3SAT.lean                       884 lines; 37 public / 4 private declarations
INFO  TCSlib/Complexity/NPReductions/SubsetSumToPartition.lean            192 lines; 6 public / 0 private declarations
INFO  TCSlib/Complexity/NPReductions/ThreeSATToClique.lean                342 lines; 26 public / 0 private declarations
INFO  TCSlib/Complexity/NPReductions/ThreeSATToColoring.lean              405 lines; 16 public / 3 private declarations
INFO  TCSlib/Complexity/NPReductions.lean                                 26 lines; 0 public / 0 private declarations
INFO  TCSlib/Complexity/TuringMachine/Build/Convention.lean               122 lines; 6 public / 0 private declarations
INFO  TCSlib/Complexity/TuringMachine/Build/Loop.lean                     2698 lines; 5 public / 95 private declarations
INFO  TCSlib/Complexity/TuringMachine/Build/Primitives.lean               4418 lines; 15 public / 167 private declarations
INFO  TCSlib/Complexity/TuringMachine/Build/Wrappers.lean                 687 lines > target 600
INFO  TCSlib/Complexity/TuringMachine/Build/Wrappers.lean                 687 lines; 7 public / 20 private declarations
INFO  TCSlib/Complexity/TuringMachine/CodeParser.lean                     790 lines > target 600
INFO  TCSlib/Complexity/TuringMachine/CodeParser.lean                     790 lines; 13 public / 49 private declarations
INFO  TCSlib/Complexity/TuringMachine/Composition.lean                    651 lines > target 600
INFO  TCSlib/Complexity/TuringMachine/Composition.lean                    651 lines; 6 public / 11 private declarations
INFO  TCSlib/Complexity/TuringMachine/Configuration.lean                  224 lines; 18 public / 0 private declarations
INFO  TCSlib/Complexity/TuringMachine/Deterministic.lean                  403 lines; 33 public / 0 private declarations
INFO  TCSlib/Complexity/TuringMachine/Encoding.lean                       481 lines; 19 public / 10 private declarations
INFO  TCSlib/Complexity/TuringMachine/Finite.lean                         257 lines; 13 public / 0 private declarations
INFO  TCSlib/Complexity/TuringMachine/MathlibBridge.lean                  1100 lines; 1 public / 73 private declarations
INFO  TCSlib/Complexity/TuringMachine/Nondeterministic.lean               248 lines; 16 public / 0 private declarations
INFO  TCSlib/Complexity/TuringMachine/Oracle.lean                         517 lines; 29 public / 2 private declarations
INFO  TCSlib/Complexity/TuringMachine/Robustness/AlphabetReduction.lean   600 lines; 1 public / 50 private declarations
INFO  TCSlib/Complexity/TuringMachine/Robustness/Bidirectional.lean       464 lines; 2 public / 37 private declarations
INFO  TCSlib/Complexity/TuringMachine/Robustness/Oblivious.lean           1147 lines; 1 public / 37 private declarations
INFO  TCSlib/Complexity/TuringMachine/Robustness/ObliviousCandidate.lean  1127 lines; 47 public / 42 private declarations
INFO  TCSlib/Complexity/TuringMachine/Robustness/ObliviousLedger.lean     219 lines; 4 public / 2 private declarations
INFO  TCSlib/Complexity/TuringMachine/Robustness/ObliviousSchedule.lean   688 lines > target 600
INFO  TCSlib/Complexity/TuringMachine/Robustness/ObliviousSchedule.lean   688 lines; 19 public / 18 private declarations
INFO  TCSlib/Complexity/TuringMachine/Robustness/ObliviousSetup.lean      1102 lines; 8 public / 59 private declarations
INFO  TCSlib/Complexity/TuringMachine/Robustness/SingleTape.lean          981 lines > target 600
INFO  TCSlib/Complexity/TuringMachine/Robustness/SingleTape.lean          981 lines; 2 public / 53 private declarations
INFO  TCSlib/Complexity/TuringMachine/Simulation.lean                     919 lines > target 600
INFO  TCSlib/Complexity/TuringMachine/Simulation.lean                     919 lines; 48 public / 0 private declarations
INFO  TCSlib/Complexity/TuringMachine/StateRenaming.lean                  124 lines; 6 public / 0 private declarations
INFO  TCSlib/Complexity/TuringMachine/Sweep.lean                          392 lines; 22 public / 0 private declarations
INFO  TCSlib/Complexity/TuringMachine/Universal.lean                      2901 lines; 4 public / 130 private declarations
INFO  TCSlib/Complexity/TuringMachine/UniversalBlock.lean                 794 lines > target 600
INFO  TCSlib/Complexity/TuringMachine/UniversalBlock.lean                 794 lines; 6 public / 17 private declarations
INFO  TCSlib/Complexity/TuringMachine/UniversalInterpreter.lean           1027 lines; 37 public / 13 private declarations
INFO  TCSlib/Complexity/TuringMachine/UniversalStartup.lean               591 lines; 10 public / 21 private declarations
INFO  TCSlib/Complexity/TuringMachine.lean                                88 lines; 0 public / 0 private declarations
INFO  TCSlib/Complexity/Uncomputability/Computable.lean                   88 lines; 2 public / 0 private declarations
INFO  TCSlib/Complexity/Uncomputability/Diagonalization.lean              119 lines; 4 public / 0 private declarations
INFO  TCSlib/Complexity/Uncomputability/Halting.lean                      198 lines; 5 public / 0 private declarations
INFO  TCSlib/Complexity/Uncomputability.lean                              26 lines; 0 public / 0 private declarations

style_lint: 14 FAIL, 11 WARN over 78 files
WARN  TCSlib/Complexity/ClassNP/EXP.lean             2887 lines > 1000: policy requires a split or a recorded justification (escalation/decision log)
WARN  TCSlib/Complexity/ClassNP/Nondeterminism.lean  2627 lines > 1000: policy requires a split or a recorded justification (escalation/decision log)
WARN  TCSlib/Complexity/ClassNP/TMSAT.lean           1908 lines > 1000: policy requires a split or a recorded justification (escalation/decision log)
INFO  TCSlib/Complexity/ClassNP/CoNP.lean            165 lines; 5 public / 0 private declarations
INFO  TCSlib/Complexity/ClassNP/EXP.lean             2887 lines; 6 public / 135 private declarations
INFO  TCSlib/Complexity/ClassNP/NP.lean              679 lines > target 600
INFO  TCSlib/Complexity/ClassNP/NP.lean              679 lines; 3 public / 38 private declarations
INFO  TCSlib/Complexity/ClassNP/NTIME.lean           222 lines; 7 public / 0 private declarations
INFO  TCSlib/Complexity/ClassNP/Nondeterminism.lean  2627 lines; 8 public / 110 private declarations
INFO  TCSlib/Complexity/ClassNP/PolyTime.lean        162 lines; 5 public / 1 private declarations
INFO  TCSlib/Complexity/ClassNP/Reductions.lean      477 lines; 10 public / 16 private declarations
INFO  TCSlib/Complexity/ClassNP/SAT.lean             158 lines; 5 public / 0 private declarations
INFO  TCSlib/Complexity/ClassNP/TMSAT.lean           1908 lines; 6 public / 86 private declarations
INFO  TCSlib/Complexity/ClassNP/Tautology.lean       133 lines; 5 public / 0 private declarations

style_lint: 0 FAIL, 3 WARN over 10 files
