PASS 5: all 65 order modules are in the import closure.
TARGET Complexity.ntime_expPow_subset_NEXP: roots []
TARGET Complexity.NEXP_eq_iUnion_NTIME: roots []
TARGET Complexity.NEXP_subset_iUnion_NTIME: roots []
TARGET Complexity.EXP_eq_NEXP_of_P_eq_NP: roots []
TARGET Complexity.P_ne_NP_of_EXP_ne_NEXP: roots []
TARGET Complexity.EXP_subset_NEXP: roots []
TARGET Complexity.SAT_mem_NP: roots []
TARGET Complexity.SAT3_mem_NP: roots []
TARGET Complexity.SAT_reducible_SAT3: roots []
TARGET Complexity.snapshotAt_zero: roots []
TARGET Complexity.snapshotAt_state_succ: roots []
TARGET Complexity.snapshotAt_inputSymbol: roots []
TARGET Complexity.snapshotAt_workSymbol: roots []
TARGET Complexity.oblivious_schedule_eq: roots []
TARGET Complexity.TAUTOLOGY_mem_coNP: roots []
TARGET Complexity.NPHard.polyTimeReducible: roots []
TARGET Complexity.SAT_NPHard: roots []
TARGET Complexity.SAT_NPComplete: roots []
TARGET Complexity.SAT3_NPHard: roots []
TARGET Complexity.SAT3_NPComplete: roots []
TARGET Complexity.TAUTOLOGY_coNPComplete: roots []
PASS 1: all 21 frozen targets have empty roots and axioms within the permitted triple.
PASS 2/3 TCSlib.Complexity.ClassNP.Nondeterminism: 820 checked declarations, all closures within the permitted triple, kernel surface = the source publics.
PASS 2/3 TCSlib.Complexity.ClassNP.EXP: 490 checked declarations, all closures within the permitted triple, kernel surface = the source publics.
PASS 2/3 TCSlib.Complexity.ClassNP.SAT: 786 checked declarations, all closures within the permitted triple, kernel surface = the source publics.
PASS 2/3 TCSlib.Complexity.CookLevin.Snapshot: 41 checked declarations, all closures within the permitted triple, kernel surface = the source publics.
PASS 2/3 TCSlib.Complexity.ClassNP.Tautology: 439 checked declarations, all closures within the permitted triple, kernel surface = the source publics.
PASS 2/3 TCSlib.Complexity.CookLevin.Hardness: 1550 checked declarations, all closures within the permitted triple, kernel surface = the source publics.
PASS 3 EXCEPTIONS (disclosed, itemized): [Turing.NDTM.runWith.eq_def,
 Turing.NDTM.runWith.eq_1,
 Turing.NDTM.runWith.eq_2,
 Turing.NDTM.stepWith.eq_1,
 Turing.solveSplitWith.eq_1,
 Std.Sat.CNF.WidthAtMost.eq_1,
 Std.Sat.CNF.numVars.eq_1,
 Std.Sat.CNF.fallback.eq_1,
 Complexity.instDecidableEqSatStreamState,
 Complexity.instDecidableEqSatStreamState.decEq,
 Complexity.instDecidableEqSatStreamState.decEq.match_1]
PASS 4: 11510 checked TCSlib declarations in the import closure; every transitive closure is within propext/Classical.choice/Quot.sound (sorryAx and any other axiom would fail this run).
R2 CLOSURE AUDIT PASS: finding-1 resolutions discharged on the final snapshot.
