B2 integration: epoch-2 closure axiom attestation
HEAD: 1514fd6b19b9ead81bbc556e9f6b5a816009cec4
UTC: 2026-10-05T04:17:53Z
ROOTS Complexity.NP_subset_EXP: []
ROOTS Complexity.HALT_NPHard: []
ROOTS Complexity.HALT_not_mem_NP: []
ROOTS Complexity.ntime_poly_subset_NP: []
ROOTS Complexity.NP_subset_iUnion_NTIME: []
ROOTS Complexity.NP_eq_iUnion_NTIME: []
ROOTS Complexity.mem_NP_iff_exists_length_le: []
ROOTS Complexity.timeConstructible_poly: []
ROOTS Complexity.timed_universal_quantitative: []
ROOTS Complexity.TMSAT_mem_NP: []
ROOTS Complexity.TMSAT_NPHard: []
ROOTS Complexity.TMSAT_NPComplete: []
ROOTS Turing.timed_universal: []
ROOTS Turing.timed_universal_concrete: []
ROOTS Turing.FinTM.exists_loopCfgTM: []
ROOTS Turing.FinTM.computesFunInTime_splitSolve: []
ROOTS Turing.capture_run: []
ROOTS Complexity.EXP_subset_NEXP: [Complexity.EXP_subset_NEXP]
B2 CLOSURE AUDIT PASS: all ten epoch-2 targets admission-free; Chapter-1 and library regressions unchanged; E3 statement layer at its own roots.
lean exit: 0
