'Complexity.polyTimeComputable_id' depends on axioms: [propext, Classical.choice, Quot.sound]
'Complexity.PolyTimeComputable.output_length_le' depends on axioms: [propext, Classical.choice, Quot.sound]
'Complexity.PolyTimeComputable.comp' depends on axioms: [propext, Classical.choice, Quot.sound]
'Complexity.PolyTimeReducible.refl' depends on axioms: [propext, Classical.choice, Quot.sound]
'Complexity.PolyTimeReducible.trans' depends on axioms: [propext, Classical.choice, Quot.sound]
'Complexity.mem_P_of_polyTimeReducible' depends on axioms: [propext, Classical.choice, Quot.sound]
'Complexity.P_eq_NP_of_NPHard_mem_P' depends on axioms: [propext, Classical.choice, Quot.sound]
'Complexity.NPComplete.mem_P_iff' depends on axioms: [propext, Classical.choice, Quot.sound]
'Turing.MultiTapeTM.toNDTM_runWith' depends on axioms: [propext, Quot.sound]
'Turing.NDTM.HaltsWithin.mono' depends on axioms: [propext, Quot.sound]
'Turing.FinNDTM.AcceptsWithin.mono' depends on axioms: [propext, Quot.sound]
'Complexity.NTIME.mono' depends on axioms: [propext, Quot.sound]
'Complexity.DTIME_subset_NTIME' depends on axioms: [propext, Classical.choice, Quot.sound]
'Complexity.NTIME_eq_empty_of_exists_zero' depends on axioms: [propext, Quot.sound]
'Complexity.P_subset_NP' depends on axioms: [propext, Classical.choice, Quot.sound]
'Complexity.compl_mem_P' depends on axioms: [propext, Classical.choice, Quot.sound]
'Complexity.mem_coNP_iff_forall' depends on axioms: [propext, Classical.choice, Quot.sound]
'Complexity.P_subset_NP_inter_coNP' depends on axioms: [propext, Classical.choice, Quot.sound]
'Complexity.NP_eq_coNP_of_P_eq_NP' depends on axioms: [propext, Classical.choice, Quot.sound]
'Complexity.P_subset_EXP' depends on axioms: [propext, Classical.choice, Quot.sound]
'Complexity.eval_congr_of_lt_numVars' depends on axioms: [propext, Quot.sound]
'Complexity.exists_cnf_boolFun' depends on axioms: [propext, Classical.choice, Quot.sound]
'Std.Sat.CNF.parse_serialize' depends on axioms: [propext, Quot.sound]
'Std.Sat.CNF.decode_serialize' depends on axioms: [propext, Quot.sound]
'Std.Sat.CNF.numVars_decode_le' depends on axioms: [propext, Quot.sound]
'Std.Sat.CNF.evalDNF_dual' does not depend on any axioms
'Std.Sat.CNF.dnfTautology_dual_iff' depends on axioms: [propext, Quot.sound]
