E3 integration: axiom attestation
HEAD: 22f110b92bd969451aa1d4f10f9809bea4b8a566
UTC: 2026-10-05T15:42:30Z
ROOTS Complexity.oblivious_schedule_eq: []
ROOTS Complexity.snapshotAt_zero: []
ROOTS Complexity.snapshotAt_state_succ: []
ROOTS Complexity.snapshotAt_inputSymbol: []
ROOTS Complexity.snapshotAt_workSymbol: []
ROOTS Complexity.SAT_mem_NP: []
ROOTS Complexity.SAT3_mem_NP: []
ROOTS Complexity.TAUTOLOGY_mem_coNP: []
ROOTS Complexity.SAT_reducible_SAT3: [Complexity.SAT_reducible_SAT3]
ROOTS Complexity.ntime_expPow_subset_NEXP: [Complexity.ntime_expPow_subset_NEXP]
ROOTS Complexity.NEXP_subset_iUnion_NTIME: [Complexity.NEXP_subset_iUnion_NTIME]
ROOTS Complexity.NEXP_eq_iUnion_NTIME: [Complexity.NEXP_eq_iUnion_NTIME]
ROOTS Complexity.EXP_eq_NEXP_of_P_eq_NP: [Complexity.EXP_eq_NEXP_of_P_eq_NP]
ROOTS Complexity.P_ne_NP_of_EXP_ne_NEXP: [Complexity.P_ne_NP_of_EXP_ne_NEXP]
ROOTS Complexity.EXP_subset_NEXP: [Complexity.EXP_subset_NEXP]
ROOTS Complexity.TAUTOLOGY_coNPComplete: [Complexity.TAUTOLOGY_coNPComplete]
ROOTS Complexity.SAT_NPHard: [Complexity.SAT_NPHard]
ROOTS Complexity.NP_subset_iUnion_NTIME: []
ROOTS Complexity.NP_eq_iUnion_NTIME: []
ROOTS Complexity.ntime_poly_subset_NP: []
ROOTS Complexity.NP_subset_EXP: []
ROOTS Complexity.TMSAT_NPComplete: []
ROOTS Complexity.mem_NP_iff_exists_length_le: []
ROOTS Turing.timed_universal_concrete: []
ROOTS Turing.FinTM.exists_loopCfgTM: []
ROOTS Turing.FinTM.exists_loopFindTM: []
ROOTS Turing.FinTM.computesFunInTime_splitSolve: []
ROOTS Turing.capture_run: []
ROOTS Turing.MultiTapeTM.timed_input_bound: []
ROOTS Turing.FinTM.timed_rewind: []
E3 INTEGRATION AUDIT PASS: eight new closures admission-free; the seven E3 frontiers and the E4 layer at their own roots; epoch-2 and library regressions unchanged.
lean exit: 0
