E2 continuation integration: axiom attestation
HEAD: 9f748601adc1a1f512b5c07668013c5f8ec0f07a
UTC: 2026-10-05T02:53:18Z
ROOTS Complexity.NP_subset_EXP: []
ROOTS Complexity.HALT_NPHard: []
ROOTS Complexity.HALT_not_mem_NP: []
ROOTS Complexity.ntime_poly_subset_NP: []
ROOTS Complexity.NP_subset_iUnion_NTIME: [Complexity.NP_subset_iUnion_NTIME]
ROOTS Complexity.NP_eq_iUnion_NTIME: [Complexity.NP_eq_iUnion_NTIME]
ROOTS Complexity.mem_NP_iff_exists_length_le: []
ROOTS Complexity.timeConstructible_poly: []
ROOTS Complexity.timed_universal_quantitative: []
ROOTS Complexity.TMSAT_mem_NP: []
ROOTS Complexity.TMSAT_NPHard: []
ROOTS Complexity.TMSAT_NPComplete: []
ROOTS Turing.timed_universal: []
ROOTS Turing.timed_universal_concrete: []
ROOTS Turing.FinTM.exists_loopCfgTM: []
ROOTS Turing.FinTM.computesFunInTime_splitSolve: []
ROOTS Turing.capture_run: []
ROOTS Complexity.EXP_subset_NEXP: [Complexity.EXP_subset_NEXP]
E2 CONTINUATION AUDIT PASS: nine of ten epoch-2 targets admission-free; the reverse compilation pair at its own roots; Chapter-1 and library regressions unchanged.
lean exit: 0
