P3.2_R2 GATE SWEEP at commit 9a92fa1aeb377d568972e42229979cf81562ba41 (9a92fa1a), branch complexity/arora-barak-ch3-4, started 2026-10-08 23:41:03
== TCSlib/Complexity/TuringMachine/OracleAgreement
TCSlib/Complexity/TuringMachine/OracleAgreement.lean:109:8: warning: declaration uses 'sorry'
TCSlib/Complexity/TuringMachine/OracleAgreement.lean:132:8: warning: declaration uses 'sorry'
TCSlib/Complexity/TuringMachine/OracleAgreement.lean:146:8: warning: declaration uses 'sorry'
TCSlib/Complexity/TuringMachine/OracleAgreement.lean:158:8: warning: declaration uses 'sorry'
TCSlib/Complexity/TuringMachine/OracleAgreement.lean:199:8: warning: declaration uses 'sorry'
TCSlib/Complexity/TuringMachine/OracleAgreement.lean:217:8: warning: declaration uses 'sorry'
TCSlib/Complexity/TuringMachine/OracleAgreement.lean:240:8: warning: declaration uses 'sorry'
== TCSlib/Complexity/Diagonalization/EXPCOM
TCSlib/Complexity/Diagonalization/EXPCOM.lean:135:8: warning: declaration uses 'sorry'
TCSlib/Complexity/Diagonalization/EXPCOM.lean:191:8: warning: declaration uses 'sorry'
TCSlib/Complexity/Diagonalization/EXPCOM.lean:244:8: warning: declaration uses 'sorry'
TCSlib/Complexity/Diagonalization/EXPCOM.lean:252:8: warning: declaration uses 'sorry'
TCSlib/Complexity/Diagonalization/EXPCOM.lean:260:8: warning: declaration uses 'sorry'
TCSlib/Complexity/Diagonalization/EXPCOM.lean:269:8: warning: declaration uses 'sorry'
== TCSlib/Complexity/Diagonalization/Relativization
TCSlib/Complexity/Diagonalization/Relativization.lean:110:8: warning: declaration uses 'sorry'
TCSlib/Complexity/Diagonalization/Relativization.lean:153:8: warning: declaration uses 'sorry'
TCSlib/Complexity/Diagonalization/Relativization.lean:214:8: warning: declaration uses 'sorry'
TCSlib/Complexity/Diagonalization/Relativization.lean:227:8: warning: declaration uses 'sorry'
== TCSlib/Complexity/Diagonalization/NotTimeConstructible
TCSlib/Complexity/Diagonalization/NotTimeConstructible.lean:89:8: warning: declaration uses 'sorry'
== TCSlib/Complexity/Diagonalization
P3.2_R2_SWEEP_DONE
