P3.2 GATE SWEEP at commit 7fbac9bdff79aee148b916e077ad93b6ce4693f9 (7fbac9bd), branch complexity/arora-barak-ch3-4, started 2026-10-08 15:28:16
== TCSlib/Complexity/TuringMachine/OracleAgreement
TCSlib/Complexity/TuringMachine/OracleAgreement.lean:109:8: warning: declaration uses 'sorry'
TCSlib/Complexity/TuringMachine/OracleAgreement.lean:132:8: warning: declaration uses 'sorry'
TCSlib/Complexity/TuringMachine/OracleAgreement.lean:146:8: warning: declaration uses 'sorry'
TCSlib/Complexity/TuringMachine/OracleAgreement.lean:158:8: warning: declaration uses 'sorry'
TCSlib/Complexity/TuringMachine/OracleAgreement.lean:199:8: warning: declaration uses 'sorry'
TCSlib/Complexity/TuringMachine/OracleAgreement.lean:217:8: warning: declaration uses 'sorry'
TCSlib/Complexity/TuringMachine/OracleAgreement.lean:240:8: warning: declaration uses 'sorry'
== TCSlib/Complexity/Diagonalization/EXPCOM
TCSlib/Complexity/Diagonalization/EXPCOM.lean:111:8: warning: declaration uses 'sorry'
TCSlib/Complexity/Diagonalization/EXPCOM.lean:162:8: warning: declaration uses 'sorry'
TCSlib/Complexity/Diagonalization/EXPCOM.lean:170:8: warning: declaration uses 'sorry'
TCSlib/Complexity/Diagonalization/EXPCOM.lean:178:8: warning: declaration uses 'sorry'
TCSlib/Complexity/Diagonalization/EXPCOM.lean:187:8: warning: declaration uses 'sorry'
== TCSlib/Complexity/Diagonalization/Relativization
TCSlib/Complexity/Diagonalization/Relativization.lean:110:8: warning: declaration uses 'sorry'
TCSlib/Complexity/Diagonalization/Relativization.lean:148:8: warning: declaration uses 'sorry'
TCSlib/Complexity/Diagonalization/Relativization.lean:209:8: warning: declaration uses 'sorry'
TCSlib/Complexity/Diagonalization/Relativization.lean:222:8: warning: declaration uses 'sorry'
== TCSlib/Complexity/Diagonalization/NotTimeConstructible
TCSlib/Complexity/Diagonalization/NotTimeConstructible.lean:89:8: warning: declaration uses 'sorry'
== TCSlib/Complexity/Diagonalization
P32_SWEEP_DONE
