INFO  TCSlib/Complexity/ClassOracle/Classes.lean    184 lines; 10 public / 0 private declarations
INFO  TCSlib/Complexity/ClassOracle/SATOracle.lean  68 lines; 3 public / 0 private declarations

style_lint: 0 FAIL, 0 WARN over 2 files
INFO  TCSlib/Complexity/SpaceComplexity/Basic.lean                161 lines; 10 public / 0 private declarations
INFO  TCSlib/Complexity/SpaceComplexity/ConfigCount.lean          460 lines; 19 public / 0 private declarations
INFO  TCSlib/Complexity/SpaceComplexity/Constructible.lean        82 lines; 3 public / 0 private declarations
INFO  TCSlib/Complexity/SpaceComplexity/CounterProgSim.lean       495 lines; 25 public / 0 private declarations
INFO  TCSlib/Complexity/SpaceComplexity/CounterProgSimRun.lean    246 lines; 6 public / 0 private declarations
INFO  TCSlib/Complexity/SpaceComplexity/Examples.lean             63 lines; 2 public / 0 private declarations
INFO  TCSlib/Complexity/SpaceComplexity/ImplicitPoly.lean         416 lines; 16 public / 0 private declarations
INFO  TCSlib/Complexity/SpaceComplexity/Inclusions.lean           96 lines; 4 public / 0 private declarations
INFO  TCSlib/Complexity/SpaceComplexity/Machines/ARM.lean         307 lines; 20 public / 0 private declarations
INFO  TCSlib/Complexity/SpaceComplexity/Machines/ARMKit.lean      93 lines; 5 public / 0 private declarations
INFO  TCSlib/Complexity/SpaceComplexity/Machines/ARMProof.lean    333 lines; 19 public / 0 private declarations
INFO  TCSlib/Complexity/SpaceComplexity/Machines/ARMRun.lean      285 lines; 9 public / 0 private declarations
INFO  TCSlib/Complexity/SpaceComplexity/Machines/ARMSim.lean      551 lines; 30 public / 0 private declarations
INFO  TCSlib/Complexity/SpaceComplexity/Machines/Bank.lean        226 lines; 14 public / 0 private declarations
INFO  TCSlib/Complexity/SpaceComplexity/Machines/Bin.lean         176 lines; 12 public / 0 private declarations
INFO  TCSlib/Complexity/SpaceComplexity/Machines/Call.lean        360 lines; 6 public / 0 private declarations
INFO  TCSlib/Complexity/SpaceComplexity/Machines/CallReturn.lean  495 lines; 13 public / 0 private declarations
INFO  TCSlib/Complexity/SpaceComplexity/Machines/Clean.lean       438 lines; 15 public / 0 private declarations
INFO  TCSlib/Complexity/SpaceComplexity/Machines/CleanSweep.lean  508 lines; 22 public / 0 private declarations
INFO  TCSlib/Complexity/SpaceComplexity/Machines/Compile.lean     266 lines; 11 public / 0 private declarations
INFO  TCSlib/Complexity/SpaceComplexity/Machines/DblLang.lean     358 lines; 20 public / 0 private declarations
INFO  TCSlib/Complexity/SpaceComplexity/Machines/Frag.lean        455 lines; 15 public / 0 private declarations
INFO  TCSlib/Complexity/SpaceComplexity/Machines/FragDec.lean     479 lines; 21 public / 0 private declarations
INFO  TCSlib/Complexity/SpaceComplexity/Machines/Layout.lean      423 lines; 29 public / 0 private declarations
INFO  TCSlib/Complexity/SpaceComplexity/Machines/Lib.lean         333 lines; 16 public / 0 private declarations
INFO  TCSlib/Complexity/SpaceComplexity/Machines/Parse.lean       376 lines; 9 public / 0 private declarations
INFO  TCSlib/Complexity/SpaceComplexity/Machines/Parse2.lean      662 lines > target 600
INFO  TCSlib/Complexity/SpaceComplexity/Machines/Parse2.lean      662 lines; 24 public / 0 private declarations
INFO  TCSlib/Complexity/SpaceComplexity/Machines/ParseCmp.lean    445 lines; 14 public / 0 private declarations
INFO  TCSlib/Complexity/SpaceComplexity/Machines/ParsePlain.lean  571 lines; 28 public / 0 private declarations
INFO  TCSlib/Complexity/SpaceComplexity/Machines/Program.lean     347 lines; 25 public / 0 private declarations
INFO  TCSlib/Complexity/SpaceComplexity/Machines/Sim.lean         564 lines; 25 public / 0 private declarations
INFO  TCSlib/Complexity/SpaceComplexity/NSPACE.lean               114 lines; 4 public / 0 private declarations
INFO  TCSlib/Complexity/SpaceComplexity/SpaceClasses.lean         86 lines; 7 public / 0 private declarations
INFO  TCSlib/Complexity/SpaceComplexity/UnaryLogspace.lean        319 lines; 26 public / 0 private declarations
INFO  TCSlib/Complexity/SpaceComplexity/ZeroSpace.lean            217 lines; 11 public / 0 private declarations

style_lint: 0 FAIL, 0 WARN over 35 files
WARN  TCSlib/Complexity/TuringMachine/Build/Loop.lean                     5713 lines > 1000: policy requires a split or a recorded justification (escalation/decision log)
WARN  TCSlib/Complexity/TuringMachine/Build/Primitives.lean               7636 lines > 1000: policy requires a split or a recorded justification (escalation/decision log)
WARN  TCSlib/Complexity/TuringMachine/MathlibBridge.lean                  1109 lines > 1000: policy requires a split or a recorded justification (escalation/decision log)
WARN  TCSlib/Complexity/TuringMachine/Robustness/Oblivious.lean           1147 lines > 1000: policy requires a split or a recorded justification (escalation/decision log)
WARN  TCSlib/Complexity/TuringMachine/Robustness/ObliviousCandidate.lean  1127 lines > 1000: policy requires a split or a recorded justification (escalation/decision log)
WARN  TCSlib/Complexity/TuringMachine/Robustness/ObliviousSetup.lean      1102 lines > 1000: policy requires a split or a recorded justification (escalation/decision log)
WARN  TCSlib/Complexity/TuringMachine/Universal.lean                      2884 lines > 1000: policy requires a split or a recorded justification (escalation/decision log)
WARN  TCSlib/Complexity/TuringMachine/UniversalInterpreter.lean           1027 lines > 1000: policy requires a split or a recorded justification (escalation/decision log)
INFO  TCSlib/Complexity/TuringMachine/Build/Catalog.lean                  990 lines > target 600
INFO  TCSlib/Complexity/TuringMachine/Build/Catalog.lean                  990 lines; 39 public / 0 private declarations
INFO  TCSlib/Complexity/TuringMachine/Build/Convention.lean               157 lines; 8 public / 0 private declarations
INFO  TCSlib/Complexity/TuringMachine/Build/Embed.lean                    406 lines; 13 public / 2 private declarations
INFO  TCSlib/Complexity/TuringMachine/Build/Loop.lean                     5713 lines; 8 public / 214 private declarations
INFO  TCSlib/Complexity/TuringMachine/Build/Primitives.lean               7636 lines; 18 public / 318 private declarations
INFO  TCSlib/Complexity/TuringMachine/Build/Seam.lean                     292 lines; 7 public / 0 private declarations
INFO  TCSlib/Complexity/TuringMachine/Build/Wrappers.lean                 739 lines > target 600
INFO  TCSlib/Complexity/TuringMachine/Build/Wrappers.lean                 739 lines; 10 public / 19 private declarations
INFO  TCSlib/Complexity/TuringMachine/CodeParser.lean                     790 lines > target 600
INFO  TCSlib/Complexity/TuringMachine/CodeParser.lean                     790 lines; 13 public / 49 private declarations
INFO  TCSlib/Complexity/TuringMachine/Composition.lean                    685 lines > target 600
INFO  TCSlib/Complexity/TuringMachine/Composition.lean                    685 lines; 8 public / 11 private declarations
INFO  TCSlib/Complexity/TuringMachine/Configuration.lean                  224 lines; 18 public / 0 private declarations
INFO  TCSlib/Complexity/TuringMachine/CounterProg.lean                    562 lines; 28 public / 0 private declarations
INFO  TCSlib/Complexity/TuringMachine/CounterProgRun.lean                 433 lines; 35 public / 0 private declarations
INFO  TCSlib/Complexity/TuringMachine/Deterministic.lean                  430 lines; 34 public / 0 private declarations
INFO  TCSlib/Complexity/TuringMachine/Encoding.lean                       606 lines > target 600
INFO  TCSlib/Complexity/TuringMachine/Encoding.lean                       606 lines; 30 public / 10 private declarations
INFO  TCSlib/Complexity/TuringMachine/Finite.lean                         257 lines; 13 public / 0 private declarations
INFO  TCSlib/Complexity/TuringMachine/MathlibBridge.lean                  1109 lines; 2 public / 75 private declarations
INFO  TCSlib/Complexity/TuringMachine/Nondeterministic.lean               248 lines; 16 public / 0 private declarations
INFO  TCSlib/Complexity/TuringMachine/NondeterministicSpace.lean          112 lines; 5 public / 0 private declarations
INFO  TCSlib/Complexity/TuringMachine/Oracle.lean                         517 lines; 29 public / 2 private declarations
INFO  TCSlib/Complexity/TuringMachine/OracleAgreement.lean                247 lines; 9 public / 0 private declarations
INFO  TCSlib/Complexity/TuringMachine/OracleFinite.lean                   131 lines; 5 public / 0 private declarations
INFO  TCSlib/Complexity/TuringMachine/OracleNondeterministic.lean         290 lines; 20 public / 0 private declarations
INFO  TCSlib/Complexity/TuringMachine/Robustness/AlphabetReduction.lean   600 lines; 1 public / 50 private declarations
INFO  TCSlib/Complexity/TuringMachine/Robustness/Bidirectional.lean       464 lines; 2 public / 37 private declarations
INFO  TCSlib/Complexity/TuringMachine/Robustness/Oblivious.lean           1147 lines; 1 public / 38 private declarations
INFO  TCSlib/Complexity/TuringMachine/Robustness/ObliviousCandidate.lean  1127 lines; 47 public / 42 private declarations
INFO  TCSlib/Complexity/TuringMachine/Robustness/ObliviousLedger.lean     219 lines; 4 public / 2 private declarations
INFO  TCSlib/Complexity/TuringMachine/Robustness/ObliviousSchedule.lean   688 lines > target 600
INFO  TCSlib/Complexity/TuringMachine/Robustness/ObliviousSchedule.lean   688 lines; 19 public / 20 private declarations
INFO  TCSlib/Complexity/TuringMachine/Robustness/ObliviousSetup.lean      1102 lines; 8 public / 59 private declarations
INFO  TCSlib/Complexity/TuringMachine/Robustness/SingleTape.lean          981 lines > target 600
INFO  TCSlib/Complexity/TuringMachine/Robustness/SingleTape.lean          981 lines; 2 public / 53 private declarations
INFO  TCSlib/Complexity/TuringMachine/Simulation.lean                     948 lines > target 600
INFO  TCSlib/Complexity/TuringMachine/Simulation.lean                     948 lines; 49 public / 0 private declarations
INFO  TCSlib/Complexity/TuringMachine/StateRenaming.lean                  124 lines; 6 public / 0 private declarations
INFO  TCSlib/Complexity/TuringMachine/Sweep.lean                          392 lines; 22 public / 0 private declarations
INFO  TCSlib/Complexity/TuringMachine/UnaryTape.lean                      84 lines; 8 public / 0 private declarations
INFO  TCSlib/Complexity/TuringMachine/Universal.lean                      2884 lines; 4 public / 129 private declarations
INFO  TCSlib/Complexity/TuringMachine/UniversalBlock.lean                 794 lines > target 600
INFO  TCSlib/Complexity/TuringMachine/UniversalBlock.lean                 794 lines; 6 public / 17 private declarations
INFO  TCSlib/Complexity/TuringMachine/UniversalInterpreter.lean           1027 lines; 37 public / 13 private declarations
INFO  TCSlib/Complexity/TuringMachine/UniversalStartup.lean               591 lines; 10 public / 21 private declarations

style_lint: 0 FAIL, 8 WARN over 38 files
