== TCSlib/Complexity/TuringMachine/UnaryTape  13:09:53
== TCSlib/Complexity/TuringMachine/Configuration  13:09:54
TCSlib/Complexity/TuringMachine/Configuration.lean:137:17: warning: Used `tac1 <;> tac2` where `(tac1; tac2)` would suffice

Note: This linter can be disabled with `set_option linter.unnecessarySeqFocus false`
TCSlib/Complexity/TuringMachine/Configuration.lean:140:61: warning: unused variable `h`

Note: This linter can be disabled with `set_option linter.unusedVariables false`
TCSlib/Complexity/TuringMachine/Configuration.lean:155:17: warning: Used `tac1 <;> tac2` where `(tac1; tac2)` would suffice

Note: This linter can be disabled with `set_option linter.unnecessarySeqFocus false`
== TCSlib/Complexity/TuringMachine/Deterministic  13:09:55
== TCSlib/Complexity/TuringMachine/Finite  13:09:56
== TCSlib/Complexity/TuringMachine/Simulation  13:09:57
== TCSlib/Complexity/TuringMachine/CounterProg  13:09:59
== TCSlib/Complexity/TuringMachine/CounterProgRun  13:10:02
== TCSlib/Complexity/TuringMachine/Composition  13:10:03
== TCSlib/Complexity/ClassNP/PolyTime  13:10:05
== TCSlib/Complexity/ClassNP/CounterProgPolyTime  13:10:06
== TCSlib/Complexity/TuringMachine/StateRenaming  13:10:07
== TCSlib/Complexity/TuringMachine/Robustness/AlphabetReduction  13:10:08
== TCSlib/Complexity/TuringMachine/Sweep  13:10:09
== TCSlib/Complexity/TuringMachine/Robustness/SingleTape  13:10:11
== TCSlib/Complexity/TuringMachine/Encoding  13:10:13
== TCSlib/Complexity/ClassP/TimeConstructible  13:10:14
== TCSlib/Complexity/TuringMachine/Build/Convention  13:10:16
== TCSlib/Complexity/TuringMachine/Build/Wrappers  13:10:17
== TCSlib/Complexity/TuringMachine/Build/Loop  13:10:19
TCSlib/Complexity/TuringMachine/Build/Loop.lean:2932:8: warning: This simp argument is unused:
  Fin.val_zero

Hint: Omit it from the simp argument list.
  simp only [emCallClearCfg, MultiTapeTM.step, emCallClearTM, Cfg.workTapeSymbols, F̵i̵n̵.̵v̵a̵l̵_̵z̵e̵r̵o̵,̵ ̵Fin.val_one,
  ̲  ̲ ̲ ̲ ̲ ̲ ̲ ̲Nat.one_ne_zero, ↓reduceIte, hmark, reduceCtorEq, ↓reduceIte]

Note: This linter can be disabled with `set_option linter.unusedSimpArgs false`
TCSlib/Complexity/TuringMachine/Build/Loop.lean:2932:22: warning: This simp argument is unused:
  Fin.val_one

Hint: Omit it from the simp argument list.
  simp only [emCallClearCfg, MultiTapeTM.step, emCallClearTM, Cfg.workTapeSymbols, Fin.val_zero,
  ̲  ̲ ̲ ̲ ̲ ̲ ̲ ̲F̵i̵n̵.̵v̵a̵l̵_̵o̵n̵e̵,̵ ̵Nat.one_ne_zero, ↓reduceIte, hmark, reduceCtorEq, ↓reduceIte]

Note: This linter can be disabled with `set_option linter.unusedSimpArgs false`
TCSlib/Complexity/TuringMachine/Build/Loop.lean:2932:35: warning: This simp argument is unused:
  Nat.one_ne_zero

Hint: Omit it from the simp argument list.
  simp only [emCallClearCfg, MultiTapeTM.step, emCallClearTM, Cfg.workTapeSymbols, Fin.val_zero,
  ̲  ̲ ̲ ̲ ̲ ̲ ̲ ̲Fin.val_one, N̵a̵t̵.̵o̵n̵e̵_̵n̵e̵_̵z̵e̵r̵o̵,̵ ̵↓reduceIte, hmark, reduceCtorEq, ↓reduceIte]

Note: This linter can be disabled with `set_option linter.unusedSimpArgs false`
TCSlib/Complexity/TuringMachine/Build/Loop.lean:2974:27: warning: This simp argument is unused:
  Fin.val_zero

Hint: Omit it from the simp argument list.
  simp only [MultiTapeTM.step, emCallClearCfg, emCallClearTM, Cfg.workTapeSymbols, F̵i̵n̵.̵v̵a̵l̵_̵z̵e̵r̵o̵,̵ ̵Fin.val_one,
  ̲  ̲ ̲ ̲ ̲ ̲Nat.one_ne_zero, ↓reduceIte, hmark, reduceCtorEq, ↓reduceIte]

Note: This linter can be disabled with `set_option linter.unusedSimpArgs false`
TCSlib/Complexity/TuringMachine/Build/Loop.lean:2974:41: warning: This simp argument is unused:
  Fin.val_one

Hint: Omit it from the simp argument list.
  simp only [MultiTapeTM.step, emCallClearCfg, emCallClearTM,
  ̵  ̵ ̵ ̵ ̵ ̵Cfg.workTapeSymbols, Fin.val_zero,
  ̲ F̵i̵n̵.̵v̵a̵l̵_̵o̵n̵e̵,̵  ̲ ̲ ̲ ̲Nat.one_ne_zero, ↓reduceIte, hmark,
  ̵  ̵ ̵ ̵ ̵ ̵reduceCtorEq, ↓reduceIte]

Note: This linter can be disabled with `set_option linter.unusedSimpArgs false`
TCSlib/Complexity/TuringMachine/Build/Loop.lean:2974:54: warning: This simp argument is unused:
  Nat.one_ne_zero

Hint: Omit it from the simp argument list.
  simp only [MultiTapeTM.step, emCallClearCfg, emCallClearTM, Cfg.workTapeSymbols, Fin.val_zero,
  ̲  ̲ ̲ ̲ ̲ ̲Fin.val_one, N̵a̵t̵.̵o̵n̵e̵_̵n̵e̵_̵z̵e̵r̵o̵,̵ ̵↓reduceIte, hmark, reduceCtorEq, ↓reduceIte]

Note: This linter can be disabled with `set_option linter.unusedSimpArgs false`
TCSlib/Complexity/TuringMachine/Build/Loop.lean:3021:8: warning: This simp argument is unused:
  Fin.val_zero

Hint: Omit it from the simp argument list.
  simp only [MultiTapeTM.step, emCallClearCfg, emCallClearTM, Cfg.workTapeSymbols, F̵i̵n̵.̵v̵a̵l̵_̵z̵e̵r̵o̵,̵ ̵Fin.val_one,
  ̲  ̲ ̲ ̲ ̲ ̲ ̲ ̲Nat.one_ne_zero, ↓reduceIte, hblank, ↓reduceIte]

Note: This linter can be disabled with `set_option linter.unusedSimpArgs false`
TCSlib/Complexity/TuringMachine/Build/Loop.lean:3021:22: warning: This simp argument is unused:
  Fin.val_one

Hint: Omit it from the simp argument list.
  simp only [MultiTapeTM.step, emCallClearCfg, emCallClearTM, Cfg.workTapeSymbols, Fin.val_zero,
  ̲  ̲ ̲ ̲ ̲ ̲ ̲ ̲F̵i̵n̵.̵v̵a̵l̵_̵o̵n̵e̵,̵ ̵Nat.one_ne_zero, ↓reduceIte, hblank, ↓reduceIte]

Note: This linter can be disabled with `set_option linter.unusedSimpArgs false`
TCSlib/Complexity/TuringMachine/Build/Loop.lean:3021:35: warning: This simp argument is unused:
  Nat.one_ne_zero

Hint: Omit it from the simp argument list.
  simp only [MultiTapeTM.step, emCallClearCfg, emCallClearTM, Cfg.workTapeSymbols, Fin.val_zero,
  ̲  ̲ ̲ ̲ ̲ ̲ ̲ ̲Fin.val_one, N̵a̵t̵.̵o̵n̵e̵_̵n̵e̵_̵z̵e̵r̵o̵,̵ ̵↓reduceIte, hblank, ↓reduceIte]

Note: This linter can be disabled with `set_option linter.unusedSimpArgs false`
TCSlib/Complexity/TuringMachine/Build/Loop.lean:3053:6: warning: This simp argument is unused:
  Fin.val_zero

Hint: Omit it from the simp argument list.
  simp only [MultiTapeTM.step, emCallClearCfg, emCallClearTM, Cfg.workTapeSymbols, F̵i̵n̵.̵v̵a̵l̵_̵z̵e̵r̵o̵,̵ ̵Fin.val_one,
  ̲  ̲ ̲ ̲ ̲ ̲Nat.one_ne_zero, ↓reduceIte, ↓reduceIte]

Note: This linter can be disabled with `set_option linter.unusedSimpArgs false`
TCSlib/Complexity/TuringMachine/Build/Loop.lean:3053:20: warning: This simp argument is unused:
  Fin.val_one

Hint: Omit it from the simp argument list.
  simp only [MultiTapeTM.step, emCallClearCfg, emCallClearTM, Cfg.workTapeSymbols, Fin.val_zero,
  ̲  ̲ ̲ ̲ ̲ ̲F̵i̵n̵.̵v̵a̵l̵_̵o̵n̵e̵,̵ ̵Nat.one_ne_zero, ↓reduceIte, ↓reduceIte]

Note: This linter can be disabled with `set_option linter.unusedSimpArgs false`
TCSlib/Complexity/TuringMachine/Build/Loop.lean:3053:33: warning: This simp argument is unused:
  Nat.one_ne_zero

Hint: Omit it from the simp argument list.
  simp only [MultiTapeTM.step, emCallClearCfg, emCallClearTM, Cfg.workTapeSymbols, Fin.val_zero,
  ̲  ̲ ̲ ̲ ̲ ̲Fin.val_one, N̵a̵t̵.̵o̵n̵e̵_̵n̵e̵_̵z̵e̵r̵o̵,̵ ̵↓reduceIte, ↓reduceIte]

Note: This linter can be disabled with `set_option linter.unusedSimpArgs false`
TCSlib/Complexity/TuringMachine/Build/Loop.lean:3082:22: warning: This simp argument is unused:
  min_le_right

Hint: Omit it from the simp argument list.
  simp [emCallSpan, m̵i̵n̵_̵l̵e̵_̵r̵i̵g̵h̵t̵,̵ ̵le_max_right]

Note: This linter can be disabled with `set_option linter.unusedSimpArgs false`
TCSlib/Complexity/TuringMachine/Build/Loop.lean:3082:36: warning: This simp argument is unused:
  le_max_right

Hint: Omit it from the simp argument list.
  simp [emCallSpan, min_le_right,̵ ̵l̵e̵_̵m̵a̵x̵_̵r̵i̵g̵h̵t̵]

Note: This linter can be disabled with `set_option linter.unusedSimpArgs false`
TCSlib/Complexity/TuringMachine/Build/Loop.lean:3270:24: warning: This simp argument is unused:
  hspan

Hint: Omit it from the simp argument list.
  simp [emCallSpan, h̵s̵p̵a̵n̵,̵ ̵bufferTape, hn, List.getElem?_eq_none hlen]

Note: This linter can be disabled with `set_option linter.unusedSimpArgs false`
TCSlib/Complexity/TuringMachine/Build/Loop.lean:3271:24: warning: This simp argument is unused:
  hspan

Hint: Omit it from the simp argument list.
  simp [emCallSpan, h̵s̵p̵a̵n̵,̵ ̵bufferTape, hn]

Note: This linter can be disabled with `set_option linter.unusedSimpArgs false`
TCSlib/Complexity/TuringMachine/Build/Loop.lean:3579:27: warning: 'omega' tactic does nothing

Note: This linter can be disabled with `set_option linter.unusedTactic false`
TCSlib/Complexity/TuringMachine/Build/Loop.lean:3579:27: warning: this tactic is never executed

Note: This linter can be disabled with `set_option linter.unreachableTactic false`
TCSlib/Complexity/TuringMachine/Build/Loop.lean:3832:19: warning: This simp argument is unused:
  show (1 : Fin 2) ≠ 0 by decide

Hint: Omit it from the simp argument list.
  simp only [MultiTapeTM.step, emCallFinishCfg, emCallFinishTM, Cfg.workTapeSymbols, Fin.isValue,
  ̲  ̲ ̲ ̲ ̲ ̲s̵h̵o̵w̵ ̵(̵1̵ ̵:̵ ̵F̵i̵n̵ ̵2̵)̵ ̵≠̵ ̵0̵ ̵b̵y̵ ̵d̵e̵c̵i̵d̵e̵,̵ ̵↓reduceIte, hblank]

Note: This linter can be disabled with `set_option linter.unusedSimpArgs false`
TCSlib/Complexity/TuringMachine/Build/Loop.lean:3834:50: warning: This simp argument is unused:
  emCallFinishCfg

Hint: Omit it from the simp argument list.
  simp [Action.apply, e̵m̵C̵a̵l̵l̵F̵i̵n̵i̵s̵h̵C̵f̵g̵,̵ ̵sub_eq_add_neg]

Note: This linter can be disabled with `set_option linter.unusedSimpArgs false`
TCSlib/Complexity/TuringMachine/Build/Loop.lean:3849:21: warning: This simp argument is unused:
  show (1 : Fin 2) ≠ 0 by decide

Hint: Omit it from the simp argument list.
  simp only [MultiTapeTM.step, emCallFinishCfg, emCallFinishTM, Cfg.workTapeSymbols,
          Fin.isValue, s̵h̵o̵w̵ ̵(̵1̵ ̵:̵ ̵F̵i̵n̵ ̵2̵)̵ ̵≠̵ ̵0̵ ̵b̵y̵ ̵d̵e̵c̵i̵d̵e̵,̵ ̵↓reduceIte, hread]

Note: This linter can be disabled with `set_option linter.unusedSimpArgs false`
TCSlib/Complexity/TuringMachine/Build/Loop.lean:3852:30: warning: This simp argument is unused:
  emCallFinishCfg

Hint: Omit it from the simp argument list.
  simp [Action.apply, emCallF̵i̵n̵i̵s̵h̵C̵f̵g̵,̵ ̵e̵m̵C̵a̵l̵l̵_erase_last]

Note: This linter can be disabled with `set_option linter.unusedSimpArgs false`
TCSlib/Complexity/TuringMachine/Build/Loop.lean:3853:54: warning: This simp argument is unused:
  emCallFinishCfg

Hint: Omit it from the simp argument list.
  simp [Action.apply, e̵m̵C̵a̵l̵l̵F̵i̵n̵i̵s̵h̵C̵f̵g̵,̵ ̵sub_eq_add_neg]

Note: This linter can be disabled with `set_option linter.unusedSimpArgs false`
TCSlib/Complexity/TuringMachine/Build/Loop.lean:3881:50: warning: This simp argument is unused:
  emCallFinishCfg

Hint: Omit it from the simp argument list.
  simp [Action.apply, e̵m̵C̵a̵l̵l̵F̵i̵n̵i̵s̵h̵C̵f̵g̵,̵ ̵sub_eq_add_neg]

Note: This linter can be disabled with `set_option linter.unusedSimpArgs false`
TCSlib/Complexity/TuringMachine/Build/Loop.lean:3881:67: warning: This simp argument is unused:
  sub_eq_add_neg

Hint: Omit it from the simp argument list.
  simp [Action.apply, emCallFinishCfg,̵ ̵s̵u̵b̵_̵e̵q̵_̵a̵d̵d̵_̵n̵e̵g̵]

Note: This linter can be disabled with `set_option linter.unusedSimpArgs false`
TCSlib/Complexity/TuringMachine/Build/Loop.lean:3892:52: warning: This simp argument is unused:
  emCallFinishCfg

Hint: Omit it from the simp argument list.
  simp [Action.apply, e̵m̵C̵a̵l̵l̵F̵i̵n̵i̵s̵h̵C̵f̵g̵,̵ ̵sub_eq_add_neg]

Note: This linter can be disabled with `set_option linter.unusedSimpArgs false`
TCSlib/Complexity/TuringMachine/Build/Loop.lean:3925:26: warning: This simp argument is unused:
  emCallFinishCfg

Hint: Omit it from the simp argument list.
  simp [Action.apply, e̵m̵C̵a̵l̵l̵F̵i̵n̵i̵s̵h̵C̵f̵g̵,̵ ̵sub_eq_add_neg]

Note: This linter can be disabled with `set_option linter.unusedSimpArgs false`
TCSlib/Complexity/TuringMachine/Build/Loop.lean:3941:30: warning: This simp argument is unused:
  emCallFinishCfg

Hint: Omit it from the simp argument list.
  simp [Action.apply, e̵m̵C̵a̵l̵l̵F̵i̵n̵i̵s̵h̵C̵f̵g̵,̵ ̵bufferTape_append]

Note: This linter can be disabled with `set_option linter.unusedSimpArgs false`
TCSlib/Complexity/TuringMachine/Build/Loop.lean:3943:30: warning: This simp argument is unused:
  emCallFinishCfg

Hint: Omit it from the simp argument list.
  simp [Action.apply, e̵m̵C̵a̵l̵l̵F̵i̵n̵i̵s̵h̵C̵f̵g̵,̵ ̵sub_eq_add_neg]

Note: This linter can be disabled with `set_option linter.unusedSimpArgs false`
TCSlib/Complexity/TuringMachine/Build/Loop.lean:3943:47: warning: This simp argument is unused:
  sub_eq_add_neg

Hint: Omit it from the simp argument list.
  simp [Action.apply, emCallFinishCfg,̵ ̵s̵u̵b̵_̵e̵q̵_̵a̵d̵d̵_̵n̵e̵g̵]

Note: This linter can be disabled with `set_option linter.unusedSimpArgs false`
TCSlib/Complexity/TuringMachine/Build/Loop.lean:3944:43: warning: This simp argument is unused:
  emCallFinishCfg

Hint: Omit it from the simp argument list.
  simp [Action.apply, e̵m̵C̵a̵l̵l̵F̵i̵n̵i̵s̵h̵C̵f̵g̵,̵ ̵sub_eq_add_neg]

Note: This linter can be disabled with `set_option linter.unusedSimpArgs false`
TCSlib/Complexity/TuringMachine/Build/Loop.lean:3944:60: warning: This simp argument is unused:
  sub_eq_add_neg

Hint: Omit it from the simp argument list.
  simp [Action.apply, emCallFinishCfg,̵ ̵s̵u̵b̵_̵e̵q̵_̵a̵d̵d̵_̵n̵e̵g̵]

Note: This linter can be disabled with `set_option linter.unusedSimpArgs false`
TCSlib/Complexity/TuringMachine/Build/Loop.lean:3968:65: warning: This simp argument is unused:
  emCallFinishCfg

Hint: Omit it from the simp argument list.
  simp [Action.apply, e̵m̵C̵a̵l̵l̵F̵i̵n̵i̵s̵h̵C̵f̵g̵,̵ ̵sub_eq_add_neg]

Note: This linter can be disabled with `set_option linter.unusedSimpArgs false`
TCSlib/Complexity/TuringMachine/Build/Loop.lean:3968:82: warning: This simp argument is unused:
  sub_eq_add_neg

Hint: Omit it from the simp argument list.
  simp [Action.apply, emCallFinishCfg,̵ ̵s̵u̵b̵_̵e̵q̵_̵a̵d̵d̵_̵n̵e̵g̵]

Note: This linter can be disabled with `set_option linter.unusedSimpArgs false`
TCSlib/Complexity/TuringMachine/Build/Loop.lean:3979:54: warning: This simp argument is unused:
  emCallFinishCfg

Hint: Omit it from the simp argument list.
  simp [Action.apply, emCallF̵i̵n̵i̵s̵h̵C̵f̵g̵,̵ ̵e̵m̵C̵a̵l̵l̵_erase_last]

Note: This linter can be disabled with `set_option linter.unusedSimpArgs false`
TCSlib/Complexity/TuringMachine/Build/Loop.lean:3981:30: warning: This simp argument is unused:
  emCallFinishCfg

Hint: Omit it from the simp argument list.
  simp [Action.apply, e̵m̵C̵a̵l̵l̵F̵i̵n̵i̵s̵h̵C̵f̵g̵,̵ ̵sub_eq_add_neg]

Note: This linter can be disabled with `set_option linter.unusedSimpArgs false`
TCSlib/Complexity/TuringMachine/Build/Loop.lean:4040:21: warning: Used `tac1 <;> tac2` where `(tac1; tac2)` would suffice

Note: This linter can be disabled with `set_option linter.unnecessarySeqFocus false`
TCSlib/Complexity/TuringMachine/Build/Loop.lean:4040:33: warning: Used `tac1 <;> tac2` where `(tac1; tac2)` would suffice

Note: This linter can be disabled with `set_option linter.unnecessarySeqFocus false`
TCSlib/Complexity/TuringMachine/Build/Loop.lean:4077:2: warning: 'all_goals
  repeat
    first
    | rfl
    | omega
    | split' tactic does nothing

Note: This linter can be disabled with `set_option linter.unusedTactic false`
TCSlib/Complexity/TuringMachine/Build/Loop.lean:4077:12: warning: this tactic is never executed

Note: This linter can be disabled with `set_option linter.unreachableTactic false`
TCSlib/Complexity/TuringMachine/Build/Loop.lean:4168:47: warning: This simp argument is unused:
  Fin.addCases_right

Hint: Omit it from the simp argument list.
  simp only [emCallSlots, Fin.addCases_left,̵ ̵F̵i̵n̵.̵a̵d̵d̵C̵a̵s̵e̵s̵_̵r̵i̵g̵h̵t̵]

Note: This linter can be disabled with `set_option linter.unusedSimpArgs false`
TCSlib/Complexity/TuringMachine/Build/Loop.lean:4182:28: warning: This simp argument is unused:
  Fin.addCases_left

Hint: Omit it from the simp argument list.
  simp only [emCallSlots, Fin.addCases_l̵e̵f̵t̵,̵ ̵F̵i̵n̵.̵a̵d̵d̵C̵a̵s̵e̵s̵_̵right]

Note: This linter can be disabled with `set_option linter.unusedSimpArgs false`
TCSlib/Complexity/TuringMachine/Build/Loop.lean:4189:67: warning: This simp argument is unused:
  emCallSlots

Hint: Omit it from the simp argument list.
  simp [emCallLayout, emCallPairIndex, tapeBlocks, e̵m̵C̵a̵l̵l̵S̵l̵o̵t̵s̵,̵
  ̵ ̵ ̵ ̵ ̵Fin.addCases, bufferedCompTM,
  ̲  ̲ ̲ ̲emCallIdleTM, emCallRightTM, emCallTrackTM]

Note: This linter can be disabled with `set_option linter.unusedSimpArgs false`
TCSlib/Complexity/TuringMachine/Build/Loop.lean:4199:2: warning: 'all_goals
  repeat
    first
    | rfl
    | omega
    | split' tactic does nothing

Note: This linter can be disabled with `set_option linter.unusedTactic false`
TCSlib/Complexity/TuringMachine/Build/Loop.lean:4200:2: warning: 'all_goals
  repeat
    first
    | rfl
    | omega
    | split' tactic does nothing

Note: This linter can be disabled with `set_option linter.unusedTactic false`
TCSlib/Complexity/TuringMachine/Build/Loop.lean:4199:12: warning: this tactic is never executed

Note: This linter can be disabled with `set_option linter.unreachableTactic false`
TCSlib/Complexity/TuringMachine/Build/Loop.lean:4200:12: warning: this tactic is never executed

Note: This linter can be disabled with `set_option linter.unreachableTactic false`
TCSlib/Complexity/TuringMachine/Build/Loop.lean:4213:4: warning: 'all_goals
  repeat
    first
    | rfl
    | omega
    | split' tactic does nothing

Note: This linter can be disabled with `set_option linter.unusedTactic false`
TCSlib/Complexity/TuringMachine/Build/Loop.lean:4214:4: warning: 'all_goals
  repeat
    first
    | rfl
    | omega
    | split' tactic does nothing

Note: This linter can be disabled with `set_option linter.unusedTactic false`
TCSlib/Complexity/TuringMachine/Build/Loop.lean:4213:14: warning: this tactic is never executed

Note: This linter can be disabled with `set_option linter.unreachableTactic false`
TCSlib/Complexity/TuringMachine/Build/Loop.lean:4214:14: warning: this tactic is never executed

Note: This linter can be disabled with `set_option linter.unreachableTactic false`
TCSlib/Complexity/TuringMachine/Build/Loop.lean:4489:32: warning: This simp argument is unused:
  emCall_pair_inverse

Hint: Omit it from the simp argument list.
  simp [emCallCfg, e̵m̵C̵a̵l̵l̵_̵p̵a̵i̵r̵_̵i̵n̵v̵e̵r̵s̵e̵,̵ ̵emCallFinishCfg, Cfg.ofWords, stateWord, emCallPairIndex,
  ̲  ̲ ̲ ̲ ̲ ̲emCallPairSelect]

Note: This linter can be disabled with `set_option linter.unusedSimpArgs false`
TCSlib/Complexity/TuringMachine/Build/Loop.lean:4491:32: warning: This simp argument is unused:
  emCall_pair_inverse

Hint: Omit it from the simp argument list.
  simp [emCallCfg, e̵m̵C̵a̵l̵l̵_̵p̵a̵i̵r̵_̵i̵n̵v̵e̵r̵s̵e̵,̵ ̵emCallFinishCfg, Cfg.ofWords, stateWord, emCallPairIndex,
  ̲  ̲ ̲ ̲ ̲ ̲emCallPairSelect, bufferedCompTM, emCallIdleTM, emCallRightTM, emCallTrackTM]

Note: This linter can be disabled with `set_option linter.unusedSimpArgs false`
TCSlib/Complexity/TuringMachine/Build/Loop.lean:4622:37: warning: This simp argument is unused:
  hi

Hint: Omit it from the simp argument list.
  simp only [MultiTapeTM.step, hs, hi̵,̵ ̵h̵w]

Note: This linter can be disabled with `set_option linter.unusedSimpArgs false`
TCSlib/Complexity/TuringMachine/Build/Loop.lean:4622:41: warning: This simp argument is unused:
  hw

Hint: Omit it from the simp argument list.
  simp only [MultiTapeTM.step, hs, hi,̵ ̵h̵w̵]

Note: This linter can be disabled with `set_option linter.unusedSimpArgs false`
TCSlib/Complexity/TuringMachine/Build/Loop.lean:5466:33: warning: This simp argument is unused:
  Function.comp_def

Hint: Omit it from the simp argument list.
  simp [List.append_assoc,̵ ̵F̵u̵n̵c̵t̵i̵o̵n̵.̵c̵o̵m̵p̵_̵d̵e̵f̵]

Note: This linter can be disabled with `set_option linter.unusedSimpArgs false`
== TCSlib/Complexity/TuringMachine/Build/Primitives  13:10:32
TCSlib/Complexity/TuringMachine/Build/Primitives.lean:2492:42: warning: 'omega' tactic does nothing

Note: This linter can be disabled with `set_option linter.unusedTactic false`
TCSlib/Complexity/TuringMachine/Build/Primitives.lean:2498:72: warning: 'omega' tactic does nothing

Note: This linter can be disabled with `set_option linter.unusedTactic false`
TCSlib/Complexity/TuringMachine/Build/Primitives.lean:2492:42: warning: this tactic is never executed

Note: This linter can be disabled with `set_option linter.unreachableTactic false`
TCSlib/Complexity/TuringMachine/Build/Primitives.lean:2498:72: warning: this tactic is never executed

Note: This linter can be disabled with `set_option linter.unreachableTactic false`
TCSlib/Complexity/TuringMachine/Build/Primitives.lean:2490:82: warning: Used `tac1 <;> tac2` where `(tac1; tac2)` would suffice

Note: This linter can be disabled with `set_option linter.unnecessarySeqFocus false`
TCSlib/Complexity/TuringMachine/Build/Primitives.lean:2520:72: warning: 'omega' tactic does nothing

Note: This linter can be disabled with `set_option linter.unusedTactic false`
TCSlib/Complexity/TuringMachine/Build/Primitives.lean:2520:72: warning: this tactic is never executed

Note: This linter can be disabled with `set_option linter.unreachableTactic false`
TCSlib/Complexity/TuringMachine/Build/Primitives.lean:2508:38: warning: Used `tac1 <;> tac2` where `(tac1; tac2)` would suffice

Note: This linter can be disabled with `set_option linter.unnecessarySeqFocus false`
TCSlib/Complexity/TuringMachine/Build/Primitives.lean:2512:38: warning: Used `tac1 <;> tac2` where `(tac1; tac2)` would suffice

Note: This linter can be disabled with `set_option linter.unnecessarySeqFocus false`
TCSlib/Complexity/TuringMachine/Build/Primitives.lean:2570:29: warning: This simp argument is unused:
  List.append_nil

Hint: Omit it from the simp argument list.
  simp only [↓reduceIte,̵ ̵L̵i̵s̵t̵.̵a̵p̵p̵e̵n̵d̵_̵n̵i̵l̵]

Note: This linter can be disabled with `set_option linter.unusedSimpArgs false`
TCSlib/Complexity/TuringMachine/Build/Primitives.lean:2533:42: warning: Used `tac1 <;> tac2` where `(tac1; tac2)` would suffice

Note: This linter can be disabled with `set_option linter.unnecessarySeqFocus false`
TCSlib/Complexity/TuringMachine/Build/Primitives.lean:2538:42: warning: Used `tac1 <;> tac2` where `(tac1; tac2)` would suffice

Note: This linter can be disabled with `set_option linter.unnecessarySeqFocus false`
TCSlib/Complexity/TuringMachine/Build/Primitives.lean:2541:42: warning: Used `tac1 <;> tac2` where `(tac1; tac2)` would suffice

Note: This linter can be disabled with `set_option linter.unnecessarySeqFocus false`
TCSlib/Complexity/TuringMachine/Build/Primitives.lean:2580:46: warning: Used `tac1 <;> tac2` where `(tac1; tac2)` would suffice

Note: This linter can be disabled with `set_option linter.unnecessarySeqFocus false`
TCSlib/Complexity/TuringMachine/Build/Primitives.lean:2604:43: warning: Used `tac1 <;> tac2` where `(tac1; tac2)` would suffice

Note: This linter can be disabled with `set_option linter.unnecessarySeqFocus false`
TCSlib/Complexity/TuringMachine/Build/Primitives.lean:2927:25: warning: 'omega' tactic does nothing

Note: This linter can be disabled with `set_option linter.unusedTactic false`
TCSlib/Complexity/TuringMachine/Build/Primitives.lean:2927:25: warning: this tactic is never executed

Note: This linter can be disabled with `set_option linter.unreachableTactic false`
TCSlib/Complexity/TuringMachine/Build/Primitives.lean:3026:59: warning: Used `tac1 <;> tac2` where `(tac1; tac2)` would suffice

Note: This linter can be disabled with `set_option linter.unnecessarySeqFocus false`
TCSlib/Complexity/TuringMachine/Build/Primitives.lean:3174:34: warning: This simp argument is unused:
  splitRestoreScan

Hint: Omit it from the simp argument list.
  simp [Action.apply,̵ ̵s̵p̵l̵i̵t̵R̵e̵s̵t̵o̵r̵e̵S̵c̵a̵n̵]

Note: This linter can be disabled with `set_option linter.unusedSimpArgs false`
TCSlib/Complexity/TuringMachine/Build/Primitives.lean:3204:79: warning: 'omega' tactic does nothing

Note: This linter can be disabled with `set_option linter.unusedTactic false`
TCSlib/Complexity/TuringMachine/Build/Primitives.lean:3204:79: warning: this tactic is never executed

Note: This linter can be disabled with `set_option linter.unreachableTactic false`
TCSlib/Complexity/TuringMachine/Build/Primitives.lean:3267:6: warning: try 'simp' instead of 'simpa'

Note: This linter can be disabled with `set_option linter.unnecessarySimpa false`
TCSlib/Complexity/TuringMachine/Build/Primitives.lean:3312:52: warning: This simp argument is unused:
  Nat.cast_one

Hint: Omit it from the simp argument list.
  simp only [List.length_nil, Nat.zero_add, N̵a̵t̵.̵c̵a̵s̵t̵_̵o̵n̵e̵,̵ ̵Fin.ext_iff, Fin.val_one] at h₁

Note: This linter can be disabled with `set_option linter.unusedSimpArgs false`
TCSlib/Complexity/TuringMachine/Build/Primitives.lean:3312:66: warning: This simp argument is unused:
  Fin.ext_iff

Hint: Omit it from the simp argument list.
  simp only [List.length_nil, Nat.zero_add, Nat.cast_one, Fin.e̵x̵t̵_̵i̵f̵f̵,̵ ̵F̵i̵n̵.̵val_one] at h₁

Note: This linter can be disabled with `set_option linter.unusedSimpArgs false`
TCSlib/Complexity/TuringMachine/Build/Primitives.lean:3312:79: warning: This simp argument is unused:
  Fin.val_one

Hint: Omit it from the simp argument list.
  simp only [List.length_nil, Nat.zero_add, Nat.cast_one, Fin.ext_iff,̵ ̵F̵i̵n̵.̵v̵a̵l̵_̵o̵n̵e̵] at h₁

Note: This linter can be disabled with `set_option linter.unusedSimpArgs false`
TCSlib/Complexity/TuringMachine/Build/Primitives.lean:3352:20: warning: This simp argument is unused:
  MultiTapeTM.step

Hint: Omit it from the simp argument list.
  simp [M̵u̵l̵t̵i̵T̵a̵p̵e̵T̵M̵.̵s̵t̵e̵p̵,̵ ̵catalogPolyUnaryTM, Action.apply, catalogPolyCfg]

Note: This linter can be disabled with `set_option linter.unusedSimpArgs false`
TCSlib/Complexity/TuringMachine/Build/Primitives.lean:3352:38: warning: This simp argument is unused:
  catalogPolyUnaryTM

Hint: Omit it from the simp argument list.
  simp [MultiTapeTM.step, c̵a̵t̵a̵l̵o̵g̵P̵o̵l̵y̵U̵n̵a̵r̵y̵T̵M̵,̵ ̵Action.apply, catalogPolyCfg]

Note: This linter can be disabled with `set_option linter.unusedSimpArgs false`
TCSlib/Complexity/TuringMachine/Build/Primitives.lean:3352:72: warning: This simp argument is unused:
  catalogPolyCfg

Hint: Omit it from the simp argument list.
  simp [MultiTapeTM.step, catalogPolyUnaryTM, Action.apply,̵ ̵c̵a̵t̵a̵l̵o̵g̵P̵o̵l̵y̵C̵f̵g̵]

Note: This linter can be disabled with `set_option linter.unusedSimpArgs false`
TCSlib/Complexity/TuringMachine/Build/Primitives.lean:3353:10: warning: This simp argument is unused:
  MultiTapeTM.step

Hint: Omit it from the simp argument list.
  simp [M̵u̵l̵t̵i̵T̵a̵p̵e̵T̵M̵.̵s̵t̵e̵p̵,̵ ̵catalogPolyUnaryTM, Action.apply, catalogPolyCfg]

Note: This linter can be disabled with `set_option linter.unusedSimpArgs false`
TCSlib/Complexity/TuringMachine/Build/Primitives.lean:3353:28: warning: This simp argument is unused:
  catalogPolyUnaryTM

Hint: Omit it from the simp argument list.
  simp [MultiTapeTM.step, c̵a̵t̵a̵l̵o̵g̵P̵o̵l̵y̵U̵n̵a̵r̵y̵T̵M̵,̵ ̵Action.apply, catalogPolyCfg]

Note: This linter can be disabled with `set_option linter.unusedSimpArgs false`
TCSlib/Complexity/TuringMachine/Build/Primitives.lean:3353:62: warning: This simp argument is unused:
  catalogPolyCfg

Hint: Omit it from the simp argument list.
  simp [MultiTapeTM.step, catalogPolyUnaryTM, Action.apply,̵ ̵c̵a̵t̵a̵l̵o̵g̵P̵o̵l̵y̵C̵f̵g̵]

Note: This linter can be disabled with `set_option linter.unusedSimpArgs false`
TCSlib/Complexity/TuringMachine/Build/Primitives.lean:3400:23: warning: This simp argument is unused:
  Prod.mk.injEq

Hint: Omit it from the simp argument list.
  simp only [ht0, MultiTapeTM.runFrom_zero, splitRestoreScan, Cfg.ofWords,
      Option.some.injEq,̵ ̵P̵r̵o̵d̵.̵m̵k̵.̵i̵n̵j̵E̵q̵] at hstate

Note: This linter can be disabled with `set_option linter.unusedSimpArgs false`
TCSlib/Complexity/TuringMachine/Build/Primitives.lean:4917:8: warning: This simp argument is unused:
  Fin.val_zero

Hint: Omit it from the simp argument list.
  simp only [emitterClearCfg, MultiTapeTM.step, emitterClearTM, Cfg.workTapeSymbols,
          Fin.val_z̵e̵r̵o,̵ ̵F̵i̵n.̵v̵a̵l̵_̵o̵n̵e, Nat.one_ne_zero, ↓reduceIte, hmark, reduceCtorEq, ↓reduceIte]

Note: This linter can be disabled with `set_option linter.unusedSimpArgs false`
TCSlib/Complexity/TuringMachine/Build/Primitives.lean:4917:22: warning: This simp argument is unused:
  Fin.val_one

Hint: Omit it from the simp argument list.
  simp only [emitterClearCfg, MultiTapeTM.step, emitterClearTM, Cfg.workTapeSymbols,
          Fin.val_zero, F̵i̵n̵.̵v̵a̵l̵_̵o̵n̵e̵,̵ ̵Nat.one_ne_zero, ↓reduceIte, hmark, reduceCtorEq, ↓reduceIte]

Note: This linter can be disabled with `set_option linter.unusedSimpArgs false`
TCSlib/Complexity/TuringMachine/Build/Primitives.lean:4917:35: warning: This simp argument is unused:
  Nat.one_ne_zero

Hint: Omit it from the simp argument list.
  simp only [emitterClearCfg, MultiTapeTM.step, emitterClearTM, Cfg.workTapeSymbols,
          Fin.val_zero, Fin.val_one, N̵a̵t̵.̵o̵n̵e̵_̵n̵e̵_̵z̵e̵r̵o̵,̵ ̵↓reduceIte, hmark, reduceCtorEq, ↓reduceIte]

Note: This linter can be disabled with `set_option linter.unusedSimpArgs false`
TCSlib/Complexity/TuringMachine/Build/Primitives.lean:4959:27: warning: This simp argument is unused:
  Fin.val_zero

Hint: Omit it from the simp argument list.
  simp only [MultiTapeTM.step, emitterClearCfg, emitterClearTM, Cfg.workTapeSymbols, F̵i̵n̵.̵v̵a̵l̵_̵z̵e̵r̵o̵,̵ ̵Fin.val_one,
  ̲  ̲ ̲ ̲ ̲ ̲Nat.one_ne_zero, ↓reduceIte, hmark, reduceCtorEq, ↓reduceIte]

Note: This linter can be disabled with `set_option linter.unusedSimpArgs false`
TCSlib/Complexity/TuringMachine/Build/Primitives.lean:4959:41: warning: This simp argument is unused:
  Fin.val_one

Hint: Omit it from the simp argument list.
  simp only [MultiTapeTM.step, emitterClearCfg, emitterClearTM,
  ̵  ̵ ̵ ̵ ̵ ̵Cfg.workTapeSymbols, Fin.val_zero,
  ̲ F̵i̵n̵.̵v̵a̵l̵_̵o̵n̵e̵,̵  ̲ ̲ ̲ ̲Nat.one_ne_zero, ↓reduceIte, hmark,
  ̵  ̵ ̵ ̵ ̵ ̵reduceCtorEq, ↓reduceIte]

Note: This linter can be disabled with `set_option linter.unusedSimpArgs false`
TCSlib/Complexity/TuringMachine/Build/Primitives.lean:4959:54: warning: This simp argument is unused:
  Nat.one_ne_zero

Hint: Omit it from the simp argument list.
  simp only [MultiTapeTM.step, emitterClearCfg, emitterClearTM, Cfg.workTapeSymbols, Fin.val_zero,
  ̲  ̲ ̲ ̲ ̲ ̲Fin.val_one, N̵a̵t̵.̵o̵n̵e̵_̵n̵e̵_̵z̵e̵r̵o̵,̵ ̵↓reduceIte, hmark, reduceCtorEq, ↓reduceIte]

Note: This linter can be disabled with `set_option linter.unusedSimpArgs false`
TCSlib/Complexity/TuringMachine/Build/Primitives.lean:5006:8: warning: This simp argument is unused:
  Fin.val_zero

Hint: Omit it from the simp argument list.
  simp only [MultiTapeTM.step, emitterClearCfg, emitterClearTM, Cfg.workTapeSymbols,
          Fin.val_z̵e̵r̵o,̵ ̵F̵i̵n.̵v̵a̵l̵_̵o̵n̵e, Nat.one_ne_zero, ↓reduceIte, hblank, ↓reduceIte]

Note: This linter can be disabled with `set_option linter.unusedSimpArgs false`
TCSlib/Complexity/TuringMachine/Build/Primitives.lean:5006:22: warning: This simp argument is unused:
  Fin.val_one

Hint: Omit it from the simp argument list.
  simp only [MultiTapeTM.step, emitterClearCfg, emitterClearTM, Cfg.workTapeSymbols,
          Fin.val_zero, F̵i̵n̵.̵v̵a̵l̵_̵o̵n̵e̵,̵ ̵Nat.one_ne_zero, ↓reduceIte, hblank, ↓reduceIte]

Note: This linter can be disabled with `set_option linter.unusedSimpArgs false`
TCSlib/Complexity/TuringMachine/Build/Primitives.lean:5006:35: warning: This simp argument is unused:
  Nat.one_ne_zero

Hint: Omit it from the simp argument list.
  simp only [MultiTapeTM.step, emitterClearCfg, emitterClearTM, Cfg.workTapeSymbols,
          Fin.val_zero, Fin.val_one, N̵a̵t̵.̵o̵n̵e̵_̵n̵e̵_̵z̵e̵r̵o̵,̵ ̵↓reduceIte, hblank, ↓reduceIte]

Note: This linter can be disabled with `set_option linter.unusedSimpArgs false`
TCSlib/Complexity/TuringMachine/Build/Primitives.lean:5038:6: warning: This simp argument is unused:
  Fin.val_zero

Hint: Omit it from the simp argument list.
  simp only [MultiTapeTM.step, emitterClearCfg, emitterClearTM, Cfg.workTapeSymbols, F̵i̵n̵.̵v̵a̵l̵_̵z̵e̵r̵o̵,̵ ̵Fin.val_one,
  ̲  ̲ ̲ ̲ ̲ ̲Nat.one_ne_zero, ↓reduceIte, ↓reduceIte]

Note: This linter can be disabled with `set_option linter.unusedSimpArgs false`
TCSlib/Complexity/TuringMachine/Build/Primitives.lean:5038:20: warning: This simp argument is unused:
  Fin.val_one

Hint: Omit it from the simp argument list.
  simp only [MultiTapeTM.step, emitterClearCfg, emitterClearTM, Cfg.workTapeSymbols, Fin.val_zero,
  ̲  ̲ ̲ ̲ ̲ ̲F̵i̵n̵.̵v̵a̵l̵_̵o̵n̵e̵,̵ ̵Nat.one_ne_zero, ↓reduceIte, ↓reduceIte]

Note: This linter can be disabled with `set_option linter.unusedSimpArgs false`
TCSlib/Complexity/TuringMachine/Build/Primitives.lean:5038:33: warning: This simp argument is unused:
  Nat.one_ne_zero

Hint: Omit it from the simp argument list.
  simp only [MultiTapeTM.step, emitterClearCfg, emitterClearTM, Cfg.workTapeSymbols, Fin.val_zero,
  ̲  ̲ ̲ ̲ ̲ ̲Fin.val_one, N̵a̵t̵.̵o̵n̵e̵_̵n̵e̵_̵z̵e̵r̵o̵,̵ ̵↓reduceIte, ↓reduceIte]

Note: This linter can be disabled with `set_option linter.unusedSimpArgs false`
TCSlib/Complexity/TuringMachine/Build/Primitives.lean:5067:23: warning: This simp argument is unused:
  min_le_right

Hint: Omit it from the simp argument list.
  simp [emitterSpan, m̵i̵n̵_̵l̵e̵_̵r̵i̵g̵h̵t̵,̵ ̵le_max_right]

Note: This linter can be disabled with `set_option linter.unusedSimpArgs false`
TCSlib/Complexity/TuringMachine/Build/Primitives.lean:5067:37: warning: This simp argument is unused:
  le_max_right

Hint: Omit it from the simp argument list.
  simp [emitterSpan, min_le_right,̵ ̵l̵e̵_̵m̵a̵x̵_̵r̵i̵g̵h̵t̵]

Note: This linter can be disabled with `set_option linter.unusedSimpArgs false`
TCSlib/Complexity/TuringMachine/Build/Primitives.lean:5255:25: warning: This simp argument is unused:
  hspan

Hint: Omit it from the simp argument list.
  simp [emitterSpan, h̵s̵p̵a̵n̵,̵ ̵bufferTape, hn, List.getElem?_eq_none hlen]

Note: This linter can be disabled with `set_option linter.unusedSimpArgs false`
TCSlib/Complexity/TuringMachine/Build/Primitives.lean:5256:25: warning: This simp argument is unused:
  hspan

Hint: Omit it from the simp argument list.
  simp [emitterSpan, h̵s̵p̵a̵n̵,̵ ̵bufferTape, hn]

Note: This linter can be disabled with `set_option linter.unusedSimpArgs false`
TCSlib/Complexity/TuringMachine/Build/Primitives.lean:5573:37: warning: This simp argument is unused:
  emitterBankCfg

Hint: Omit it from the simp argument list.
  simp [e̵m̵i̵t̵t̵e̵r̵B̵a̵n̵k̵C̵f̵g̵,̵ ̵MultiTapeTM.step, hs, controlAction, Action.apply]

Note: This linter can be disabled with `set_option linter.unusedSimpArgs false`
TCSlib/Complexity/TuringMachine/Build/Primitives.lean:5573:53: warning: This simp argument is unused:
  MultiTapeTM.step

Hint: Omit it from the simp argument list.
  simp [emitterBankCfg, M̵u̵l̵t̵i̵T̵a̵p̵e̵T̵M̵.̵s̵t̵e̵p̵,̵ ̵hs, controlAction, Action.apply]

Note: This linter can be disabled with `set_option linter.unusedSimpArgs false`
TCSlib/Complexity/TuringMachine/Build/Primitives.lean:5573:90: warning: This simp argument is unused:
  Action.apply

Hint: Omit it from the simp argument list.
  simp [emitterBankCfg, MultiTapeTM.step, hs, controlAction,̵ ̵A̵c̵t̵i̵o̵n̵.̵a̵p̵p̵l̵y̵]

Note: This linter can be disabled with `set_option linter.unusedSimpArgs false`
TCSlib/Complexity/TuringMachine/Build/Primitives.lean:5578:44: warning: This simp argument is unused:
  MultiTapeTM.step

Hint: Omit it from the simp argument list.
  simp [emitterBankCfg, emitterSlots, M̵u̵l̵t̵i̵T̵a̵p̵e̵T̵M̵.̵s̵t̵e̵p̵,̵ ̵hs, controlAction, Action.apply, -Fin.natAdd_eq_addNat]

Note: This linter can be disabled with `set_option linter.unusedSimpArgs false`
TCSlib/Complexity/TuringMachine/Build/Primitives.lean:5583:44: warning: This simp argument is unused:
  MultiTapeTM.step

Hint: Omit it from the simp argument list.
  simp [emitterBankCfg, emitterSlots, M̵u̵l̵t̵i̵T̵a̵p̵e̵T̵M̵.̵s̵t̵e̵p̵,̵ ̵hs, controlAction, Action.apply, -Fin.natAdd_eq_addNat]

Note: This linter can be disabled with `set_option linter.unusedSimpArgs false`
TCSlib/Complexity/TuringMachine/Build/Primitives.lean:5589:44: warning: This simp argument is unused:
  MultiTapeTM.step

Hint: Omit it from the simp argument list.
  simp [emitterBankCfg, emitterSlots, M̵u̵l̵t̵i̵T̵a̵p̵e̵T̵M̵.̵s̵t̵e̵p̵,̵ ̵hs, controlAction, Action.apply, -Fin.natAdd_eq_addNat]

Note: This linter can be disabled with `set_option linter.unusedSimpArgs false`
TCSlib/Complexity/TuringMachine/Build/Primitives.lean:5594:44: warning: This simp argument is unused:
  MultiTapeTM.step

Hint: Omit it from the simp argument list.
  simp [emitterBankCfg, emitterSlots, M̵u̵l̵t̵i̵T̵a̵p̵e̵T̵M̵.̵s̵t̵e̵p̵,̵ ̵hs, controlAction, Action.apply, -Fin.natAdd_eq_addNat]

Note: This linter can be disabled with `set_option linter.unusedSimpArgs false`
TCSlib/Complexity/TuringMachine/Build/Primitives.lean:5802:27: warning: 'omega' tactic does nothing

Note: This linter can be disabled with `set_option linter.unusedTactic false`
TCSlib/Complexity/TuringMachine/Build/Primitives.lean:5802:27: warning: this tactic is never executed

Note: This linter can be disabled with `set_option linter.unreachableTactic false`
TCSlib/Complexity/TuringMachine/Build/Primitives.lean:6228:52: warning: This simp argument is unused:
  emitterP2PrepareCfg

Hint: Omit it from the simp argument list.
  simp [Action.apply, e̵m̵i̵t̵t̵e̵r̵P̵2̵P̵r̵e̵p̵a̵r̵e̵C̵f̵g̵,̵ ̵hwrite]

Note: This linter can be disabled with `set_option linter.unusedSimpArgs false`
TCSlib/Complexity/TuringMachine/Build/Primitives.lean:6229:52: warning: This simp argument is unused:
  emitterP2PrepareCfg

Hint: Omit it from the simp argument list.
  simp [Action.apply,̵ ̵e̵m̵i̵t̵t̵e̵r̵P̵2̵P̵r̵e̵p̵a̵r̵e̵C̵f̵g̵]

Note: This linter can be disabled with `set_option linter.unusedSimpArgs false`
TCSlib/Complexity/TuringMachine/Build/Primitives.lean:6264:37: warning: Used `tac1 <;> tac2` where `(tac1; tac2)` would suffice

Note: This linter can be disabled with `set_option linter.unnecessarySeqFocus false`
TCSlib/Complexity/TuringMachine/Build/Primitives.lean:6284:50: warning: This simp argument is unused:
  emitterP2PrepareCfg

Hint: Omit it from the simp argument list.
  simp [Action.apply,̵ ̵e̵m̵i̵t̵t̵e̵r̵P̵2̵P̵r̵e̵p̵a̵r̵e̵C̵f̵g̵]

Note: This linter can be disabled with `set_option linter.unusedSimpArgs false`
TCSlib/Complexity/TuringMachine/Build/Primitives.lean:6295:52: warning: This simp argument is unused:
  emitterP2PrepareCfg

Hint: Omit it from the simp argument list.
  simp [Action.apply, e̵m̵i̵t̵t̵e̵r̵P̵2̵P̵r̵e̵p̵a̵r̵e̵C̵f̵g̵,̵ ̵sub_eq_add_neg]

Note: This linter can be disabled with `set_option linter.unusedSimpArgs false`
TCSlib/Complexity/TuringMachine/Build/Primitives.lean:6314:50: warning: This simp argument is unused:
  emitterP2PrepareCfg

Hint: Omit it from the simp argument list.
  simp [Action.apply,̵ ̵e̵m̵i̵t̵t̵e̵r̵P̵2̵P̵r̵e̵p̵a̵r̵e̵C̵f̵g̵]

Note: This linter can be disabled with `set_option linter.unusedSimpArgs false`
TCSlib/Complexity/TuringMachine/Build/Primitives.lean:6325:52: warning: This simp argument is unused:
  emitterP2PrepareCfg

Hint: Omit it from the simp argument list.
  simp [Action.apply, e̵m̵i̵t̵t̵e̵r̵P̵2̵P̵r̵e̵p̵a̵r̵e̵C̵f̵g̵,̵ ̵sub_eq_add_neg]

Note: This linter can be disabled with `set_option linter.unusedSimpArgs false`
TCSlib/Complexity/TuringMachine/Build/Primitives.lean:6705:74: warning: This simp argument is unused:
  emitterP2RightIndex

Hint: Omit it from the simp argument list.
  simp [emitterP2LeftIndex,̵ ̵e̵m̵i̵t̵t̵e̵r̵P̵2̵R̵i̵g̵h̵t̵I̵n̵d̵e̵x̵] at hv

Note: This linter can be disabled with `set_option linter.unusedSimpArgs false`
TCSlib/Complexity/TuringMachine/Build/Primitives.lean:6719:54: warning: This simp argument is unused:
  emitterP2LeftIndex

Hint: Omit it from the simp argument list.
  simp [emitterP2L̵e̵f̵t̵I̵n̵d̵e̵x̵,̵ ̵e̵m̵i̵t̵t̵e̵r̵P̵2̵RightIndex] at hv

Note: This linter can be disabled with `set_option linter.unusedSimpArgs false`
TCSlib/Complexity/TuringMachine/Build/Primitives.lean:6726:56: warning: This simp argument is unused:
  emitterP2LeftIndex

Hint: Omit it from the simp argument list.
  simp [emitterP2L̵e̵f̵t̵I̵n̵d̵e̵x̵,̵ ̵e̵m̵i̵t̵t̵e̵r̵P̵2̵RightIndex] at hv

Note: This linter can be disabled with `set_option linter.unusedSimpArgs false`
TCSlib/Complexity/TuringMachine/Build/Primitives.lean:7455:6: warning: try 'simp' instead of 'simpa'

Note: This linter can be disabled with `set_option linter.unnecessarySimpa false`
TCSlib/Complexity/TuringMachine/Build/Primitives.lean:7455:6: warning: try 'simp' instead of 'simpa'

Note: This linter can be disabled with `set_option linter.unnecessarySimpa false`
TCSlib/Complexity/TuringMachine/Build/Primitives.lean:7458:6: warning: 'simp [MultiTapeTM.step, emitterTokenTM, Action.apply, scanCfg, List.append_assoc]' tactic does nothing

Note: This linter can be disabled with `set_option linter.unusedTactic false`
TCSlib/Complexity/TuringMachine/Build/Primitives.lean:7458:6: warning: this tactic is never executed

Note: This linter can be disabled with `set_option linter.unreachableTactic false`
TCSlib/Complexity/TuringMachine/Build/Primitives.lean:7509:63: warning: This simp argument is unused:
  List.append_assoc

Hint: Omit it from the simp argument list.
  simp [emitterTokenTM, Action.apply, scanCfg, pairEncode, L̵i̵s̵t̵.̵a̵p̵p̵e̵n̵d̵_̵a̵s̵s̵o̵c̵,̵ ̵hlen]

Note: This linter can be disabled with `set_option linter.unusedSimpArgs false`
== TCSlib/Complexity/ClassNP/PolyTimePairing  13:10:46
== TCSlib/Complexity/ClassP/DTIME  13:10:47
== TCSlib/Complexity/ClassP/P  13:10:48
== TCSlib/Complexity/ClassNP/NP  13:10:50
== TCSlib/Complexity/ClassNP/EXP  13:10:51
TCSlib/Complexity/ClassNP/EXP.lean:2734:66: warning: This simp argument is unused:
  bufferTape

Hint: Omit it from the simp argument list.
  simp [MultiTapeTM.initCfg, Cfg.init, a3LoadCfg,̵ ̵b̵u̵f̵f̵e̵r̵T̵a̵p̵e̵]

Note: This linter can be disabled with `set_option linter.unusedSimpArgs false`
TCSlib/Complexity/ClassNP/EXP.lean:2760:88: warning: This simp argument is unused:
  bufferTape

Hint: Omit it from the simp argument list.
  simp [Action.apply, Cfg.ofWords, stateWord, b̵u̵f̵f̵e̵r̵T̵a̵p̵e̵,̵ ̵hz]

Note: This linter can be disabled with `set_option linter.unusedSimpArgs false`
TCSlib/Complexity/ClassNP/EXP.lean:2778:66: warning: This simp argument is unused:
  a3LoadCfg

Hint: Omit it from the simp argument list.
  simp [Action.apply, a̵3̵L̵o̵a̵d̵C̵f̵g̵,̵ ̵hz]

Note: This linter can be disabled with `set_option linter.unusedSimpArgs false`
TCSlib/Complexity/ClassNP/EXP.lean:2779:66: warning: This simp argument is unused:
  a3LoadCfg

Hint: Omit it from the simp argument list.
  simp [Action.apply, a̵3̵L̵o̵a̵d̵C̵f̵g̵,̵ ̵hz, sub_eq_add_neg]

Note: This linter can be disabled with `set_option linter.unusedSimpArgs false`
== TCSlib/Complexity/ClassNP/ExpPoly  13:10:58
== TCSlib/Complexity/ClassNP/CoNP  13:11:00
== TCSlib/Complexity/ClassNP/PClosure  13:11:01
== TCSlib/Complexity/ClassNP/Transducer  13:11:02
== TCSlib/Complexity/SpaceComplexity/Basic  13:11:03
== TCSlib/Complexity/SpaceComplexity/ConfigCount  13:11:04
== TCSlib/Complexity/SpaceComplexity/Machines/Layout  13:11:06
== TCSlib/Complexity/SpaceComplexity/Machines/Program  13:11:08
== TCSlib/Complexity/SpaceComplexity/Machines/Sim  13:11:10
== TCSlib/Complexity/SpaceComplexity/Machines/CallReturn  13:11:13
== TCSlib/Complexity/SpaceComplexity/Machines/Call  13:11:15
== TCSlib/Complexity/SpaceComplexity/Machines/Compile  13:11:18
== TCSlib/Complexity/SpaceComplexity/Machines/CleanSweep  13:11:19
== TCSlib/Complexity/SpaceComplexity/Machines/Clean  13:11:21
== TCSlib/Complexity/SpaceComplexity/Machines/Bank  13:11:23
== TCSlib/Complexity/SpaceComplexity/Machines/Bin  13:11:24
== TCSlib/Complexity/SpaceComplexity/Machines/Lib  13:11:25
== TCSlib/Complexity/SpaceComplexity/Machines/FragDec  13:11:27
== TCSlib/Complexity/SpaceComplexity/Machines/Frag  13:11:29
== TCSlib/Complexity/SpaceComplexity/Machines/ParsePlain  13:11:31
== TCSlib/Complexity/SpaceComplexity/Machines/Parse  13:11:34
== TCSlib/Complexity/SpaceComplexity/Machines/Parse2  13:11:36
== TCSlib/Complexity/SpaceComplexity/Machines/ParseCmp  13:11:40
== TCSlib/Complexity/SpaceComplexity/Machines/ARM  13:11:43
== TCSlib/Complexity/SpaceComplexity/Machines/ARMSim  13:11:44
== TCSlib/Complexity/SpaceComplexity/Machines/ARMRun  13:11:46
== TCSlib/Complexity/SpaceComplexity/Machines/ARMProof  13:11:48
== TCSlib/Complexity/SpaceComplexity/ImplicitPoly  13:11:50
== TCSlib/Complexity/SpaceComplexity/Machines/ARMKit  13:11:53
== TCSlib/Complexity/SpaceComplexity/Machines/DblLang  13:11:55
== TCSlib/Complexity/SpaceComplexity/UnaryLogspace  13:11:57
== TCSlib/Complexity/SpaceComplexity/CounterProgSim  13:11:58
== TCSlib/Complexity/SpaceComplexity/CounterProgSimRun  13:12:00
== TCSlib/Complexity/SpaceComplexity  13:12:02
== TCSlib/Complexity/TimeHierarchy/ClockMachine  13:12:03
== TCSlib/Complexity/TimeHierarchy/ClockLoop  13:12:05
== TCSlib/Complexity/TimeHierarchy/CodePrefix  13:12:07
== TCSlib/Complexity/TuringMachine/CodeParser  13:12:08
TCSlib/Complexity/TuringMachine/CodeParser.lean:339:13: warning: This simp argument is unused:
  codeBitsNat_bits

Hint: Omit it from the simp argument list.
  simp only [c̵o̵d̵e̵B̵i̵t̵s̵N̵a̵t̵_̵b̵i̵t̵s̵,̵ ̵List.append_assoc, codeReadFin_append, bind, Option.bind,
  ̵  ̵ ̵ ̵codeReadTable_append,
  ̲  ̲ ̲ ̲List.all_replicate, id_eq, Bool.true_eq, or_true,
  ̵  ̵ ̵ ̵ite_self, ↓reduceIte, pure]

Note: This linter can be disabled with `set_option linter.unusedSimpArgs false`
TCSlib/Complexity/TuringMachine/CodeParser.lean:339:70: warning: This simp argument is unused:
  bind

Hint: Omit it from the simp argument list.
  simp only [codeBitsNat_bits, List.append_assoc, codeReadFin_append, b̵i̵n̵d̵,̵ ̵Option.bind,
      codeReadTable_append, List.all_replicate, id_eq, Bool.true_eq, or_true,
  ̵  ̵ ̵ ̵ite_self, ↓reduceIte,
  ̲  ̲ ̲ ̲pure]

Note: This linter can be disabled with `set_option linter.unusedSimpArgs false`
TCSlib/Complexity/TuringMachine/CodeParser.lean:339:76: warning: This simp argument is unused:
  Option.bind

Hint: Omit it from the simp argument list.
  simp only [codeBitsNat_bits, List.append_assoc, codeReadFin_append, bind, O̵p̵t̵i̵o̵n̵.̵b̵i̵n̵d̵,̵
  ̵ ̵ ̵ ̵ ̵codeReadTable_append,
  ̲  ̲ ̲ ̲List.all_replicate, id_eq, Bool.true_eq, or_true,
  ̵  ̵ ̵ ̵ite_self, ↓reduceIte, pure]

Note: This linter can be disabled with `set_option linter.unusedSimpArgs false`
TCSlib/Complexity/TuringMachine/CodeParser.lean:340:53: warning: This simp argument is unused:
  Bool.true_eq

Hint: Omit it from the simp argument list.
  simp only [codeBitsNat_bits, List.append_assoc, codeReadFin_append, bind, Option.bind,
      codeReadTable_append, List.all_replicate, id_eq, B̵oo̵l̵.̵t̵ru̵e̵_e̵q̵,̵ ̵o̵r̵_̵true,
  ̵  ̵ ̵ ̵ite_self, ↓reduceIte, pure]

Note: This linter can be disabled with `set_option linter.unusedSimpArgs false`
TCSlib/Complexity/TuringMachine/CodeParser.lean:340:67: warning: This simp argument is unused:
  or_true

Hint: Omit it from the simp argument list.
  simp only [codeBitsNat_bits, List.append_assoc, codeReadFin_append, bind, Option.bind,
      codeReadTable_append, List.all_replicate, id_eq, Bool.true_eq, o̵r̵_̵t̵r̵u̵e̵,̵
  ̵ ̵ ̵ ̵ ̵ite_self, ↓reduceIte, pure]

Note: This linter can be disabled with `set_option linter.unusedSimpArgs false`
TCSlib/Complexity/TuringMachine/CodeParser.lean:420:43: warning: This simp argument is unused:
  h₁

Hint: Omit it from the simp argument list.
  simp [pairDecode, h₁̵,̵ ̵h̵₂, h₃] at h

Note: This linter can be disabled with `set_option linter.unusedSimpArgs false`
TCSlib/Complexity/TuringMachine/CodeParser.lean:420:47: warning: This simp argument is unused:
  h₂

Hint: Omit it from the simp argument list.
  simp [pairDecode, h₁, h₂̵,̵ ̵h̵₃] at h

Note: This linter can be disabled with `set_option linter.unusedSimpArgs false`
TCSlib/Complexity/TuringMachine/CodeParser.lean:420:51: warning: This simp argument is unused:
  h₃

Hint: Omit it from the simp argument list.
  simp [pairDecode, h₁, h₂,̵ ̵h̵₃̵] at h

Note: This linter can be disabled with `set_option linter.unusedSimpArgs false`
== TCSlib/Complexity/TuringMachine/MathlibBridge  13:12:10
TCSlib/Complexity/TuringMachine/MathlibBridge.lean:450:8: warning: This simp argument is unused:
  Function.update_self

Hint: Omit it from the simp argument list.
  simp only [Action.apply, bridgeOne, bridgeCfg, ↓reduceIte, bridgeKey_index, F̵u̵n̵c̵t̵i̵o̵n̵.̵u̵p̵d̵a̵t̵e̵_̵s̵e̵l̵f̵,̵ ̵hs]

Note: This linter can be disabled with `set_option linter.unusedSimpArgs false`
TCSlib/Complexity/TuringMachine/MathlibBridge.lean:456:12: warning: This simp argument is unused:
  Action.apply_workTapes

Hint: Omit it from the simp argument list.
  simp [A̵c̵t̵i̵o̵n̵.̵a̵p̵p̵l̵y̵_̵w̵o̵r̵k̵T̵a̵p̵e̵s̵,̵ ̵bridgeOne, bridgeCfg, hi, hk]

Note: This linter can be disabled with `set_option linter.unusedSimpArgs false`
TCSlib/Complexity/TuringMachine/MathlibBridge.lean:461:8: warning: This simp argument is unused:
  Function.update_self

Hint: Omit it from the simp argument list.
  simp only [Action.apply, bridgeOne, bridgeCfg, ↓reduceIte, bridgeKey_index, F̵u̵n̵c̵t̵i̵o̵n̵.̵u̵p̵d̵a̵t̵e̵_̵s̵e̵l̵f̵,̵ ̵hs,
  ̲  ̲ ̲ ̲ ̲ ̲ ̲ ̲SignType.pos_eq_one, SignType.coe_one, List.length_cons, Nat.cast_add, Nat.cast_one]

Note: This linter can be disabled with `set_option linter.unusedSimpArgs false`
TCSlib/Complexity/TuringMachine/MathlibBridge.lean:486:8: warning: This simp argument is unused:
  Function.update_self

Hint: Omit it from the simp argument list.
  simp only [Action.apply, bridgeOne, bridgeCfg, ↓reduceIte, bridgeKey_index,
          F̵u̵n̵c̵t̵i̵o̵n̵.̵u̵p̵d̵a̵t̵e̵_̵s̵e̵l̵f̵,̵ ̵SignType.neg_eq_neg_one, SignType.coe_neg_one]

Note: This linter can be disabled with `set_option linter.unusedSimpArgs false`
TCSlib/Complexity/TuringMachine/MathlibBridge.lean:492:12: warning: This simp argument is unused:
  Action.apply_workTapes

Hint: Omit it from the simp argument list.
  simp [A̵c̵t̵i̵o̵n̵.̵a̵p̵p̵l̵y̵_̵w̵o̵r̵k̵T̵a̵p̵e̵s̵,̵ ̵bridgeOne, bridgeCfg, hi, hk]

Note: This linter can be disabled with `set_option linter.unusedSimpArgs false`
TCSlib/Complexity/TuringMachine/MathlibBridge.lean:497:8: warning: This simp argument is unused:
  Function.update_self

Hint: Omit it from the simp argument list.
  simp only [Action.apply, bridgeOne, bridgeCfg, ↓reduceIte, bridgeKey_index,
          F̵u̵n̵c̵t̵i̵o̵n̵.̵u̵p̵d̵a̵t̵e̵_̵s̵e̵l̵f̵,̵ ̵SignType.neg_eq_neg_one, SignType.coe_neg_one, SignType.zero_eq_zero, SignType.coe_zero,
  ̲  ̲ ̲ ̲ ̲ ̲ ̲ ̲List.length_cons, Nat.cast_add, Nat.cast_one]

Note: This linter can be disabled with `set_option linter.unusedSimpArgs false`
TCSlib/Complexity/TuringMachine/MathlibBridge.lean:498:50: warning: This simp argument is unused:
  List.length_cons

Hint: Omit it from the simp argument list.
  simp only [Action.apply, bridgeOne, bridgeCfg, ↓reduceIte, bridgeKey_index,
          Function.update_self, SignType.neg_eq_neg_one, SignType.coe_neg_one, SignType.zero_eq_zero,
  ̲  ̲ ̲ ̲ ̲ ̲ ̲ ̲SignType.coe_zero, L̵i̵s̵t̵.̵l̵e̵n̵g̵t̵h̵_̵c̵o̵n̵s̵,̵ ̵Nat.cast_add, Nat.cast_one]

Note: This linter can be disabled with `set_option linter.unusedSimpArgs false`
TCSlib/Complexity/TuringMachine/MathlibBridge.lean:498:68: warning: This simp argument is unused:
  Nat.cast_add

Hint: Omit it from the simp argument list.
  simp only [Action.apply, bridgeOne, bridgeCfg, ↓reduceIte, bridgeKey_index,
          Function.update_self, SignType.neg_eq_neg_one, SignType.coe_neg_one, SignType.zero_eq_zero,
  ̲  ̲ ̲ ̲ ̲ ̲ ̲ ̲SignType.coe_zero, List.length_cons, N̵a̵t̵.̵c̵a̵s̵t̵_̵a̵d̵d̵,̵ ̵Nat.cast_one]

Note: This linter can be disabled with `set_option linter.unusedSimpArgs false`
TCSlib/Complexity/TuringMachine/MathlibBridge.lean:498:82: warning: This simp argument is unused:
  Nat.cast_one

Hint: Omit it from the simp argument list.
  simp only [Action.apply, bridgeOne, bridgeCfg, ↓reduceIte, bridgeKey_index,
          Function.update_self, SignType.neg_eq_neg_one, SignType.coe_neg_one, SignType.zero_eq_zero,
  ̲  ̲ ̲ ̲ ̲ ̲ ̲ ̲SignType.coe_zero, List.length_cons, N̵a̵t̵.̵c̵a̵s̵t̵_̵a̵d̵d̵,̵ ̵N̵a̵t̵.̵c̵a̵s̵t̵_̵o̵n̵e̵]̵N̲a̲t̲.̲c̲a̲s̲t̲_̲a̲d̲d̲]̲

Note: This linter can be disabled with `set_option linter.unusedSimpArgs false`
TCSlib/Complexity/TuringMachine/MathlibBridge.lean:721:32: warning: This simp argument is unused:
  Num.cast_zero

Hint: Omit it from the simp argument list.
  simp only [Num.to_of_nat,̵ ̵N̵u̵m̵.̵c̵a̵s̵t̵_̵z̵e̵r̵o̵] at hz

Note: This linter can be disabled with `set_option linter.unusedSimpArgs false`
TCSlib/Complexity/TuringMachine/MathlibBridge.lean:823:75: warning: This simp argument is unused:
  hk

Hint: Omit it from the simp argument list.
  simp [bridgeStore, PartrecToTM2.K'.elim, hi, hk̵,̵ ̵h̵] at *

Note: This linter can be disabled with `set_option linter.unusedSimpArgs false`
TCSlib/Complexity/TuringMachine/MathlibBridge.lean:871:15: warning: This simp argument is unused:
  Action.apply

Hint: Omit it from the simp argument list.
  simp only [̵A̵c̵t̵i̵o̵n̵.̵a̵p̵p̵l̵y̵,̵ ̵b̵r̵i̵d̵g̵e̵C̵f̵g̵,̵[̲b̲r̲i̲d̲g̲e̲C̲f̲g̲,̲ bridgeOne, SignType.zero_eq_zero, moveInputPos_zero]

Note: This linter can be disabled with `set_option linter.unusedSimpArgs false`
TCSlib/Complexity/TuringMachine/MathlibBridge.lean:871:40: warning: This simp argument is unused:
  bridgeOne

Hint: Omit it from the simp argument list.
  simp only [Action.apply, bridgeCfg, b̵r̵i̵d̵g̵e̵O̵n̵e̵,̵ ̵SignType.zero_eq_zero, moveInputPos_zero]

Note: This linter can be disabled with `set_option linter.unusedSimpArgs false`
TCSlib/Complexity/TuringMachine/MathlibBridge.lean:880:41: warning: This simp argument is unused:
  SignType.coe_zero

Hint: Omit it from the simp argument list.
  simp only [bridgeCfg, bridgeStore_at, ↓reduceIte, List.length_nil, Nat.cast_zero, neg_zero,
  ̲  ̲ ̲ ̲ ̲ ̲ ̲ ̲SignType.zero_eq_zero, S̵i̵g̵n̵T̵y̵p̵e̵.̵c̵o̵e̵_̵z̵e̵r̵o̵,̵ ̵SignType.neg_eq_neg_one, SignType.coe_neg_one, zero_add]

Note: This linter can be disabled with `set_option linter.unusedSimpArgs false`
== TCSlib/Complexity/TuringMachine/UniversalStartup  13:12:12
TCSlib/Complexity/TuringMachine/UniversalStartup.lean:160:54: warning: This simp argument is unused:
  Fin.val_mk

Hint: Omit it from the simp argument list.
  simp only ̵[̵F̵i̵n̵.̵v̵a̵l̵_̵m̵k̵]̵

Note: This linter can be disabled with `set_option linter.unusedSimpArgs false`
TCSlib/Complexity/TuringMachine/UniversalStartup.lean:164:54: warning: This simp argument is unused:
  Fin.val_mk

Hint: Omit it from the simp argument list.
  simp only ̵[̵F̵i̵n̵.̵v̵a̵l̵_̵m̵k̵]̵

Note: This linter can be disabled with `set_option linter.unusedSimpArgs false`
TCSlib/Complexity/TuringMachine/UniversalStartup.lean:190:52: warning: This simp argument is unused:
  Fin.val_mk

Hint: Omit it from the simp argument list.
  simp only ̵[̵F̵i̵n̵.̵v̵a̵l̵_̵m̵k̵]̵

Note: This linter can be disabled with `set_option linter.unusedSimpArgs false`
TCSlib/Complexity/TuringMachine/UniversalStartup.lean:197:54: warning: This simp argument is unused:
  Fin.val_mk

Hint: Omit it from the simp argument list.
  simp only ̵[̵F̵i̵n̵.̵v̵a̵l̵_̵m̵k̵]̵

Note: This linter can be disabled with `set_option linter.unusedSimpArgs false`
TCSlib/Complexity/TuringMachine/UniversalStartup.lean:215:52: warning: This simp argument is unused:
  Fin.val_mk

Hint: Omit it from the simp argument list.
  simp only ̵[̵F̵i̵n̵.̵v̵a̵l̵_̵m̵k̵]̵

Note: This linter can be disabled with `set_option linter.unusedSimpArgs false`
TCSlib/Complexity/TuringMachine/UniversalStartup.lean:274:46: warning: This simp argument is unused:
  VirtualTag

Hint: Omit it from the simp argument list.
  simp_all ̵[̵V̵i̵r̵t̵u̵a̵l̵T̵a̵g̵]̵

Note: This linter can be disabled with `set_option linter.unusedSimpArgs false`
== TCSlib/Complexity/TuringMachine/UniversalInterpreter  13:12:13
TCSlib/Complexity/TuringMachine/UniversalInterpreter.lean:330:15: warning: try 'simp' instead of 'simpa'

Note: This linter can be disabled with `set_option linter.unnecessarySimpa false`
TCSlib/Complexity/TuringMachine/UniversalInterpreter.lean:353:6: warning: try 'simp' instead of 'simpa'

Note: This linter can be disabled with `set_option linter.unnecessarySimpa false`
TCSlib/Complexity/TuringMachine/UniversalInterpreter.lean:378:83: warning: Used `tac1 <;> tac2` where `(tac1; tac2)` would suffice

Note: This linter can be disabled with `set_option linter.unnecessarySeqFocus false`
TCSlib/Complexity/TuringMachine/UniversalInterpreter.lean:439:60: warning: This simp argument is unused:
  zero_add

Hint: Omit it from the simp argument list.
  simp only [universalStateWindow, Nat.cast_zero, add_zero,̵ ̵z̵e̵r̵o̵_̵a̵d̵d̵]

Note: This linter can be disabled with `set_option linter.unusedSimpArgs false`
TCSlib/Complexity/TuringMachine/UniversalInterpreter.lean:503:15: warning: try 'simp' instead of 'simpa'

Note: This linter can be disabled with `set_option linter.unnecessarySimpa false`
TCSlib/Complexity/TuringMachine/UniversalInterpreter.lean:510:15: warning: try 'simp' instead of 'simpa'

Note: This linter can be disabled with `set_option linter.unnecessarySimpa false`
TCSlib/Complexity/TuringMachine/UniversalInterpreter.lean:519:71: warning: Used `tac1 <;> tac2` where `(tac1; tac2)` would suffice

Note: This linter can be disabled with `set_option linter.unnecessarySeqFocus false`
TCSlib/Complexity/TuringMachine/UniversalInterpreter.lean:519:83: warning: Used `tac1 <;> tac2` where `(tac1; tac2)` would suffice

Note: This linter can be disabled with `set_option linter.unnecessarySeqFocus false`
TCSlib/Complexity/TuringMachine/UniversalInterpreter.lean:546:15: warning: try 'simp' instead of 'simpa'

Note: This linter can be disabled with `set_option linter.unnecessarySimpa false`
TCSlib/Complexity/TuringMachine/UniversalInterpreter.lean:553:15: warning: try 'simp' instead of 'simpa'

Note: This linter can be disabled with `set_option linter.unnecessarySimpa false`
TCSlib/Complexity/TuringMachine/UniversalInterpreter.lean:563:39: warning: Used `tac1 <;> tac2` where `(tac1; tac2)` would suffice

Note: This linter can be disabled with `set_option linter.unnecessarySeqFocus false`
TCSlib/Complexity/TuringMachine/UniversalInterpreter.lean:1020:75: warning: Used `tac1 <;> tac2` where `(tac1; tac2)` would suffice

Note: This linter can be disabled with `set_option linter.unnecessarySeqFocus false`
TCSlib/Complexity/TuringMachine/UniversalInterpreter.lean:1021:16: warning: Used `tac1 <;> tac2` where `(tac1; tac2)` would suffice

Note: This linter can be disabled with `set_option linter.unnecessarySeqFocus false`
TCSlib/Complexity/TuringMachine/UniversalInterpreter.lean:1021:28: warning: Used `tac1 <;> tac2` where `(tac1; tac2)` would suffice

Note: This linter can be disabled with `set_option linter.unnecessarySeqFocus false`
== TCSlib/Complexity/TuringMachine/UniversalBlock  13:12:17
TCSlib/Complexity/TuringMachine/UniversalBlock.lean:68:15: warning: try 'simp' instead of 'simpa'

Note: This linter can be disabled with `set_option linter.unnecessarySimpa false`
TCSlib/Complexity/TuringMachine/UniversalBlock.lean:83:15: warning: try 'simp' instead of 'simpa'

Note: This linter can be disabled with `set_option linter.unnecessarySimpa false`
TCSlib/Complexity/TuringMachine/UniversalBlock.lean:62:10: warning: unused variable `h`

Note: This linter can be disabled with `set_option linter.unusedVariables false`
TCSlib/Complexity/TuringMachine/UniversalBlock.lean:79:64: warning: This simp argument is unused:
  universalSkipDone

Hint: Omit it from the simp argument list.
  simp [universalInterpreter, universalFour, hr, h, hz,̵ ̵u̵n̵i̵v̵e̵r̵s̵a̵l̵S̵k̵i̵p̵D̵o̵n̵e̵]

Note: This linter can be disabled with `set_option linter.unusedSimpArgs false`
TCSlib/Complexity/TuringMachine/UniversalBlock.lean:93:50: warning: Used `tac1 <;> tac2` where `(tac1; tac2)` would suffice

Note: This linter can be disabled with `set_option linter.unnecessarySeqFocus false`
TCSlib/Complexity/TuringMachine/UniversalBlock.lean:93:62: warning: Used `tac1 <;> tac2` where `(tac1; tac2)` would suffice

Note: This linter can be disabled with `set_option linter.unnecessarySeqFocus false`
TCSlib/Complexity/TuringMachine/UniversalBlock.lean:108:10: warning: unused variable `h`

Note: This linter can be disabled with `set_option linter.unusedVariables false`
TCSlib/Complexity/TuringMachine/UniversalBlock.lean:164:53: warning: Used `tac1 <;> tac2` where `(tac1; tac2)` would suffice

Note: This linter can be disabled with `set_option linter.unnecessarySeqFocus false`
TCSlib/Complexity/TuringMachine/UniversalBlock.lean:164:65: warning: Used `tac1 <;> tac2` where `(tac1; tac2)` would suffice

Note: This linter can be disabled with `set_option linter.unnecessarySeqFocus false`
TCSlib/Complexity/TuringMachine/UniversalBlock.lean:185:50: warning: This simp argument is unused:
  Nat.add_zero

Hint: Omit it from the simp argument list.
  simp only [List.length_nil, List.flatMap_nil, Nat.a̵d̵d̵_̵zero,̵ ̵N̵a̵t̵.̵z̵e̵r̵o̵_add,
  ̵  ̵ ̵ ̵ ̵ ̵Nat.cast_zero, add_zero,
  ̲  ̲ ̲ ̲ ̲ ̲MultiTapeTM.runFrom_succ_eq_step, MultiTapeTM.runFrom_zero]

Note: This linter can be disabled with `set_option linter.unusedSimpArgs false`
TCSlib/Complexity/TuringMachine/UniversalBlock.lean:244:40: warning: try 'simp' instead of 'simpa'

Note: This linter can be disabled with `set_option linter.unnecessarySimpa false`
TCSlib/Complexity/TuringMachine/UniversalBlock.lean:271:40: warning: try 'simp' instead of 'simpa'

Note: This linter can be disabled with `set_option linter.unnecessarySimpa false`
TCSlib/Complexity/TuringMachine/UniversalBlock.lean:289:6: warning: this tactic is never executed

Note: This linter can be disabled with `set_option linter.unreachableTactic false`
TCSlib/Complexity/TuringMachine/UniversalBlock.lean:289:61: warning: this tactic is never executed

Note: This linter can be disabled with `set_option linter.unreachableTactic false`
TCSlib/Complexity/TuringMachine/UniversalBlock.lean:289:73: warning: this tactic is never executed

Note: This linter can be disabled with `set_option linter.unreachableTactic false`
TCSlib/Complexity/TuringMachine/UniversalBlock.lean:289:6: warning: 'simp only [Fin.val_mk, Nat.cast_add, Nat.cast_one]' tactic does nothing

Note: This linter can be disabled with `set_option linter.unusedTactic false`
TCSlib/Complexity/TuringMachine/UniversalBlock.lean:289:61: warning: 'congr 1' tactic does nothing

Note: This linter can be disabled with `set_option linter.unusedTactic false`
TCSlib/Complexity/TuringMachine/UniversalBlock.lean:289:73: warning: 'omega' tactic does nothing

Note: This linter can be disabled with `set_option linter.unusedTactic false`
TCSlib/Complexity/TuringMachine/UniversalBlock.lean:313:15: warning: try 'simp' instead of 'simpa'

Note: This linter can be disabled with `set_option linter.unnecessarySimpa false`
TCSlib/Complexity/TuringMachine/UniversalBlock.lean:321:15: warning: try 'simp' instead of 'simpa'

Note: This linter can be disabled with `set_option linter.unnecessarySimpa false`
TCSlib/Complexity/TuringMachine/UniversalBlock.lean:426:40: warning: try 'simp' instead of 'simpa'

Note: This linter can be disabled with `set_option linter.unnecessarySimpa false`
TCSlib/Complexity/TuringMachine/UniversalBlock.lean:574:68: warning: This simp argument is unused:
  Fin.val_mk

Hint: Omit it from the simp argument list.
  simp only ̵[̵F̵i̵n̵.̵v̵a̵l̵_̵m̵k̵]̵

Note: This linter can be disabled with `set_option linter.unusedSimpArgs false`
== TCSlib/Complexity/TuringMachine/Universal  13:12:20
TCSlib/Complexity/TuringMachine/Universal.lean:310:15: warning: try 'simp' instead of 'simpa'

Note: This linter can be disabled with `set_option linter.unnecessarySimpa false`
TCSlib/Complexity/TuringMachine/Universal.lean:333:6: warning: try 'simp' instead of 'simpa'

Note: This linter can be disabled with `set_option linter.unnecessarySimpa false`
TCSlib/Complexity/TuringMachine/Universal.lean:358:83: warning: Used `tac1 <;> tac2` where `(tac1; tac2)` would suffice

Note: This linter can be disabled with `set_option linter.unnecessarySeqFocus false`
TCSlib/Complexity/TuringMachine/Universal.lean:423:15: warning: try 'simp' instead of 'simpa'

Note: This linter can be disabled with `set_option linter.unnecessarySimpa false`
TCSlib/Complexity/TuringMachine/Universal.lean:430:15: warning: try 'simp' instead of 'simpa'

Note: This linter can be disabled with `set_option linter.unnecessarySimpa false`
TCSlib/Complexity/TuringMachine/Universal.lean:439:71: warning: Used `tac1 <;> tac2` where `(tac1; tac2)` would suffice

Note: This linter can be disabled with `set_option linter.unnecessarySeqFocus false`
TCSlib/Complexity/TuringMachine/Universal.lean:439:83: warning: Used `tac1 <;> tac2` where `(tac1; tac2)` would suffice

Note: This linter can be disabled with `set_option linter.unnecessarySeqFocus false`
TCSlib/Complexity/TuringMachine/Universal.lean:466:15: warning: try 'simp' instead of 'simpa'

Note: This linter can be disabled with `set_option linter.unnecessarySimpa false`
TCSlib/Complexity/TuringMachine/Universal.lean:473:15: warning: try 'simp' instead of 'simpa'

Note: This linter can be disabled with `set_option linter.unnecessarySimpa false`
TCSlib/Complexity/TuringMachine/Universal.lean:483:39: warning: Used `tac1 <;> tac2` where `(tac1; tac2)` would suffice

Note: This linter can be disabled with `set_option linter.unnecessarySeqFocus false`
TCSlib/Complexity/TuringMachine/Universal.lean:617:75: warning: Used `tac1 <;> tac2` where `(tac1; tac2)` would suffice

Note: This linter can be disabled with `set_option linter.unnecessarySeqFocus false`
TCSlib/Complexity/TuringMachine/Universal.lean:618:16: warning: Used `tac1 <;> tac2` where `(tac1; tac2)` would suffice

Note: This linter can be disabled with `set_option linter.unnecessarySeqFocus false`
TCSlib/Complexity/TuringMachine/Universal.lean:618:28: warning: Used `tac1 <;> tac2` where `(tac1; tac2)` would suffice

Note: This linter can be disabled with `set_option linter.unnecessarySeqFocus false`
TCSlib/Complexity/TuringMachine/Universal.lean:640:15: warning: try 'simp' instead of 'simpa'

Note: This linter can be disabled with `set_option linter.unnecessarySimpa false`
TCSlib/Complexity/TuringMachine/Universal.lean:655:15: warning: try 'simp' instead of 'simpa'

Note: This linter can be disabled with `set_option linter.unnecessarySimpa false`
TCSlib/Complexity/TuringMachine/Universal.lean:634:10: warning: unused variable `h`

Note: This linter can be disabled with `set_option linter.unusedVariables false`
TCSlib/Complexity/TuringMachine/Universal.lean:651:85: warning: This simp argument is unused:
  universalSkipDone

Hint: Omit it from the simp argument list.
  simp [timedCutInterpreter, universalInterpreter, universalFour, hr, h, hz,̵ ̵u̵n̵i̵v̵e̵r̵s̵a̵l̵S̵k̵i̵p̵D̵o̵n̵e̵]

Note: This linter can be disabled with `set_option linter.unusedSimpArgs false`
TCSlib/Complexity/TuringMachine/Universal.lean:665:50: warning: Used `tac1 <;> tac2` where `(tac1; tac2)` would suffice

Note: This linter can be disabled with `set_option linter.unnecessarySeqFocus false`
TCSlib/Complexity/TuringMachine/Universal.lean:665:62: warning: Used `tac1 <;> tac2` where `(tac1; tac2)` would suffice

Note: This linter can be disabled with `set_option linter.unnecessarySeqFocus false`
TCSlib/Complexity/TuringMachine/Universal.lean:680:10: warning: unused variable `h`

Note: This linter can be disabled with `set_option linter.unusedVariables false`
TCSlib/Complexity/TuringMachine/Universal.lean:736:53: warning: Used `tac1 <;> tac2` where `(tac1; tac2)` would suffice

Note: This linter can be disabled with `set_option linter.unnecessarySeqFocus false`
TCSlib/Complexity/TuringMachine/Universal.lean:736:65: warning: Used `tac1 <;> tac2` where `(tac1; tac2)` would suffice

Note: This linter can be disabled with `set_option linter.unnecessarySeqFocus false`
TCSlib/Complexity/TuringMachine/Universal.lean:757:50: warning: This simp argument is unused:
  Nat.add_zero

Hint: Omit it from the simp argument list.
  simp only [List.length_nil, List.flatMap_nil, Nat.a̵d̵d̵_̵zero,̵ ̵N̵a̵t̵.̵z̵e̵r̵o̵_add,
  ̵  ̵ ̵ ̵ ̵ ̵Nat.cast_zero, add_zero,
  ̲  ̲ ̲ ̲ ̲ ̲MultiTapeTM.runFrom_succ_eq_step, MultiTapeTM.runFrom_zero]

Note: This linter can be disabled with `set_option linter.unusedSimpArgs false`
TCSlib/Complexity/TuringMachine/Universal.lean:816:40: warning: try 'simp' instead of 'simpa'

Note: This linter can be disabled with `set_option linter.unnecessarySimpa false`
TCSlib/Complexity/TuringMachine/Universal.lean:843:40: warning: try 'simp' instead of 'simpa'

Note: This linter can be disabled with `set_option linter.unnecessarySimpa false`
TCSlib/Complexity/TuringMachine/Universal.lean:861:6: warning: this tactic is never executed

Note: This linter can be disabled with `set_option linter.unreachableTactic false`
TCSlib/Complexity/TuringMachine/Universal.lean:861:61: warning: this tactic is never executed

Note: This linter can be disabled with `set_option linter.unreachableTactic false`
TCSlib/Complexity/TuringMachine/Universal.lean:861:73: warning: this tactic is never executed

Note: This linter can be disabled with `set_option linter.unreachableTactic false`
TCSlib/Complexity/TuringMachine/Universal.lean:861:6: warning: 'simp only [Fin.val_mk, Nat.cast_add, Nat.cast_one]' tactic does nothing

Note: This linter can be disabled with `set_option linter.unusedTactic false`
TCSlib/Complexity/TuringMachine/Universal.lean:861:61: warning: 'congr 1' tactic does nothing

Note: This linter can be disabled with `set_option linter.unusedTactic false`
TCSlib/Complexity/TuringMachine/Universal.lean:861:73: warning: 'omega' tactic does nothing

Note: This linter can be disabled with `set_option linter.unusedTactic false`
TCSlib/Complexity/TuringMachine/Universal.lean:885:15: warning: try 'simp' instead of 'simpa'

Note: This linter can be disabled with `set_option linter.unnecessarySimpa false`
TCSlib/Complexity/TuringMachine/Universal.lean:893:15: warning: try 'simp' instead of 'simpa'

Note: This linter can be disabled with `set_option linter.unnecessarySimpa false`
TCSlib/Complexity/TuringMachine/Universal.lean:1002:40: warning: try 'simp' instead of 'simpa'

Note: This linter can be disabled with `set_option linter.unnecessarySimpa false`
TCSlib/Complexity/TuringMachine/Universal.lean:1102:68: warning: This simp argument is unused:
  Fin.val_mk

Hint: Omit it from the simp argument list.
  simp only ̵[̵F̵i̵n̵.̵v̵a̵l̵_̵m̵k̵]̵

Note: This linter can be disabled with `set_option linter.unusedSimpArgs false`
TCSlib/Complexity/TuringMachine/Universal.lean:1480:16: warning: this tactic is never executed

Note: This linter can be disabled with `set_option linter.unreachableTactic false`
TCSlib/Complexity/TuringMachine/Universal.lean:1480:34: warning: this tactic is never executed

Note: This linter can be disabled with `set_option linter.unreachableTactic false`
TCSlib/Complexity/TuringMachine/Universal.lean:1480:61: warning: this tactic is never executed

Note: This linter can be disabled with `set_option linter.unreachableTactic false`
TCSlib/Complexity/TuringMachine/Universal.lean:1480:16: warning: 'apply Fin.ext' tactic does nothing

Note: This linter can be disabled with `set_option linter.unusedTactic false`
TCSlib/Complexity/TuringMachine/Universal.lean:1480:34: warning: 'simp only [Fin.val_mk]' tactic does nothing

Note: This linter can be disabled with `set_option linter.unusedTactic false`
TCSlib/Complexity/TuringMachine/Universal.lean:1480:61: warning: 'omega' tactic does nothing

Note: This linter can be disabled with `set_option linter.unusedTactic false`
TCSlib/Complexity/TuringMachine/Universal.lean:1574:30: warning: This simp argument is unused:
  Nat.reduceAdd

Hint: Omit it from the simp argument list.
  simp only [Nat.add_assoc,̵ ̵N̵a̵t̵.̵r̵e̵d̵u̵c̵e̵A̵d̵d̵]

Note: This linter can be disabled with `set_option linter.unusedSimpArgs false`
TCSlib/Complexity/TuringMachine/Universal.lean:1579:16: warning: this tactic is never executed

Note: This linter can be disabled with `set_option linter.unreachableTactic false`
TCSlib/Complexity/TuringMachine/Universal.lean:1579:34: warning: this tactic is never executed

Note: This linter can be disabled with `set_option linter.unreachableTactic false`
TCSlib/Complexity/TuringMachine/Universal.lean:1579:61: warning: this tactic is never executed

Note: This linter can be disabled with `set_option linter.unreachableTactic false`
TCSlib/Complexity/TuringMachine/Universal.lean:1579:16: warning: 'apply Fin.ext' tactic does nothing

Note: This linter can be disabled with `set_option linter.unusedTactic false`
TCSlib/Complexity/TuringMachine/Universal.lean:1579:34: warning: 'simp only [Fin.val_mk]' tactic does nothing

Note: This linter can be disabled with `set_option linter.unusedTactic false`
TCSlib/Complexity/TuringMachine/Universal.lean:1579:61: warning: 'omega' tactic does nothing

Note: This linter can be disabled with `set_option linter.unusedTactic false`
TCSlib/Complexity/TuringMachine/Universal.lean:1602:28: warning: This simp argument is unused:
  Nat.reduceAdd

Hint: Omit it from the simp argument list.
  simp only [Nat.add_assoc,̵ ̵N̵a̵t̵.̵r̵e̵d̵u̵c̵e̵A̵d̵d̵]

Note: This linter can be disabled with `set_option linter.unusedSimpArgs false`
TCSlib/Complexity/TuringMachine/Universal.lean:1604:43: warning: This simp argument is unused:
  Fin.val_mk

Hint: Omit it from the simp argument list.
  simp only ̵[̵F̵i̵n̵.̵v̵a̵l̵_̵m̵k̵]̵

Note: This linter can be disabled with `set_option linter.unusedSimpArgs false`
TCSlib/Complexity/TuringMachine/Universal.lean:1604:10: warning: Used `tac1 <;> tac2` where `(tac1; tac2)` would suffice

Note: This linter can be disabled with `set_option linter.unnecessarySeqFocus false`
TCSlib/Complexity/TuringMachine/Universal.lean:1604:28: warning: Used `tac1 <;> tac2` where `(tac1; tac2)` would suffice

Note: This linter can be disabled with `set_option linter.unnecessarySeqFocus false`
TCSlib/Complexity/TuringMachine/Universal.lean:1604:55: warning: Used `tac1 <;> tac2` where `(tac1; tac2)` would suffice

Note: This linter can be disabled with `set_option linter.unnecessarySeqFocus false`
TCSlib/Complexity/TuringMachine/Universal.lean:2274:46: warning: This simp argument is unused:
  VirtualTag

Hint: Omit it from the simp argument list.
  simp_all ̵[̵V̵i̵r̵t̵u̵a̵l̵T̵a̵g̵]̵

Note: This linter can be disabled with `set_option linter.unusedSimpArgs false`
== TCSlib/Complexity/TimeHierarchy/Diagonal  13:12:27
== TCSlib/Complexity/TimeHierarchy/Separation  13:12:30
== TCSlib/Complexity/TimeHierarchy  13:12:31
SWEEP_OK 71-module closure, fresh scratch tree, at e64cec9e
