== TCSlib/Complexity/Formulas ==
INFO  TCSlib/Complexity/Formulas/CNF.lean          259 lines; 5 public / 9 private declarations
INFO  TCSlib/Complexity/Formulas/CNFEncoding.lean  475 lines; 13 public / 9 private declarations
INFO  TCSlib/Complexity/Formulas/DNF.lean          172 lines; 13 public / 0 private declarations
INFO  TCSlib/Complexity/Formulas/QBF.lean          125 lines; 5 public / 0 private declarations
INFO  TCSlib/Complexity/Formulas/QBFEncoding.lean  91 lines; 5 public / 0 private declarations

style_lint: 0 FAIL, 0 WARN over 5 files
== TCSlib/Complexity/ClassPSPACE ==
INFO  TCSlib/Complexity/ClassPSPACE/Games.lean  101 lines; 4 public / 0 private declarations
INFO  TCSlib/Complexity/ClassPSPACE/TQBF.lean   282 lines; 9 public / 0 private declarations

style_lint: 0 FAIL, 0 WARN over 2 files
== TCSlib/Complexity/SpaceComplexity ==
INFO  TCSlib/Complexity/SpaceComplexity/Basic.lean                          161 lines; 10 public / 0 private declarations
INFO  TCSlib/Complexity/SpaceComplexity/ConfigCount.lean                    460 lines; 19 public / 0 private declarations
INFO  TCSlib/Complexity/SpaceComplexity/ConfigGraph.lean                    305 lines; 12 public / 0 private declarations
INFO  TCSlib/Complexity/SpaceComplexity/Constructible.lean                  95 lines; 3 public / 0 private declarations
INFO  TCSlib/Complexity/SpaceComplexity/CounterProgSim.lean                 495 lines; 25 public / 0 private declarations
INFO  TCSlib/Complexity/SpaceComplexity/CounterProgSimRun.lean              246 lines; 6 public / 0 private declarations
INFO  TCSlib/Complexity/SpaceComplexity/Examples.lean                       65 lines; 2 public / 0 private declarations
INFO  TCSlib/Complexity/SpaceComplexity/Hierarchy.lean                      229 lines; 4 public / 0 private declarations
INFO  TCSlib/Complexity/SpaceComplexity/ImplicitPoly.lean                   416 lines; 16 public / 0 private declarations
INFO  TCSlib/Complexity/SpaceComplexity/Inclusions.lean                     97 lines; 4 public / 0 private declarations
INFO  TCSlib/Complexity/SpaceComplexity/Logspace/ImmermanSzelepcsenyi.lean  116 lines; 3 public / 0 private declarations
INFO  TCSlib/Complexity/SpaceComplexity/Logspace/Mult.lean                  68 lines; 2 public / 0 private declarations
INFO  TCSlib/Complexity/SpaceComplexity/Logspace/Path.lean                  136 lines; 5 public / 0 private declarations
INFO  TCSlib/Complexity/SpaceComplexity/Logspace/Reductions.lean            146 lines; 7 public / 0 private declarations
INFO  TCSlib/Complexity/SpaceComplexity/Machines/ARM.lean                   307 lines; 20 public / 0 private declarations
INFO  TCSlib/Complexity/SpaceComplexity/Machines/ARMKit.lean                93 lines; 5 public / 0 private declarations
INFO  TCSlib/Complexity/SpaceComplexity/Machines/ARMProof.lean              333 lines; 19 public / 0 private declarations
INFO  TCSlib/Complexity/SpaceComplexity/Machines/ARMRun.lean                285 lines; 9 public / 0 private declarations
INFO  TCSlib/Complexity/SpaceComplexity/Machines/ARMSim.lean                551 lines; 30 public / 0 private declarations
INFO  TCSlib/Complexity/SpaceComplexity/Machines/Bank.lean                  226 lines; 14 public / 0 private declarations
INFO  TCSlib/Complexity/SpaceComplexity/Machines/Bin.lean                   176 lines; 12 public / 0 private declarations
INFO  TCSlib/Complexity/SpaceComplexity/Machines/Call.lean                  360 lines; 6 public / 0 private declarations
INFO  TCSlib/Complexity/SpaceComplexity/Machines/CallReturn.lean            495 lines; 13 public / 0 private declarations
INFO  TCSlib/Complexity/SpaceComplexity/Machines/Clean.lean                 438 lines; 15 public / 0 private declarations
INFO  TCSlib/Complexity/SpaceComplexity/Machines/CleanSweep.lean            508 lines; 22 public / 0 private declarations
INFO  TCSlib/Complexity/SpaceComplexity/Machines/Compile.lean               266 lines; 11 public / 0 private declarations
INFO  TCSlib/Complexity/SpaceComplexity/Machines/DblLang.lean               358 lines; 20 public / 0 private declarations
INFO  TCSlib/Complexity/SpaceComplexity/Machines/Frag.lean                  455 lines; 15 public / 0 private declarations
INFO  TCSlib/Complexity/SpaceComplexity/Machines/FragDec.lean               479 lines; 21 public / 0 private declarations
INFO  TCSlib/Complexity/SpaceComplexity/Machines/Layout.lean                423 lines; 29 public / 0 private declarations
INFO  TCSlib/Complexity/SpaceComplexity/Machines/Lib.lean                   333 lines; 16 public / 0 private declarations
INFO  TCSlib/Complexity/SpaceComplexity/Machines/Parse.lean                 376 lines; 9 public / 0 private declarations
INFO  TCSlib/Complexity/SpaceComplexity/Machines/Parse2.lean                662 lines > target 600
INFO  TCSlib/Complexity/SpaceComplexity/Machines/Parse2.lean                662 lines; 24 public / 0 private declarations
INFO  TCSlib/Complexity/SpaceComplexity/Machines/ParseCmp.lean              445 lines; 14 public / 0 private declarations
INFO  TCSlib/Complexity/SpaceComplexity/Machines/ParsePlain.lean            571 lines; 28 public / 0 private declarations
INFO  TCSlib/Complexity/SpaceComplexity/Machines/Program.lean               347 lines; 25 public / 0 private declarations
INFO  TCSlib/Complexity/SpaceComplexity/Machines/Sim.lean                   564 lines; 25 public / 0 private declarations
INFO  TCSlib/Complexity/SpaceComplexity/NSPACE.lean                         114 lines; 4 public / 0 private declarations
INFO  TCSlib/Complexity/SpaceComplexity/Savitch.lean                        131 lines; 3 public / 0 private declarations
INFO  TCSlib/Complexity/SpaceComplexity/SpaceClasses.lean                   86 lines; 7 public / 0 private declarations
INFO  TCSlib/Complexity/SpaceComplexity/UnaryLogspace.lean                  319 lines; 26 public / 0 private declarations
INFO  TCSlib/Complexity/SpaceComplexity/ZeroSpace.lean                      217 lines; 11 public / 0 private declarations

style_lint: 0 FAIL, 0 WARN over 42 files
