P4.1 GATE SWEEP at commit edea2663748fe2b1e47636094b95744ed50148f0 (edea2663), branch complexity/arora-barak-ch3-4, started 2026-10-08 17:50:57
== TCSlib/Complexity/TuringMachine/NondeterministicSpace
TCSlib/Complexity/TuringMachine/NondeterministicSpace.lean:89:8: warning: declaration uses 'sorry'
TCSlib/Complexity/TuringMachine/NondeterministicSpace.lean:107:8: warning: declaration uses 'sorry'
== TCSlib/Complexity/SpaceComplexity/NSPACE
TCSlib/Complexity/SpaceComplexity/NSPACE.lean:97:8: warning: declaration uses 'sorry'
TCSlib/Complexity/SpaceComplexity/NSPACE.lean:111:8: warning: declaration uses 'sorry'
== TCSlib/Complexity/SpaceComplexity/SpaceClasses
TCSlib/Complexity/SpaceComplexity/SpaceClasses.lean:69:8: warning: declaration uses 'sorry'
TCSlib/Complexity/SpaceComplexity/SpaceClasses.lean:76:8: warning: declaration uses 'sorry'
TCSlib/Complexity/SpaceComplexity/SpaceClasses.lean:83:8: warning: declaration uses 'sorry'
== TCSlib/Complexity/SpaceComplexity/Constructible
TCSlib/Complexity/SpaceComplexity/Constructible.lean:68:8: warning: declaration uses 'sorry'
TCSlib/Complexity/SpaceComplexity/Constructible.lean:79:8: warning: declaration uses 'sorry'
== TCSlib/Complexity/SpaceComplexity/Inclusions
TCSlib/Complexity/SpaceComplexity/Inclusions.lean:55:8: warning: declaration uses 'sorry'
TCSlib/Complexity/SpaceComplexity/Inclusions.lean:63:8: warning: declaration uses 'sorry'
TCSlib/Complexity/SpaceComplexity/Inclusions.lean:85:8: warning: declaration uses 'sorry'
TCSlib/Complexity/SpaceComplexity/Inclusions.lean:93:8: warning: declaration uses 'sorry'
== TCSlib/Complexity/SpaceComplexity/Examples
TCSlib/Complexity/SpaceComplexity/Examples.lean:60:8: warning: declaration uses 'sorry'
== TCSlib/Complexity/SpaceComplexity
P41_SWEEP_DONE
