P4.3 R2 GATE SWEEP at commit aa02db412a3a3b8edd8c76bbdae3eb8f97cb07f6 (aa02db41), branch complexity/arora-barak-ch3-4, started 2026-10-08 22:38:15
== TCSlib/Complexity/Formulas/QBF
TCSlib/Complexity/Formulas/QBF.lean:119:8: warning: declaration uses 'sorry'
== TCSlib/Complexity/Formulas/QBFEncoding
TCSlib/Complexity/Formulas/QBFEncoding.lean:88:8: warning: declaration uses 'sorry'
== TCSlib/Complexity/ClassPSPACE/TQBF
TCSlib/Complexity/ClassPSPACE/TQBF.lean:118:8: warning: declaration uses 'sorry'
TCSlib/Complexity/ClassPSPACE/TQBF.lean:161:8: warning: declaration uses 'sorry'
TCSlib/Complexity/ClassPSPACE/TQBF.lean:223:8: warning: declaration uses 'sorry'
TCSlib/Complexity/ClassPSPACE/TQBF.lean:271:8: warning: declaration uses 'sorry'
TCSlib/Complexity/ClassPSPACE/TQBF.lean:279:8: warning: declaration uses 'sorry'
== TCSlib/Complexity/ClassPSPACE/Games
TCSlib/Complexity/ClassPSPACE/Games.lean:97:8: warning: declaration uses 'sorry'
== TCSlib/Complexity/ClassPSPACE
== TCSlib/Complexity/SpaceComplexity/Hierarchy
TCSlib/Complexity/SpaceComplexity/Hierarchy.lean:107:8: warning: declaration uses 'sorry'
TCSlib/Complexity/SpaceComplexity/Hierarchy.lean:180:8: warning: declaration uses 'sorry'
TCSlib/Complexity/SpaceComplexity/Hierarchy.lean:197:8: warning: declaration uses 'sorry'
TCSlib/Complexity/SpaceComplexity/Hierarchy.lean:226:8: warning: declaration uses 'sorry'
== TCSlib/Complexity/Formulas
P4.3_R2_SWEEP_DONE
