P4.3 GATE SWEEP at commit 200f4693a40f30302efed75a4e23ac31216172b7 (200f4693), branch complexity/arora-barak-ch3-4, started 2026-10-08 20:30:52
== TCSlib/Complexity/Formulas/QBF
TCSlib/Complexity/Formulas/QBF.lean:119:8: warning: declaration uses 'sorry'
== TCSlib/Complexity/Formulas/QBFEncoding
TCSlib/Complexity/Formulas/QBFEncoding.lean:88:8: warning: declaration uses 'sorry'
== TCSlib/Complexity/ClassPSPACE/TQBF
TCSlib/Complexity/ClassPSPACE/TQBF.lean:93:8: warning: declaration uses 'sorry'
TCSlib/Complexity/ClassPSPACE/TQBF.lean:122:8: warning: declaration uses 'sorry'
TCSlib/Complexity/ClassPSPACE/TQBF.lean:163:8: warning: declaration uses 'sorry'
TCSlib/Complexity/ClassPSPACE/TQBF.lean:193:8: warning: declaration uses 'sorry'
TCSlib/Complexity/ClassPSPACE/TQBF.lean:201:8: warning: declaration uses 'sorry'
== TCSlib/Complexity/ClassPSPACE/Games
TCSlib/Complexity/ClassPSPACE/Games.lean:95:8: warning: declaration uses 'sorry'
== TCSlib/Complexity/ClassPSPACE
== TCSlib/Complexity/SpaceComplexity/Hierarchy
TCSlib/Complexity/SpaceComplexity/Hierarchy.lean:93:8: warning: declaration uses 'sorry'
TCSlib/Complexity/SpaceComplexity/Hierarchy.lean:150:8: warning: declaration uses 'sorry'
TCSlib/Complexity/SpaceComplexity/Hierarchy.lean:167:8: warning: declaration uses 'sorry'
TCSlib/Complexity/SpaceComplexity/Hierarchy.lean:192:8: warning: declaration uses 'sorry'
== TCSlib/Complexity/Formulas
P4.3_SWEEP_DONE
