P4.3_R3 GATE SWEEP at commit 9a92fa1aeb377d568972e42229979cf81562ba41 (9a92fa1a), branch complexity/arora-barak-ch3-4, started 2026-10-08 23:41:09
== TCSlib/Complexity/Formulas/QBF
TCSlib/Complexity/Formulas/QBF.lean:119:8: warning: declaration uses 'sorry'
== TCSlib/Complexity/Formulas/QBFEncoding
TCSlib/Complexity/Formulas/QBFEncoding.lean:88:8: warning: declaration uses 'sorry'
== TCSlib/Complexity/ClassPSPACE/TQBF
TCSlib/Complexity/ClassPSPACE/TQBF.lean:121:8: warning: declaration uses 'sorry'
TCSlib/Complexity/ClassPSPACE/TQBF.lean:171:8: warning: declaration uses 'sorry'
TCSlib/Complexity/ClassPSPACE/TQBF.lean:233:8: warning: declaration uses 'sorry'
TCSlib/Complexity/ClassPSPACE/TQBF.lean:285:8: warning: declaration uses 'sorry'
TCSlib/Complexity/ClassPSPACE/TQBF.lean:293:8: warning: declaration uses 'sorry'
== TCSlib/Complexity/ClassPSPACE/Games
TCSlib/Complexity/ClassPSPACE/Games.lean:97:8: warning: declaration uses 'sorry'
== TCSlib/Complexity/ClassPSPACE
== TCSlib/Complexity/SpaceComplexity/Hierarchy
TCSlib/Complexity/SpaceComplexity/Hierarchy.lean:110:8: warning: declaration uses 'sorry'
TCSlib/Complexity/SpaceComplexity/Hierarchy.lean:184:8: warning: declaration uses 'sorry'
TCSlib/Complexity/SpaceComplexity/Hierarchy.lean:201:8: warning: declaration uses 'sorry'
TCSlib/Complexity/SpaceComplexity/Hierarchy.lean:231:8: warning: declaration uses 'sorry'
== TCSlib/Complexity/Formulas
P4.3_R3_SWEEP_DONE
