=== TCSlib/Complexity/CircuitComplexity/FeedForward (14:15:43)
=== TCSlib/BooleanAnalysis/RazborovSmolensky/ACpGates (14:15:51)
=== TCSlib/Complexity/CircuitComplexity/PPoly (14:15:55)
=== TCSlib/Complexity/CircuitComplexity/SizeClasses (14:15:56)
=== TCSlib/Complexity/CircuitComplexity/UnaryLanguages (14:15:57)
=== TCSlib/Complexity/CircuitComplexity/UHalt (14:15:58)
=== TCSlib/Complexity/CircuitComplexity/CircuitSat (14:15:59)
=== TCSlib/Complexity/CircuitComplexity/Encoding (14:16:01)
=== TCSlib/Complexity/CircuitComplexity/Universal (14:16:02)
=== TCSlib/Complexity/CircuitComplexity/HardFunctions (14:16:03)
=== TCSlib/Complexity/CircuitComplexity/Hierarchy (14:16:04)
=== TCSlib/Complexity/CircuitComplexity/NCAC (14:16:05)
=== TCSlib/Complexity/CircuitComplexity/Parity (14:16:07)
=== TCSlib/BooleanAnalysis/RazborovSmolensky/CircuitDegree (14:16:26)
=== TCSlib/BooleanAnalysis/RazborovSmolensky/CircuitSize (14:16:35)
=== TCSlib/BooleanAnalysis/RazborovSmolensky/SmolenskyAlgebra (14:16:37)
=== TCSlib/BooleanAnalysis/RazborovSmolensky/LowDegreeObstruction (14:16:40)
=== TCSlib/BooleanAnalysis/RazborovSmolensky (14:16:44)
=== TCSlib/Complexity/CircuitComplexity (14:16:48)
=== TCSlib/ComputationalModels (14:16:49)
ROUND3 SWEEP: ALL PASS
