=== TCSlib/BooleanAnalysis/DecisionTree (19:06:20)
=== TCSlib/BooleanAnalysis/Switching/Restriction (19:06:24)
=== TCSlib/BooleanAnalysis/Switching/BernoulliRestriction (19:06:26)
=== TCSlib/BooleanAnalysis/LMN/RestrictionCompose (19:06:28)
=== TCSlib/BooleanAnalysis/Switching/CanonicalDTree (19:06:31)
=== TCSlib/BooleanAnalysis/Switching/Encoding (19:06:37)
=== TCSlib/BooleanAnalysis/Switching/EncodingProperties (19:06:39)
=== TCSlib/BooleanAnalysis/Switching/RoundTrip (19:06:48)
=== TCSlib/BooleanAnalysis/Switching (19:06:53)
Try this:
  [apply] ring_nf
  
  The `ring` tactic failed to close the goal. Use `ring_nf` to obtain a normal form.
    
  Note that `ring` works primarily in *commutative* rings. If you have a noncommutative ring, abelian group or module, consider using `noncomm_ring`, `abel` or `module` instead.
=== TCSlib/BooleanAnalysis/LMN/BernoulliCost (19:07:04)
=== TCSlib/BooleanAnalysis/LMN/SwitchingBernoulli (19:07:13)
=== TCSlib/BooleanAnalysis/LMN/GateSwitching (19:07:16)
=== TCSlib/BooleanAnalysis/LMN/CircuitCompression (19:07:19)
TCSlib/BooleanAnalysis/LMN/CircuitCompression.lean:246:8: warning: declaration uses 'sorry'
=== TCSlib/BooleanAnalysis/LMN/IterativeReduction (19:07:22)
TCSlib/BooleanAnalysis/LMN/IterativeReduction.lean:214:8: warning: declaration uses 'sorry'
=== TCSlib/BooleanAnalysis/LMN/NormalFormConversion (19:07:24)
=== TCSlib/BooleanAnalysis/LMN/CircuitHelpers (19:07:26)
=== TCSlib/BooleanAnalysis/LMN/RestrictionMonotonicity (19:07:44)
=== TCSlib/BooleanAnalysis/LMN/RecursiveReduction (19:07:46)
=== TCSlib/BooleanAnalysis/LMN/CircuitLayerReduction (19:07:49)
=== TCSlib/BooleanAnalysis/LMN/Depth3Switching (19:08:06)
TCSlib/BooleanAnalysis/LMN/Depth3Switching.lean:189:6: warning: declaration uses 'sorry'
TCSlib/BooleanAnalysis/LMN/Depth3Switching.lean:277:8: warning: declaration uses 'sorry'
=== TCSlib/BooleanAnalysis/LMN/CompressionStep (19:08:09)
=== TCSlib/BooleanAnalysis/LMN/CircuitReindex (19:08:12)
=== TCSlib/BooleanAnalysis/LMN/GateMerge (19:08:13)
=== TCSlib/BooleanAnalysis/LMN/CircuitTreeManip (19:08:14)
TCSlib/BooleanAnalysis/LMN/CircuitTreeManip.lean:379:6: warning: declaration uses 'sorry'
=== TCSlib/BooleanAnalysis/LMN (19:08:19)
=== TCSlib/BooleanAnalysis/Basic (19:08:21)
=== TCSlib/BooleanAnalysis/LMN/DecisionTreeFourier (19:08:24)
=== TCSlib/BooleanAnalysis/LMN/RestrictionFourier (19:08:26)
=== TCSlib/BooleanAnalysis/LMN/RestrictionCardTail (19:08:29)
=== TCSlib/BooleanAnalysis/LMN/FourierConcentration (19:08:31)
=== TCSlib/BooleanAnalysis/LMN/LMNConcentration (19:08:34)
=== TCSlib/BooleanAnalysis/LMN/LayerReductionHelpers (19:08:36)
=== TCSlib/Complexity/CircuitComplexity/SizeClasses (19:08:38)
=== TCSlib/Complexity/CircuitComplexity/UnaryLanguages (19:08:39)
=== TCSlib/Complexity/CircuitComplexity/UHalt (19:08:41)
=== TCSlib/Complexity/CircuitComplexity/NCAC (19:08:42)
=== TCSlib/Complexity/CircuitComplexity/Parity (19:08:44)
=== TCSlib/Complexity/CircuitComplexity (19:09:04)
=== TCSlib/ComputationalModels (19:09:06)
BATCH SWEEP: ALL PASS
