=== TCSlib/Complexity/NPReductions/SATTo3SAT (10:29:40)
=== TCSlib/Complexity/CircuitComplexity/Basic (10:29:49)
=== TCSlib/Complexity/CircuitComplexity/Formulas (10:29:52)
=== TCSlib/Complexity/CircuitComplexity/FeedForward (10:29:52)
=== TCSlib/BooleanAnalysis/RazborovSmolensky/ACpGates (10:29:55)
=== TCSlib/Complexity/CircuitComplexity/PPoly (10:29:59)
=== TCSlib/Complexity/CircuitComplexity/SizeClasses (10:30:00)
=== TCSlib/Complexity/CircuitComplexity/UnaryLanguages (10:30:01)
=== TCSlib/Complexity/CircuitComplexity/UHalt (10:30:02)
=== TCSlib/Complexity/CircuitComplexity/CircuitSat (10:30:04)
=== TCSlib/Complexity/CircuitComplexity/Encoding (10:30:05)
=== TCSlib/Complexity/CircuitComplexity/Universal (10:30:06)
=== TCSlib/Complexity/CircuitComplexity/HardFunctions (10:30:07)
=== TCSlib/Complexity/CircuitComplexity/Hierarchy (10:30:09)
=== TCSlib/Complexity/CircuitComplexity/NCAC (10:30:10)
=== TCSlib/Complexity/CircuitComplexity/Parity (10:30:11)
=== TCSlib/BooleanAnalysis/RazborovSmolensky/CircuitDegree (10:30:32)
=== TCSlib/BooleanAnalysis/RazborovSmolensky/CircuitSize (10:30:41)
=== TCSlib/BooleanAnalysis/RazborovSmolensky/SmolenskyAlgebra (10:30:43)
=== TCSlib/BooleanAnalysis/RazborovSmolensky/LowDegreeObstruction (10:30:47)
=== TCSlib/BooleanAnalysis/RazborovSmolensky (10:30:51)
=== TCSlib/Complexity/CircuitComplexity (10:30:55)
=== TCSlib/BooleanAnalysis/DecisionTree (10:30:56)
=== TCSlib/BooleanAnalysis/Switching/Restriction (10:30:58)
=== TCSlib/BooleanAnalysis/Switching/BernoulliRestriction (10:31:00)
=== TCSlib/BooleanAnalysis/LMN/RestrictionCompose (10:31:02)
=== TCSlib/BooleanAnalysis/Switching/CanonicalDTree (10:31:05)
=== TCSlib/BooleanAnalysis/Switching/Encoding (10:31:11)
=== TCSlib/BooleanAnalysis/Switching/EncodingProperties (10:31:13)
=== TCSlib/BooleanAnalysis/Switching/RoundTrip (10:31:21)
=== TCSlib/BooleanAnalysis/Switching (10:31:27)
Try this:
  [apply] ring_nf
  
  The `ring` tactic failed to close the goal. Use `ring_nf` to obtain a normal form.
    
  Note that `ring` works primarily in *commutative* rings. If you have a noncommutative ring, abelian group or module, consider using `noncomm_ring`, `abel` or `module` instead.
=== TCSlib/BooleanAnalysis/LMN/BernoulliCost (10:31:37)
=== TCSlib/BooleanAnalysis/LMN/SwitchingBernoulli (10:31:44)
=== TCSlib/BooleanAnalysis/LMN/GateSwitching (10:31:48)
=== TCSlib/BooleanAnalysis/LMN/CircuitCompression (10:31:50)
TCSlib/BooleanAnalysis/LMN/CircuitCompression.lean:246:8: warning: declaration uses 'sorry'
=== TCSlib/BooleanAnalysis/LMN/IterativeReduction (10:31:53)
TCSlib/BooleanAnalysis/LMN/IterativeReduction.lean:214:8: warning: declaration uses 'sorry'
=== TCSlib/BooleanAnalysis/LMN/NormalFormConversion (10:31:55)
=== TCSlib/BooleanAnalysis/LMN/CircuitHelpers (10:31:57)
=== TCSlib/BooleanAnalysis/LMN/RestrictionMonotonicity (10:32:14)
=== TCSlib/BooleanAnalysis/LMN/RecursiveReduction (10:32:16)
=== TCSlib/BooleanAnalysis/LMN/CircuitLayerReduction (10:32:20)
=== TCSlib/BooleanAnalysis/LMN/Depth3Switching (10:32:35)
TCSlib/BooleanAnalysis/LMN/Depth3Switching.lean:189:6: warning: declaration uses 'sorry'
TCSlib/BooleanAnalysis/LMN/Depth3Switching.lean:277:8: warning: declaration uses 'sorry'
=== TCSlib/BooleanAnalysis/LMN/CompressionStep (10:32:38)
=== TCSlib/BooleanAnalysis/LMN/CircuitReindex (10:32:41)
=== TCSlib/BooleanAnalysis/LMN/GateMerge (10:32:42)
=== TCSlib/BooleanAnalysis/LMN/CircuitTreeManip (10:32:43)
TCSlib/BooleanAnalysis/LMN/CircuitTreeManip.lean:379:6: warning: declaration uses 'sorry'
=== TCSlib/BooleanAnalysis/LMN (10:32:48)
=== TCSlib/BooleanAnalysis/Basic (10:32:50)
=== TCSlib/BooleanAnalysis/LMN/DecisionTreeFourier (10:32:53)
=== TCSlib/BooleanAnalysis/LMN/RestrictionFourier (10:32:55)
=== TCSlib/BooleanAnalysis/LMN/RestrictionCardTail (10:32:58)
=== TCSlib/BooleanAnalysis/LMN/FourierConcentration (10:33:00)
=== TCSlib/BooleanAnalysis/LMN/LMNConcentration (10:33:02)
=== TCSlib/BooleanAnalysis/LMN/LayerReductionHelpers (10:33:04)
=== TCSlib/ComputationalModels (10:33:06)
REPAIR SWEEP: ALL PASS
