=== TCSlib/Complexity/NPReductions/SATTo3SAT (17:38:42)
=== TCSlib/Complexity/CircuitComplexity/Basic (17:38:54)
=== TCSlib/Complexity/CircuitComplexity/Formulas (17:38:57)
=== TCSlib/Complexity/CircuitComplexity/DecisionTree (17:38:57)
=== TCSlib/BooleanAnalysis/RazborovSmolensky/FeedForwardCircuit (17:39:03)
=== TCSlib/BooleanAnalysis/RazborovSmolensky/ACpGates (17:39:06)
=== TCSlib/Complexity/CircuitComplexity/PPoly (17:39:09)
=== TCSlib/Complexity/CircuitComplexity/SizeClasses (17:39:11)
=== TCSlib/Complexity/CircuitComplexity/UnaryLanguages (17:39:12)
=== TCSlib/Complexity/CircuitComplexity/UHalt (17:39:13)
=== TCSlib/Complexity/CircuitComplexity/CircuitSat (17:39:15)
=== TCSlib/Complexity/CircuitComplexity/Encoding (17:39:16)
=== TCSlib/Complexity/CircuitComplexity/Universal (17:39:17)
=== TCSlib/Complexity/CircuitComplexity/HardFunctions (17:39:19)
=== TCSlib/Complexity/CircuitComplexity/Hierarchy (17:39:20)
=== TCSlib/Complexity/CircuitComplexity/NCAC (17:39:21)
=== TCSlib/Complexity/CircuitComplexity/Parity (17:39:23)
=== TCSlib/BooleanAnalysis/RazborovSmolensky/CircuitDegree (17:39:44)
=== TCSlib/BooleanAnalysis/RazborovSmolensky/CircuitSize (17:39:54)
=== TCSlib/BooleanAnalysis/RazborovSmolensky/SmolenskyAlgebra (17:39:56)
=== TCSlib/BooleanAnalysis/RazborovSmolensky/LowDegreeObstruction (17:40:00)
=== TCSlib/BooleanAnalysis/RazborovSmolensky (17:40:03)
=== TCSlib/Complexity/CircuitComplexity (17:40:07)
BASELINE SWEEP: ALL PASS
