=== TCSlib/Complexity/CircuitComplexity/FeedForward (14:43:45)
=== TCSlib/BooleanAnalysis/RazborovSmolensky/ACpGates (14:43:53)
=== TCSlib/Complexity/CircuitComplexity/PPoly (14:43:58)
=== TCSlib/Complexity/CircuitComplexity/SizeClasses (14:43:59)
=== TCSlib/Complexity/CircuitComplexity/UnaryLanguages (14:44:00)
=== TCSlib/Complexity/CircuitComplexity/UHalt (14:44:02)
=== TCSlib/Complexity/CircuitComplexity/CircuitSat (14:44:03)
=== TCSlib/Complexity/CircuitComplexity/Encoding (14:44:04)
=== TCSlib/Complexity/CircuitComplexity/Universal (14:44:06)
=== TCSlib/Complexity/CircuitComplexity/HardFunctions (14:44:07)
=== TCSlib/Complexity/CircuitComplexity/Hierarchy (14:44:08)
=== TCSlib/Complexity/CircuitComplexity/NCAC (14:44:09)
=== TCSlib/Complexity/CircuitComplexity/Parity (14:44:11)
=== TCSlib/BooleanAnalysis/RazborovSmolensky/CircuitDegree (14:44:31)
=== TCSlib/BooleanAnalysis/RazborovSmolensky/CircuitSize (14:44:41)
=== TCSlib/BooleanAnalysis/RazborovSmolensky/SmolenskyAlgebra (14:44:43)
=== TCSlib/BooleanAnalysis/RazborovSmolensky/LowDegreeObstruction (14:44:46)
=== TCSlib/BooleanAnalysis/RazborovSmolensky (14:44:50)
=== TCSlib/Complexity/CircuitComplexity (14:44:54)
=== TCSlib/ComputationalModels (14:44:55)
CLOSE SWEEP: ALL PASS
