# ch7 fill axiom prints on the MERGED tree (complexity/arora-barak-ch3-4 at 49658bb6) — the same 36 names as audits/logs/ch7-fill-axioms.log; the print lines below are byte-identical to that log
'Randomized.schwartz_zippel' depends on axioms: [propext, Classical.choice, Quot.sound]
'Randomized.iid_bernoulli_avg_concentration' depends on axioms: [propext, Classical.choice, Quot.sound]
'Randomized.majority_error_le' depends on axioms: [propext, Classical.choice, Quot.sound]
'Randomized.bpp_error_reduction' depends on axioms: [propext, Classical.choice, Quot.sound]
'Randomized.inBPPWeak_iff_inBPP' depends on axioms: [propext, Classical.choice, Quot.sound]
'Randomized.InBPP.compl' depends on axioms: [propext, Classical.choice, Quot.sound]
'Randomized.inZPP_iff_inRP_and_inCoRP' depends on axioms: [propext, Classical.choice, Quot.sound]
'Randomized.adleman' depends on axioms: [propext, Classical.choice, Quot.sound]
'Randomized.sipser_gacs' depends on axioms: [propext, Classical.choice, Quot.sound]
'Randomized.bpp_subset_sigma2' depends on axioms: [propext, Classical.choice, Quot.sound]
'Expander.lambda_le_one' depends on axioms: [propext, Classical.choice, Quot.sound]
'Expander.norm_mulVec_le_lambda' depends on axioms: [propext, Classical.choice, Quot.sound]
'Expander.walk_all_mem_le' depends on axioms: [propext, Classical.choice, Quot.sound]
'Expander.walk_visits_concentration' depends on axioms: [propext, sorryAx, Classical.choice, Quot.sound]
'Randomized.polyTimeModel_closedUnderRace' depends on axioms: [propext, Classical.choice, Quot.sound]
'Randomized.polyTimeModel_closedUnderAnswerIs' depends on axioms: [propext, Classical.choice, Quot.sound]
'Randomized.polyTimeModel_closedUnderNot' depends on axioms: [propext, Classical.choice, Quot.sound]
'Randomized.polyTimeModel_closedUnderMajority' depends on axioms: [propext, Classical.choice, Quot.sound]
'Randomized.polyTimeModel_closedUnderAny' depends on axioms: [propext, Classical.choice, Quot.sound]
'Randomized.polyTimeModel_closedUnderShiftOr' depends on axioms: [propext, Classical.choice, Quot.sound]
'Randomized.polyTimeModel_verifierHasCircuits' depends on axioms: [propext, Classical.choice, Quot.sound]
'Randomized.inSigma2_polyTimeModel_iff' depends on axioms: [propext, Classical.choice, Quot.sound]
'Randomized.adleman_polyTime' depends on axioms: [propext, Classical.choice, Quot.sound]
'Randomized.sipser_gacs_polyTime' depends on axioms: [propext, Classical.choice, Quot.sound]
'Randomized.zpp_eq_rp_inter_corp_polyTime' depends on axioms: [propext, Classical.choice, Quot.sound]
'Complexity.mem_P_of_blockAny' depends on axioms: [propext, Classical.choice, Quot.sound]
'Complexity.mem_P_of_blockMajority' depends on axioms: [propext, Classical.choice, Quot.sound]
'Complexity.mem_P_of_blockXorAny' depends on axioms: [propext, Classical.choice, Quot.sound]
'Complexity.polyTimeComputable_blockAnyTest' depends on axioms: [propext, Classical.choice, Quot.sound]
'Complexity.polyTimeComputable_blockMajorityTest' depends on axioms: [propext, Classical.choice, Quot.sound]
'Complexity.polyTimeComputable_blockXorAnyTest' depends on axioms: [propext, Classical.choice, Quot.sound]
'Complexity.polyTimeComputable_emitIter' depends on axioms: [propext, Classical.choice, Quot.sound]
'Complexity.polyTimeComputable_xorD' depends on axioms: [propext, Classical.choice, Quot.sound]
'Complexity.polyTimeComputable_sliceTakeAt' depends on axioms: [propext, Classical.choice, Quot.sound]
'Complexity.polyTimeComputable_sliceDropAt' depends on axioms: [propext, Classical.choice, Quot.sound]
'Turing.FinTM.exists_emitIterTM' depends on axioms: [propext, Classical.choice, Quot.sound]
