# ch7 fill sweep on the MERGED tree — 2026-10-10T04:15:27Z — complexity/arora-barak-ch3-4 at 6d555248 + merge of 0c22ae33 (index, pre-commit; committed as 49658bb6)
TCSlib/Complexity/Expanders/Basic rc=0 errors=0 sorry_decls=0
TCSlib/Complexity/Expanders/Mixing rc=0 errors=0 sorry_decls=0
TCSlib/Complexity/Expanders/Walks rc=0 errors=0 sorry_decls=0
TCSlib/Complexity/Expanders/Chernoff rc=0 errors=0 sorry_decls=1
TCSlib/Complexity/Randomized/SchwartzZippel rc=0 errors=0 sorry_decls=0
TCSlib/Complexity/Randomized/ErrorReduction rc=0 errors=0 sorry_decls=0
TCSlib/Complexity/Randomized/Classes rc=0 errors=0 sorry_decls=0
TCSlib/Complexity/Randomized/Adleman rc=0 errors=0 sorry_decls=0
TCSlib/Complexity/Randomized/SipserGacs rc=0 errors=0 sorry_decls=0
TCSlib/Complexity/TuringMachine/CounterProgInput rc=0 errors=0 sorry_decls=0
TCSlib/Complexity/CircuitComplexity/PairEncode rc=0 errors=0 sorry_decls=0
TCSlib/Complexity/ClassNP/PolyTimePrefix rc=0 errors=0 sorry_decls=0
TCSlib/Complexity/TuringMachine/Build/EmitIterEmbed rc=0 errors=0 sorry_decls=0
TCSlib/Complexity/TuringMachine/Build/EmitIterBody rc=0 errors=0 sorry_decls=0
TCSlib/Complexity/ClassNP/PolyTimeBlockLoop rc=0 errors=0 sorry_decls=0
TCSlib/Complexity/ClassNP/PolyTimeBlockTests rc=0 errors=0 sorry_decls=0
TCSlib/Complexity/ClassNP/PolyTimeBlockMajority rc=0 errors=0 sorry_decls=0
TCSlib/Complexity/ClassNP/PClosure rc=0 errors=0 sorry_decls=0
TCSlib/Complexity/Randomized/PolyTimeModel rc=0 errors=0 sorry_decls=0
TCSlib/Complexity/Expanders rc=0 errors=0 sorry_decls=0
TCSlib/Complexity/Randomized rc=0 errors=0 sorry_decls=0
TCSlib/Complexity/ClassNP rc=0 errors=0 sorry_decls=0
TCSlib/Complexity/TuringMachine rc=0 errors=0 sorry_decls=0
TOTAL: failures=0 sorry_decls=1
