=== TCSlib/Complexity/Expanders/Basic ===
=== TCSlib/Complexity/Expanders/Mixing ===
=== TCSlib/Complexity/Expanders/Walks ===
=== TCSlib/Complexity/Expanders/Chernoff ===
TCSlib/Complexity/Expanders/Chernoff.lean:66:8: warning: declaration uses 'sorry'
=== TCSlib/Complexity/Randomized/SchwartzZippel ===
=== TCSlib/Complexity/Randomized/ErrorReduction ===
=== TCSlib/Complexity/Randomized/Classes ===
TCSlib/Complexity/Randomized/Classes.lean:482:59: warning: Used `tac1 <;> tac2` where `(tac1; tac2)` would suffice

Note: This linter can be disabled with `set_option linter.unnecessarySeqFocus false`
TCSlib/Complexity/Randomized/Classes.lean:1152:35: warning: This simp argument is unused:
  hp

Hint: Omit it from the simp argument list.
  simp ̵[̵h̵p̵]̵

Note: This linter can be disabled with `set_option linter.unusedSimpArgs false`
=== TCSlib/Complexity/Randomized/Adleman ===
=== TCSlib/Complexity/Randomized/SipserGacs ===
TCSlib/Complexity/Randomized/SipserGacs.lean:262:35: warning: This simp argument is unused:
  hp

Hint: Omit it from the simp argument list.
  simp ̵[̵h̵p̵]̵

Note: This linter can be disabled with `set_option linter.unusedSimpArgs false`
=== TCSlib/Complexity/TuringMachine/CounterProgInput ===
TCSlib/Complexity/TuringMachine/CounterProgInput.lean:65:34: warning: This simp argument is unused:
  shiftInput

Hint: Omit it from the simp argument list.
  simp [s̵h̵i̵f̵t̵I̵n̵p̵u̵t̵,̵ ̵Nat.add_assoc]

Note: This linter can be disabled with `set_option linter.unusedSimpArgs false`
TCSlib/Complexity/TuringMachine/CounterProgInput.lean:61:4: warning: 'all_goals try rfl' tactic does nothing

Note: This linter can be disabled with `set_option linter.unusedTactic false`
=== TCSlib/Complexity/CircuitComplexity/PairEncode ===
TCSlib/Complexity/CircuitComplexity/PairEncode.lean:117:4: warning: try 'simp' instead of 'simpa'

Note: This linter can be disabled with `set_option linter.unnecessarySimpa false`
TCSlib/Complexity/CircuitComplexity/PairEncode.lean:129:41: warning: try 'simp' instead of 'simpa'

Note: This linter can be disabled with `set_option linter.unnecessarySimpa false`
TCSlib/Complexity/CircuitComplexity/PairEncode.lean:180:10: warning: try 'simp' instead of 'simpa'

Note: This linter can be disabled with `set_option linter.unnecessarySimpa false`
TCSlib/Complexity/CircuitComplexity/PairEncode.lean:178:27: warning: This simp argument is unused:
  hs

Hint: Omit it from the simp argument list.
  simp [inputGate, h̵s̵,̵ ̵DAGGate.FaninTwo, DAGGate.WellFormed]

Note: This linter can be disabled with `set_option linter.unusedSimpArgs false`
TCSlib/Complexity/CircuitComplexity/PairEncode.lean:189:63: warning: This simp argument is unused:
  Nat.add_assoc

Hint: Omit it from the simp argument list.
  simp [DAGCircuit.size, DAGCircuit.bufferInputs, inputBuffer,̵ ̵N̵a̵t̵.̵a̵d̵d̵_̵a̵s̵s̵o̵c̵]

Note: This linter can be disabled with `set_option linter.unusedSimpArgs false`
TCSlib/Complexity/CircuitComplexity/PairEncode.lean:241:64: warning: This simp argument is unused:
  Fin.coe_cast

Hint: Omit it from the simp argument list.
  simp [List.getElem_ofFn, vectorOfList, List.get_eq_getElem,̵ ̵F̵i̵n̵.̵c̵o̵e̵_̵c̵a̵s̵t̵]

Note: This linter can be disabled with `set_option linter.unusedSimpArgs false`
=== TCSlib/Complexity/ClassNP/PolyTimePrefix ===
=== TCSlib/Complexity/TuringMachine/Build/EmitIterEmbed ===
TCSlib/Complexity/TuringMachine/Build/EmitIterEmbed.lean:188:15: warning: unused variable `hmk`

Note: This linter can be disabled with `set_option linter.unusedVariables false`
TCSlib/Complexity/TuringMachine/Build/EmitIterEmbed.lean:197:14: warning: unused variable `hmk`

Note: This linter can be disabled with `set_option linter.unusedVariables false`
TCSlib/Complexity/TuringMachine/Build/EmitIterEmbed.lean:249:14: warning: 'exact congrArg _ (Fin.eta i i.isLt)' tactic does nothing

Note: This linter can be disabled with `set_option linter.unusedTactic false`
TCSlib/Complexity/TuringMachine/Build/EmitIterEmbed.lean:249:54: warning: 'rfl' tactic does nothing

Note: This linter can be disabled with `set_option linter.unusedTactic false`
TCSlib/Complexity/TuringMachine/Build/EmitIterEmbed.lean:249:14: warning: this tactic is never executed

Note: This linter can be disabled with `set_option linter.unreachableTactic false`
TCSlib/Complexity/TuringMachine/Build/EmitIterEmbed.lean:249:54: warning: this tactic is never executed

Note: This linter can be disabled with `set_option linter.unreachableTactic false`
=== TCSlib/Complexity/TuringMachine/Build/EmitIterBody ===
TCSlib/Complexity/TuringMachine/Build/EmitIterBody.lean:414:35: warning: This simp argument is unused:
  hj

Hint: Omit it from the simp argument list.
  simp [copyCfg, emitIterBody, h̵j̵,̵ ̵MultiTapeTM.initCfg, Cfg.init]

Note: This linter can be disabled with `set_option linter.unusedSimpArgs false`
TCSlib/Complexity/TuringMachine/Build/EmitIterBody.lean:417:35: warning: This simp argument is unused:
  hj

Hint: Omit it from the simp argument list.
  simp [copyCfg, emitIterBody, h̵j̵,̵ ̵MultiTapeTM.initCfg, Cfg.init]

Note: This linter can be disabled with `set_option linter.unusedSimpArgs false`
TCSlib/Complexity/TuringMachine/Build/EmitIterBody.lean:521:52: warning: This simp argument is unused:
  SignType.neg_eq_neg_one

Hint: Omit it from the simp argument list.
  simp only [Action.apply, fullCfg, hi, if_pos, SignType.n̵e̵g̵_̵e̵q̵_̵n̵e̵g̵_̵o̵n̵e̵,̵
  ̵ ̵ ̵ ̵ ̵ ̵ ̵ ̵ ̵S̵i̵g̵n̵T̵y̵p̵e̵.̵coe_neg_one]

Note: This linter can be disabled with `set_option linter.unusedSimpArgs false`
TCSlib/Complexity/TuringMachine/Build/EmitIterBody.lean:609:70: warning: This simp argument is unused:
  hi

Hint: Omit it from the simp argument list.
  simp [emitIterBody, FinTM.controlAction, Action.apply, fullCfg,̵ ̵h̵i̵]

Note: This linter can be disabled with `set_option linter.unusedSimpArgs false`
TCSlib/Complexity/TuringMachine/Build/EmitIterBody.lean:643:83: warning: This simp argument is unused:
  hi

Hint: Omit it from the simp argument list.
  simp [emitIterBody, FinTM.controlAction, Action.apply, fullCfg, Cfg.ofWords,̵ ̵h̵i̵]

Note: This linter can be disabled with `set_option linter.unusedSimpArgs false`
=== TCSlib/Complexity/ClassNP/PolyTimeBlockLoop ===
TCSlib/Complexity/ClassNP/PolyTimeBlockLoop.lean:385:14: warning: try 'simp' instead of 'simpa'

Note: This linter can be disabled with `set_option linter.unnecessarySimpa false`
=== TCSlib/Complexity/ClassNP/PolyTimeBlockTests ===
TCSlib/Complexity/ClassNP/PolyTimeBlockTests.lean:149:15: warning: This simp argument is unused:
  if_pos rfl

Hint: Omit it from the simp argument list.
  simp only ̵[̵i̵f̵_̵p̵o̵s̵ ̵r̵f̵l̵]̵

Note: This linter can be disabled with `set_option linter.unusedSimpArgs false`
TCSlib/Complexity/ClassNP/PolyTimeBlockTests.lean:156:17: warning: This simp argument is unused:
  if_pos rfl

Hint: Omit it from the simp argument list.
  simp only ̵[̵i̵f̵_̵p̵o̵s̵ ̵r̵f̵l̵]̵

Note: This linter can be disabled with `set_option linter.unusedSimpArgs false`
TCSlib/Complexity/ClassNP/PolyTimeBlockTests.lean:198:14: warning: try 'simp' instead of 'simpa'

Note: This linter can be disabled with `set_option linter.unnecessarySimpa false`
TCSlib/Complexity/ClassNP/PolyTimeBlockTests.lean:441:15: warning: This simp argument is unused:
  if_pos rfl

Hint: Omit it from the simp argument list.
  simp only ̵[̵i̵f̵_̵p̵o̵s̵ ̵r̵f̵l̵]̵

Note: This linter can be disabled with `set_option linter.unusedSimpArgs false`
TCSlib/Complexity/ClassNP/PolyTimeBlockTests.lean:448:17: warning: This simp argument is unused:
  if_pos rfl

Hint: Omit it from the simp argument list.
  simp only ̵[̵i̵f̵_̵p̵o̵s̵ ̵r̵f̵l̵]̵

Note: This linter can be disabled with `set_option linter.unusedSimpArgs false`
TCSlib/Complexity/ClassNP/PolyTimeBlockTests.lean:496:14: warning: try 'simp' instead of 'simpa'

Note: This linter can be disabled with `set_option linter.unnecessarySimpa false`
=== TCSlib/Complexity/ClassNP/PolyTimeBlockMajority ===
TCSlib/Complexity/ClassNP/PolyTimeBlockMajority.lean:211:15: warning: This simp argument is unused:
  if_pos rfl

Hint: Omit it from the simp argument list.
  simp only ̵[̵i̵f̵_̵p̵o̵s̵ ̵r̵f̵l̵]̵

Note: This linter can be disabled with `set_option linter.unusedSimpArgs false`
TCSlib/Complexity/ClassNP/PolyTimeBlockMajority.lean:218:17: warning: This simp argument is unused:
  if_pos rfl

Hint: Omit it from the simp argument list.
  simp only ̵[̵i̵f̵_̵p̵o̵s̵ ̵r̵f̵l̵]̵

Note: This linter can be disabled with `set_option linter.unusedSimpArgs false`
TCSlib/Complexity/ClassNP/PolyTimeBlockMajority.lean:259:14: warning: try 'simp' instead of 'simpa'

Note: This linter can be disabled with `set_option linter.unnecessarySimpa false`
=== TCSlib/Complexity/ClassNP/PClosure ===
=== TCSlib/Complexity/Randomized/PolyTimeModel ===
SWEEP EXIT: 0
