# ch7 fill closure lint — 2026-10-10T04:03:27Z
== TCSlib/Complexity/Expanders/Basic
0 findings in 1 files
== TCSlib/Complexity/Expanders/Mixing
0 findings in 1 files
== TCSlib/Complexity/Expanders/Walks
0 findings in 1 files
== TCSlib/Complexity/Expanders/Chernoff
0 findings in 1 files
== TCSlib/Complexity/Randomized/SchwartzZippel
0 findings in 1 files
== TCSlib/Complexity/Randomized/ErrorReduction
0 findings in 1 files
== TCSlib/Complexity/Randomized/Classes
TCSlib/Complexity/Randomized/Classes.lean: 1329 lines (> 1000, must split)
1 findings in 1 files
== TCSlib/Complexity/Randomized/Adleman
0 findings in 1 files
== TCSlib/Complexity/Randomized/SipserGacs
0 findings in 1 files
== TCSlib/Complexity/TuringMachine/CounterProgInput
0 findings in 1 files
== TCSlib/Complexity/CircuitComplexity/PairEncode
0 findings in 1 files
== TCSlib/Complexity/ClassNP/PolyTimePrefix
0 findings in 1 files
== TCSlib/Complexity/TuringMachine/Build/EmitIterEmbed
0 findings in 1 files
== TCSlib/Complexity/TuringMachine/Build/EmitIterBody
0 findings in 1 files
== TCSlib/Complexity/ClassNP/PolyTimeBlockLoop
0 findings in 1 files
== TCSlib/Complexity/ClassNP/PolyTimeBlockTests
0 findings in 1 files
== TCSlib/Complexity/ClassNP/PolyTimeBlockMajority
0 findings in 1 files
== TCSlib/Complexity/ClassNP/PClosure
0 findings in 1 files
== TCSlib/Complexity/Randomized/PolyTimeModel
0 findings in 1 files
