# ch7 fill lint on the MERGED tree (49658bb6) — 2026-10-10T04:19:58Z — scripts/campaign_style_lint.py, one directory per invocation
== TCSlib/Complexity/Expanders
style_lint: 0 FAIL, 0 WARN over 4 files
== TCSlib/Complexity/Randomized
WARN  TCSlib/Complexity/Randomized/Classes.lean         1328 lines > 1000: policy requires a split or a recorded justification (escalation/decision log)
style_lint: 0 FAIL, 1 WARN over 6 files
== TCSlib/Complexity/ClassNP
WARN  TCSlib/Complexity/ClassNP/EXP.lean                    3237 lines > 1000: policy requires a split or a recorded justification (escalation/decision log)
WARN  TCSlib/Complexity/ClassNP/Nondeterminism.lean         4416 lines > 1000: policy requires a split or a recorded justification (escalation/decision log)
WARN  TCSlib/Complexity/ClassNP/SAT.lean                    4635 lines > 1000: policy requires a split or a recorded justification (escalation/decision log)
WARN  TCSlib/Complexity/ClassNP/TMSAT.lean                  1755 lines > 1000: policy requires a split or a recorded justification (escalation/decision log)
WARN  TCSlib/Complexity/ClassNP/Tautology.lean              1728 lines > 1000: policy requires a split or a recorded justification (escalation/decision log)
style_lint: 0 FAIL, 5 WARN over 19 files
== TCSlib/Complexity/TuringMachine
WARN  TCSlib/Complexity/TuringMachine/Build/Catalog.lean                  10878 lines > 1000: policy requires a split or a recorded justification (escalation/decision log)
WARN  TCSlib/Complexity/TuringMachine/Build/Loop.lean                     5515 lines > 1000: policy requires a split or a recorded justification (escalation/decision log)
WARN  TCSlib/Complexity/TuringMachine/Build/Primitives.lean               6374 lines > 1000: policy requires a split or a recorded justification (escalation/decision log)
WARN  TCSlib/Complexity/TuringMachine/MathlibBridge.lean                  1109 lines > 1000: policy requires a split or a recorded justification (escalation/decision log)
WARN  TCSlib/Complexity/TuringMachine/Robustness/Oblivious.lean           1147 lines > 1000: policy requires a split or a recorded justification (escalation/decision log)
WARN  TCSlib/Complexity/TuringMachine/Robustness/ObliviousCandidate.lean  1127 lines > 1000: policy requires a split or a recorded justification (escalation/decision log)
WARN  TCSlib/Complexity/TuringMachine/Robustness/ObliviousSetup.lean      1102 lines > 1000: policy requires a split or a recorded justification (escalation/decision log)
WARN  TCSlib/Complexity/TuringMachine/Robustness/SingleTape.lean          1045 lines > 1000: policy requires a split or a recorded justification (escalation/decision log)
WARN  TCSlib/Complexity/TuringMachine/Simulation.lean                     1014 lines > 1000: policy requires a split or a recorded justification (escalation/decision log)
WARN  TCSlib/Complexity/TuringMachine/Universal.lean                      2884 lines > 1000: policy requires a split or a recorded justification (escalation/decision log)
WARN  TCSlib/Complexity/TuringMachine/UniversalInterpreter.lean           1027 lines > 1000: policy requires a split or a recorded justification (escalation/decision log)
style_lint: 0 FAIL, 11 WARN over 45 files
== TCSlib/Complexity/CircuitComplexity
style_lint: 0 FAIL, 0 WARN over 104 files
