# Axiom prints for every public declaration of CodeParser.lean + MathlibBridge.lean after the promotion (61 = 46 + 15)
'Turing.codeReadUnary' does not depend on any axioms
'Turing.codeReadUnary_append' depends on axioms: [propext, Quot.sound]
'Turing.codeReadFin' does not depend on any axioms
'Turing.codeReadSign' does not depend on any axioms
'Turing.codeReadOutput' does not depend on any axioms
'Turing.codeReadWrite' does not depend on any axioms
'Turing.codeReadState' does not depend on any axioms
'Turing.codeReadSymbols' does not depend on any axioms
'Turing.codeReadVec' depends on axioms: [propext]
'Turing.codeBitsNat' does not depend on any axioms
'Turing.codeFallback' depends on axioms: [propext]
'Turing.codeDecode' depends on axioms: [propext, Quot.sound]
'Turing.codeReadFin_append' depends on axioms: [propext, Quot.sound]
'Turing.codeReadSign_append' does not depend on any axioms
'Turing.codeReadOutput_append' does not depend on any axioms
'Turing.codeReadWrite_append' does not depend on any axioms
'Turing.codeReadState_append' depends on axioms: [propext, Quot.sound]
'Turing.codeReadSymbols_append' depends on axioms: [propext, Quot.sound]
'Turing.codeReadVec_append' depends on axioms: [propext, Quot.sound]
'Turing.codeBitsNat_bits' depends on axioms: [propext, Classical.choice, Quot.sound]
'Turing.codeFlatMap_length' depends on axioms: [propext, Quot.sound]
'Turing.codeDecode_serialize_pad' depends on axioms: [propext, Classical.choice, Quot.sound]
'Turing.codeReadUnary_sound' depends on axioms: [propext]
'Turing.codeReadFin_sound' depends on axioms: [propext, Quot.sound]
'Turing.codeReadSign_sound' depends on axioms: [propext]
'Turing.codeReadOutput_sound' depends on axioms: [propext]
'Turing.codeReadWrite_sound' depends on axioms: [propext]
'Turing.codeReadState_sound' depends on axioms: [propext, Quot.sound]
'Turing.codeReadSymbols_sound' depends on axioms: [propext, Quot.sound]
'Turing.codeReadVec_sound' depends on axioms: [propext, Quot.sound]
'Turing.codeSkipPair' does not depend on any axioms
'Turing.codeSkipFin' does not depend on any axioms
'Turing.codeSkipState' does not depend on any axioms
'Turing.codeSkipAction' does not depend on any axioms
'Turing.codeSkipRepeat' does not depend on any axioms
'Turing.codeEraseFin' depends on axioms: [propext, Quot.sound]
'Turing.codeEraseSign' does not depend on any axioms
'Turing.codeEraseOutput' does not depend on any axioms
'Turing.codeEraseWrite' does not depend on any axioms
'Turing.codeEraseState' depends on axioms: [propext, Quot.sound]
'Turing.codeErase_bind' does not depend on any axioms
'Turing.codeEraseSymbols' depends on axioms: [propext, Quot.sound]
'Turing.codeEraseVec' depends on axioms: [propext, Quot.sound]
'Turing.codeScan' depends on axioms: [propext, Quot.sound]
'Turing.codeCanonical' depends on axioms: [propext, Quot.sound]
'Turing.codeCanonical_eq' depends on axioms: [propext, Classical.choice, Quot.sound]
'Turing.codePrimUnary' depends on axioms: [propext, Classical.choice, Quot.sound]
'Turing.codePrimBit' depends on axioms: [propext, Classical.choice, Quot.sound]
'Turing.codePrimBitsNat' depends on axioms: [propext, Classical.choice, Quot.sound]
'Turing.codePrimPair' depends on axioms: [propext, Classical.choice, Quot.sound]
'Turing.codePrimBits' depends on axioms: [propext, Classical.choice, Quot.sound]
'Turing.codePrimSkipPair' depends on axioms: [propext, Classical.choice, Quot.sound]
'Turing.codePrimSkipFin' depends on axioms: [propext, Classical.choice, Quot.sound]
'Turing.codePrimSkipState' depends on axioms: [propext, Classical.choice, Quot.sound]
'Turing.codeSkipRepeat_iter' does not depend on any axioms
'Turing.codePrimRepeat' depends on axioms: [propext, Classical.choice, Quot.sound]
'Turing.codePrimAll' depends on axioms: [propext, Classical.choice, Quot.sound]
'Turing.codePrimDrop' depends on axioms: [propext, Classical.choice, Quot.sound]
'Turing.codePrimPrefix' depends on axioms: [propext, Classical.choice, Quot.sound]
'Turing.codePrim_machine' depends on axioms: [propext, Classical.choice, Quot.sound]
'Turing.exists_effectiveMachineCode' depends on axioms: [propext, Classical.choice, Quot.sound]
