4A checkpoint integration: axiom attestation
HEAD: e3abb0d20e385d6484c4fdd4b894a544823d24ae
UTC: 2026-10-06T03:21:03Z
ROOTS Turing.emit_run: []
ROOTS Complexity.NEXP_subset_iUnion_NTIME: []
ROOTS Turing.FinTM.exists_emitLoopTM: []
ROOTS Turing.FinTM.exists_installCallTM: []
ROOTS Turing.FinTM.exists_emitCallTM: []
ROOTS Turing.FinTM.computesFunInTime_splitSolveWith: []
ROOTS Turing.FinTM.computesFunInTime_unaryToken: []
ROOTS Turing.FinTM.computesFunInTime_appendBit: []
ROOTS Complexity.ntime_expPow_subset_NEXP: []
ROOTS Complexity.NEXP_eq_iUnion_NTIME: []
ROOTS Complexity.EXP_eq_NEXP_of_P_eq_NP: []
ROOTS Complexity.P_ne_NP_of_EXP_ne_NEXP: []
ROOTS Complexity.EXP_subset_NEXP: []
ROOTS Complexity.SAT_reducible_SAT3: []
ROOTS Complexity.TAUTOLOGY_coNPComplete: [Complexity.TAUTOLOGY_coNPComplete]
ROOTS Complexity.SAT_mem_NP: []
ROOTS Complexity.TAUTOLOGY_mem_coNP: []
ROOTS Complexity.snapshotAt_workSymbol: []
ROOTS Complexity.NP_subset_iUnion_NTIME: []
ROOTS Complexity.TMSAT_NPComplete: []
ROOTS Turing.capture_run: []
ROOTS Turing.FinTM.exists_loopCfgTM: []
ROOTS Turing.FinTM.exists_loopFindTM: []
ROOTS Turing.FinTM.computesFunInTime_splitSolve: []
A3+B INTEGRATION AUDIT PASS: the padding cluster, EXP_subset_NEXP, and SAT_reducible_SAT3 admission-free; only TAUTOLOGY_coNPComplete and SAT_NPHard retain roots among the checked set; prior closures unchanged.
lean exit: 0
