ROOTS Complexity.NPHard.polyTimeReducible: []
ROOTS Complexity.SAT_NPHard: [Complexity.SAT_NPHard]
ROOTS Complexity.SAT_NPComplete: [Complexity.SAT_NPComplete]
ROOTS Complexity.SAT3_NPHard: [Complexity.SAT3_NPHard]
ROOTS Complexity.SAT3_NPComplete: [Complexity.SAT3_NPComplete]
ROOTS Complexity.SAT_reducible_SAT3: []
ROOTS Complexity.TAUTOLOGY_coNPComplete: [Complexity.TAUTOLOGY_coNPComplete]
ROOTS Turing.emit_run: []
ROOTS Turing.FinTM.exists_emitLoopTM: []
ROOTS Turing.FinTM.exists_installCallTM: []
ROOTS Turing.FinTM.exists_emitCallTM: []
ROOTS Turing.FinTM.computesFunInTime_splitSolveWith: []
ROOTS Complexity.NEXP_subset_iUnion_NTIME: []
ROOTS Complexity.EXP_subset_NEXP: []
ROOTS Complexity.SAT_mem_NP: []
ROOTS Complexity.TMSAT_NPComplete: []
ROOTS Complexity.snapshotAt_workSymbol: []
ROOTS Turing.capture_run: []
MODULE Hardness.lean: 757 checked declarations; 4 carry sorryAx, all owned targets; kernel public surface = the five theorems only.
A3 CHECKPOINT AUDIT PASS: every declaration in Hardness.lean is admission-free except the four owned sorry targets; no non-private surface beyond the five theorems; SAT_reducible_SAT3 clean; TAUTOLOGY_coNPComplete unchanged; all prior closures unchanged. This is NOT the five-target completion gate.
