ROOTS Complexity.NPHard.polyTimeReducible: []
ROOTS Complexity.SAT_NPHard: []
ROOTS Complexity.SAT_NPComplete: []
ROOTS Complexity.SAT3_NPHard: []
ROOTS Complexity.SAT3_NPComplete: []
ROOTS Complexity.SAT_reducible_SAT3: []
ROOTS Complexity.TAUTOLOGY_coNPComplete: [Complexity.TAUTOLOGY_coNPComplete]
ROOTS Turing.emit_run: []
ROOTS Turing.FinTM.exists_emitLoopTM: []
ROOTS Turing.FinTM.exists_installCallTM: []
ROOTS Turing.FinTM.exists_emitCallTM: []
ROOTS Turing.FinTM.computesFunInTime_splitSolveWith: []
ROOTS Complexity.NEXP_subset_iUnion_NTIME: []
ROOTS Complexity.EXP_subset_NEXP: []
ROOTS Complexity.SAT_mem_NP: []
ROOTS Complexity.SAT3_mem_NP: []
ROOTS Complexity.TMSAT_NPComplete: []
ROOTS Complexity.snapshotAt_workSymbol: []
ROOTS Turing.capture_run: []
MODULE Hardness.lean: 1550 checked declarations; ZERO carry sorryAx; kernel public surface = the five theorems only.
A5 CLOSURE AUDIT PASS -- THE FIVE-TARGET COMPLETION GATE PASSES: SAT_NPHard, SAT_NPComplete, SAT3_NPHard, SAT3_NPComplete, and NPHard.polyTimeReducible all have empty admission roots with axioms at most propext/Classical.choice/Quot.sound; every declaration in Hardness.lean is admission-free; the campaign's sole remaining construction admission is TAUTOLOGY_coNPComplete. Cook-Levin is machine-checked end to end.
