ROOTS Complexity.TAUTOLOGY_coNPComplete: []
ROOTS Complexity.TAUTOLOGY_mem_coNP: []
ROOTS Complexity.SAT_NPHard: []
ROOTS Complexity.SAT_NPComplete: []
ROOTS Complexity.SAT3_NPHard: []
ROOTS Complexity.SAT3_NPComplete: []
ROOTS Complexity.NPHard.polyTimeReducible: []
ROOTS Complexity.SAT_reducible_SAT3: []
ROOTS Complexity.SAT_mem_NP: []
ROOTS Complexity.SAT3_mem_NP: []
ROOTS Complexity.TMSAT_NPComplete: []
ROOTS Complexity.NEXP_subset_iUnion_NTIME: []
ROOTS Complexity.EXP_subset_NEXP: []
ROOTS Complexity.snapshotAt_workSymbol: []
ROOTS Turing.emit_run: []
ROOTS Turing.FinTM.exists_emitLoopTM: []
ROOTS Turing.FinTM.exists_installCallTM: []
ROOTS Turing.FinTM.exists_emitCallTM: []
ROOTS Turing.FinTM.computesFunInTime_splitSolveWith: []
ROOTS Turing.capture_run: []
MODULE Tautology.lean: 439 checked declarations; ZERO carry sorryAx; kernel surface = the five original publics.
CAMPAIGN SURFACE: 11436 checked TCSlib declarations across the full import closure; ZERO carry sorryAx.
B CLOSURE AUDIT PASS -- THE CHAPTER-2 CONSTRUCTION GATE PASSES: TAUTOLOGY_coNPComplete and every campaign target have empty admission roots with axioms at most propext/Classical.choice/Quot.sound; the entire 65-module campaign surface is admission-free. Chapter 2 of Arora-Barak is machine-checked end to end.
