WARN  TCSlib/Complexity/ClassNP/EXP.lean                  3268 lines > 1000: policy requires a split or a recorded justification (escalation/decision log)
WARN  TCSlib/Complexity/ClassNP/Nondeterminism.lean       5835 lines > 1000: policy requires a split or a recorded justification (escalation/decision log)
WARN  TCSlib/Complexity/ClassNP/SAT.lean                  4815 lines > 1000: policy requires a split or a recorded justification (escalation/decision log)
WARN  TCSlib/Complexity/ClassNP/TMSAT.lean                1755 lines > 1000: policy requires a split or a recorded justification (escalation/decision log)
WARN  TCSlib/Complexity/ClassNP/Tautology.lean            1749 lines > 1000: policy requires a split or a recorded justification (escalation/decision log)
INFO  TCSlib/Complexity/ClassNP/CoNP.lean                 165 lines; 5 public / 0 private declarations
INFO  TCSlib/Complexity/ClassNP/CounterProgPolyTime.lean  90 lines; 2 public / 0 private declarations
INFO  TCSlib/Complexity/ClassNP/EXP.lean                  3268 lines; 8 public / 147 private declarations
INFO  TCSlib/Complexity/ClassNP/ExpPoly.lean              153 lines; 8 public / 1 private declarations
INFO  TCSlib/Complexity/ClassNP/NP.lean                   559 lines; 3 public / 30 private declarations
INFO  TCSlib/Complexity/ClassNP/NTIME.lean                222 lines; 7 public / 0 private declarations
INFO  TCSlib/Complexity/ClassNP/Nondeterminism.lean       5835 lines; 8 public / 271 private declarations
INFO  TCSlib/Complexity/ClassNP/PClosure.lean             183 lines; 13 public / 0 private declarations
INFO  TCSlib/Complexity/ClassNP/PolyTime.lean             162 lines; 5 public / 1 private declarations
INFO  TCSlib/Complexity/ClassNP/PolyTimePairing.lean      338 lines; 24 public / 2 private declarations
INFO  TCSlib/Complexity/ClassNP/Reductions.lean           477 lines; 10 public / 16 private declarations
INFO  TCSlib/Complexity/ClassNP/SAT.lean                  4815 lines; 5 public / 288 private declarations
INFO  TCSlib/Complexity/ClassNP/TMSAT.lean                1755 lines; 6 public / 76 private declarations
INFO  TCSlib/Complexity/ClassNP/Tautology.lean            1749 lines; 5 public / 95 private declarations
INFO  TCSlib/Complexity/ClassNP/Transducer.lean           158 lines; 7 public / 0 private declarations

style_lint: 0 FAIL, 5 WARN over 15 files
