WARN  TCSlib/Complexity/TuringMachine/Build/Loop.lean        2846 lines > 1000: policy requires a split or a recorded justification (escalation/decision log)
WARN  TCSlib/Complexity/TuringMachine/Build/Primitives.lean  4480 lines > 1000: policy requires a split or a recorded justification (escalation/decision log)
INFO  TCSlib/Complexity/TuringMachine/Build/Convention.lean  155 lines; 8 public / 0 private declarations
INFO  TCSlib/Complexity/TuringMachine/Build/Loop.lean        2846 lines; 8 public / 95 private declarations
INFO  TCSlib/Complexity/TuringMachine/Build/Primitives.lean  4480 lines; 18 public / 167 private declarations
INFO  TCSlib/Complexity/TuringMachine/Build/Wrappers.lean    739 lines > target 600
INFO  TCSlib/Complexity/TuringMachine/Build/Wrappers.lean    739 lines; 10 public / 19 private declarations

style_lint: 0 FAIL, 2 WARN over 4 files
WARN  TCSlib/Complexity/ClassNP/EXP.lean             2534 lines > 1000: policy requires a split or a recorded justification (escalation/decision log)
WARN  TCSlib/Complexity/ClassNP/Nondeterminism.lean  5013 lines > 1000: policy requires a split or a recorded justification (escalation/decision log)
WARN  TCSlib/Complexity/ClassNP/SAT.lean             2363 lines > 1000: policy requires a split or a recorded justification (escalation/decision log)
WARN  TCSlib/Complexity/ClassNP/TMSAT.lean           1908 lines > 1000: policy requires a split or a recorded justification (escalation/decision log)
WARN  TCSlib/Complexity/ClassNP/Tautology.lean       1274 lines > 1000: policy requires a split or a recorded justification (escalation/decision log)
INFO  TCSlib/Complexity/ClassNP/CoNP.lean            165 lines; 5 public / 0 private declarations
INFO  TCSlib/Complexity/ClassNP/EXP.lean             2534 lines; 6 public / 115 private declarations
INFO  TCSlib/Complexity/ClassNP/NP.lean              679 lines > target 600
INFO  TCSlib/Complexity/ClassNP/NP.lean              679 lines; 3 public / 38 private declarations
INFO  TCSlib/Complexity/ClassNP/NTIME.lean           222 lines; 7 public / 0 private declarations
INFO  TCSlib/Complexity/ClassNP/Nondeterminism.lean  5013 lines; 8 public / 235 private declarations
INFO  TCSlib/Complexity/ClassNP/PolyTime.lean        162 lines; 5 public / 1 private declarations
INFO  TCSlib/Complexity/ClassNP/Reductions.lean      477 lines; 10 public / 16 private declarations
INFO  TCSlib/Complexity/ClassNP/SAT.lean             2363 lines; 5 public / 135 private declarations
INFO  TCSlib/Complexity/ClassNP/TMSAT.lean           1908 lines; 6 public / 87 private declarations
INFO  TCSlib/Complexity/ClassNP/Tautology.lean       1274 lines; 5 public / 67 private declarations

style_lint: 0 FAIL, 5 WARN over 10 files
