P + L integration: axiom attestation
HEAD: 634ee79508dc08744ed1b80b88e09766570ac27f
UTC: 2026-10-05T21:26:52Z
ROOTS Turing.emit_run: []
ROOTS Complexity.NEXP_subset_iUnion_NTIME: []
ROOTS Turing.FinTM.exists_emitLoopTM: []
ROOTS Turing.FinTM.exists_installCallTM: []
ROOTS Turing.FinTM.exists_emitCallTM: []
ROOTS Turing.FinTM.computesFunInTime_splitSolveWith: [Turing.FinTM.computesFunInTime_splitSolveWith]
ROOTS Turing.FinTM.computesFunInTime_unaryToken: []
ROOTS Turing.FinTM.computesFunInTime_appendBit: []
ROOTS Complexity.ntime_expPow_subset_NEXP: [Complexity.ntime_expPow_subset_NEXP]
ROOTS Complexity.NEXP_eq_iUnion_NTIME: [Complexity.NEXP_eq_iUnion_NTIME]
ROOTS Complexity.EXP_eq_NEXP_of_P_eq_NP: [Complexity.EXP_eq_NEXP_of_P_eq_NP]
ROOTS Complexity.P_ne_NP_of_EXP_ne_NEXP: [Complexity.P_ne_NP_of_EXP_ne_NEXP]
ROOTS Complexity.EXP_subset_NEXP: [Complexity.EXP_subset_NEXP]
ROOTS Complexity.SAT_reducible_SAT3: [Complexity.SAT_reducible_SAT3]
ROOTS Complexity.TAUTOLOGY_coNPComplete: [Complexity.TAUTOLOGY_coNPComplete]
ROOTS Complexity.SAT_mem_NP: []
ROOTS Complexity.TAUTOLOGY_mem_coNP: []
ROOTS Complexity.snapshotAt_workSymbol: []
ROOTS Complexity.NP_subset_iUnion_NTIME: []
ROOTS Complexity.TMSAT_NPComplete: []
ROOTS Turing.capture_run: []
ROOTS Turing.FinTM.exists_loopCfgTM: []
ROOTS Turing.FinTM.exists_loopFindTM: []
ROOTS Turing.FinTM.computesFunInTime_splitSolve: []
P+L INTEGRATION AUDIT PASS: emit_run and the exponential reverse host admission-free; the six remaining spec contracts and campaign frontiers at their own roots; prior closures unchanged.
lean exit: 0
