A-cont integration + emitter r3 repairs: full regression attestation
HEAD: 96d5b017ebcf69ff0c0eef4959e5c7d9141dfa20 + working-tree r3 repairs
UTC: 2026-10-05T19:57:10Z
ROOTS Complexity.NP_subset_EXP: []
ROOTS Complexity.HALT_NPHard: []
ROOTS Complexity.HALT_not_mem_NP: []
ROOTS Complexity.ntime_poly_subset_NP: []
ROOTS Complexity.NP_subset_iUnion_NTIME: []
ROOTS Complexity.NP_eq_iUnion_NTIME: []
ROOTS Complexity.mem_NP_iff_exists_length_le: []
ROOTS Complexity.timeConstructible_poly: []
ROOTS Complexity.timed_universal_quantitative: []
ROOTS Complexity.TMSAT_mem_NP: []
ROOTS Complexity.TMSAT_NPHard: []
ROOTS Complexity.TMSAT_NPComplete: []
ROOTS Turing.timed_universal: []
ROOTS Turing.timed_universal_concrete: []
ROOTS Turing.FinTM.exists_loopCfgTM: []
ROOTS Turing.FinTM.computesFunInTime_splitSolve: []
ROOTS Turing.capture_run: []
ROOTS Complexity.EXP_subset_NEXP: [Complexity.EXP_subset_NEXP]
B2 CLOSURE AUDIT PASS: all ten epoch-2 targets admission-free; Chapter-1 and library regressions unchanged; E3 statement layer at its own roots.
lean exit: 0
