PASS 5: all 65 order modules are in the import closure.
TARGET Complexity.ntime_expPow_subset_NEXP: roots []
TARGET Complexity.NEXP_eq_iUnion_NTIME: roots []
TARGET Complexity.NEXP_subset_iUnion_NTIME: roots []
TARGET Complexity.EXP_eq_NEXP_of_P_eq_NP: roots []
TARGET Complexity.P_ne_NP_of_EXP_ne_NEXP: roots []
TARGET Complexity.EXP_subset_NEXP: roots []
TARGET Complexity.SAT_mem_NP: roots []
TARGET Complexity.SAT3_mem_NP: roots []
TARGET Complexity.SAT_reducible_SAT3: roots []
TARGET Complexity.snapshotAt_zero: roots []
TARGET Complexity.snapshotAt_state_succ: roots []
TARGET Complexity.snapshotAt_inputSymbol: roots []
TARGET Complexity.snapshotAt_workSymbol: roots []
TARGET Complexity.oblivious_schedule_eq: roots []
TARGET Complexity.TAUTOLOGY_mem_coNP: roots []
TARGET Complexity.NPHard.polyTimeReducible: roots []
TARGET Complexity.SAT_NPHard: roots []
TARGET Complexity.SAT_NPComplete: roots []
TARGET Complexity.SAT3_NPHard: roots []
TARGET Complexity.SAT3_NPComplete: roots []
TARGET Complexity.TAUTOLOGY_coNPComplete: roots []
PASS 1: all 21 frozen targets have empty roots and axioms within the permitted triple.
PASS 2/3 TCSlib.Complexity.ClassNP.Nondeterminism: 588 checked declarations, all closures within the permitted triple; non-private kernel names match the reviewed inventory exactly (87 names at the gate snapshot; 84 after the recorded E5 dedup) (both directions).
PASS 2/3 TCSlib.Complexity.ClassNP.EXP: 487 checked declarations, all closures within the permitted triple; non-private kernel names match the reviewed inventory exactly (87 names at the gate snapshot; 84 after the recorded E5 dedup) (both directions).
PASS 2/3 TCSlib.Complexity.ClassNP.SAT: 760 checked declarations, all closures within the permitted triple; non-private kernel names match the reviewed inventory exactly (87 names at the gate snapshot; 84 after the recorded E5 dedup) (both directions).
PASS 2/3 TCSlib.Complexity.CookLevin.Snapshot: 41 checked declarations, all closures within the permitted triple; non-private kernel names match the reviewed inventory exactly (87 names at the gate snapshot; 84 after the recorded E5 dedup) (both directions).
PASS 2/3 TCSlib.Complexity.ClassNP.Tautology: 436 checked declarations, all closures within the permitted triple; non-private kernel names match the reviewed inventory exactly (87 names at the gate snapshot; 84 after the recorded E5 dedup) (both directions).
PASS 2/3 TCSlib.Complexity.CookLevin.Hardness: 1418 checked declarations, all closures within the permitted triple; non-private kernel names match the reviewed inventory exactly (87 names at the gate snapshot; 84 after the recorded E5 dedup) (both directions).
PASS 4: 11114 checked TCSlib declarations in the import closure; every transitive closure is within propext/Classical.choice/Quot.sound (sorryAx and any other axiom would fail this run).
R3 CLOSURE AUDIT PASS: the round-2 finding-1 surface repair discharged -- exact two-directional inventory equality on all six owned modules; axiom, target, and coverage passes unchanged from round 2.
