declarations screened: 178; copy pairs (target reproduces >= half of source): 110; reproduced text: 56,666 chars
   Loop.lean::loopHost_payload_rewind  reproduces  Loop.lean::loopHost_fuel_rewind: 1259/1261 = 100%
   Loop.lean::emLoopHost_round  reproduces  Loop.lean::loopHost_reject: 2361/2367 = 100%
   Loop.lean::emLoopHost_prepare  reproduces  Loop.lean::loopHost_input_rewind: 232/233 = 100%
   Loop.lean::emLoopHost_prepare  reproduces  Loop.lean::loopHost_prepare: 1273/1282 = 99%
   Loop.lean::loopHost_fuel_rewind  reproduces  Loop.lean::loopHost_payload_rewind: 1259/1269 = 99%
   Loop.lean::loop_run  reproduces  Loop.lean::loop_halted_run: 627/659 = 95%
   Loop.lean::loopCall_reframe  reproduces  Loop.lean::loopCall_frame: 464/488 = 95%
   Loop.lean::emLoopHost_anchor_return  reproduces  Loop.lean::loopHost_anchor_return: 867/915 = 95%
   Loop.lean::emCall_bank_final  reproduces  Loop.lean::emCall_bank_initial: 3070/3250 = 94%
   Loop.lean::emLoopHost_start  reproduces  Loop.lean::loopHost_start: 257/280 = 92%
   Loop.lean::loop_halted_run  reproduces  Loop.lean::loop_run: 627/701 = 89%
   Loop.lean::exists_loopFindTM  reproduces  Loop.lean::exists_loopTM: 686/770 = 89%
   Loop.lean::emCall_finish_arg  reproduces  Loop.lean::emCall_finish_rewind: 1025/1195 = 86%
   Loop.lean::emCall_triple_pair  reproduces  Loop.lean::emCall_pair_triple: 138/161 = 86%
   Loop.lean::emCall_right_run  reproduces  Loop.lean::emLoop_run_prefix: 110/129 = 85%
   Loop.lean::emCall_bank_initial  reproduces  Loop.lean::emCall_bank_final: 3070/3669 = 84%
   Loop.lean::loopHost_fuel_return  reproduces  Loop.lean::loopHost_fuel_rewind: 1047/1261 = 83%
   Loop.lean::loopHost_fuel_return  reproduces  Loop.lean::loopHost_payload_rewind: 1047/1269 = 83%
   Loop.lean::exists_emitCallTM  reproduces  Loop.lean::exists_installCallTM: 194/236 = 82%
   Loop.lean::loopHost_fuel_return  reproduces  Loop.lean::loopHost_borrow_rewind: 1035/1284 = 81%
   Loop.lean::loopHost_payload_rewind  reproduces  Loop.lean::loopHost_fuel_return: 1047/1321 = 79%
   Loop.lean::loopHost_fuel_rewind  reproduces  Loop.lean::loopHost_fuel_return: 1047/1321 = 79%
   Loop.lean::emCall_finish_final  reproduces  Loop.lean::emCall_finish_initial: 1279/1629 = 79%
   Loop.lean::loopHost_borrow_rewind  reproduces  Loop.lean::loopHost_fuel_return: 1035/1321 = 78%
   Loop.lean::exists_installCallTM  reproduces  Loop.lean::exists_emitCallTM: 194/248 = 78%
   Loop.lean::emCall_finish_arg  reproduces  Loop.lean::emCall_finish_erase: 972/1264 = 77%
   Loop.lean::exists_loopTM  reproduces  Loop.lean::exists_loopFindTM: 686/910 = 75%
   Loop.lean::emCall_finish_initial  reproduces  Loop.lean::emCall_finish_final: 1279/1731 = 74%
   Loop.lean::loop_find_run  reproduces  Loop.lean::loop_halted_run: 484/659 = 73%
   Loop.lean::loopFrame  reproduces  Loop.lean::loopControlAction: 110/150 = 73%
   Loop.lean::emLoopHost_round  reproduces  Loop.lean::loopHost_borrow_rewind: 917/1284 = 71%
   Loop.lean::loop_halted_run  reproduces  Loop.lean::loop_find_run: 484/678 = 71%
   Loop.lean::emCall_finish_rewind  reproduces  Loop.lean::emCall_finish_arg: 1025/1438 = 71%
   Loop.lean::emCall_triple_other  reproduces  Loop.lean::emCall_triple_inverse: 128/183 = 70%
   Loop.lean::emCall_finish_erase  reproduces  Loop.lean::emCall_finish_rewind: 835/1195 = 70%
   Loop.lean::loopBody_step  reproduces  Loop.lean::loopBody_stop: 239/346 = 69%
   Loop.lean::emCall_finish_erase  reproduces  Loop.lean::emCall_finish_arg: 972/1438 = 68%
   Loop.lean::emCall_triple_pair  reproduces  Loop.lean::emCall_triple_inverse: 122/183 = 67%
   Loop.lean::loop_run  reproduces  Loop.lean::loop_find_run: 448/678 = 66%
   Loop.lean::emCall_finish_rewind  reproduces  Loop.lean::emCall_finish_erase: 835/1264 = 66%
   Loop.lean::loopHost_fuel_copy  reproduces  Loop.lean::loopHost_fuel_rewind: 827/1261 = 66%
   Loop.lean::loopHost_fuel_copy  reproduces  Loop.lean::loopHost_payload_rewind: 829/1269 = 65%
   Loop.lean::emCall_triple_other  reproduces  Loop.lean::emCall_triple_pair: 152/233 = 65%
   Loop.lean::emCall_track_action  reproduces  Loop.lean::emCall_right_step: 134/207 = 65%
   Loop.lean::emCall_track_action  reproduces  Loop.lean::emCall_track_stamp: 450/698 = 64%
   Loop.lean::emLoop_run_prefix  reproduces  Loop.lean::emCall_right_run: 110/172 = 64%
   Loop.lean::loop_find_run  reproduces  Loop.lean::loop_run: 448/701 = 64%
   Loop.lean::loopHost_body_capture  reproduces  Loop.lean::loopHost_fuel_capture: 67/105 = 64%
   Loop.lean::loopReady_call  reproduces  Loop.lean::loopCall_frame: 308/488 = 63%
   Loop.lean::emLoopHost_round  reproduces  Loop.lean::loopHost_borrow: 261/415 = 63%
   Loop.lean::loopBody_run  reproduces  Loop.lean::emLoop_run_prefix: 81/129 = 63%
   Loop.lean::loopCall_frame  reproduces  Loop.lean::loopCall_reframe: 464/749 = 62%
   Loop.lean::loopHost_anchor_return  reproduces  Loop.lean::loopHost_halt_return: 295/484 = 61%
   Loop.lean::emCall_finish_transfer  reproduces  Loop.lean::emCall_finish_erase: 764/1264 = 60%
   Loop.lean::emCall_finish_transfer  reproduces  Loop.lean::emCall_finish_rewind: 722/1195 = 60%
   Loop.lean::loopHost_fuel_capture  reproduces  Loop.lean::loopHost_body_capture: 67/111 = 60%
   Loop.lean::loopCall  reproduces  Loop.lean::emLoopCall: 80/134 = 60%
   Loop.lean::exists_emitLoopTM  reproduces  Loop.lean::exists_loopTM: 457/770 = 59%
   Loop.lean::emCall_pair_triple  reproduces  Loop.lean::emCall_triple_pair: 138/233 = 59%
   Loop.lean::loopHost_borrow_rewind  reproduces  Loop.lean::loopHost_fuel_rewind: 733/1261 = 58%
   Loop.lean::exists_loopFindTM  reproduces  Loop.lean::exists_loopCfgTM: 92/159 = 58%
   Loop.lean::emCall_clear_left  reproduces  Loop.lean::emCall_clear_scan: 369/638 = 58%
   Loop.lean::loopHost_borrow_rewind  reproduces  Loop.lean::loopHost_payload_rewind: 733/1269 = 58%
   Loop.lean::emCallTripleEmbedding  reproduces  Loop.lean::emCallPairEmbedding: 69/120 = 57%
   Loop.lean::emCall_track_stamp  reproduces  Loop.lean::emCall_track_initial: 398/693 = 57%
   Loop.lean::emCall_triple_inverse  reproduces  Loop.lean::emCall_pair_triple: 92/161 = 57%
   Loop.lean::loopHost_payload_rewind  reproduces  Loop.lean::loopHost_borrow_rewind: 733/1284 = 57%
   Loop.lean::loopHost_fuel_rewind  reproduces  Loop.lean::loopHost_borrow_rewind: 733/1284 = 57%
   Loop.lean::loop_input_run_le  reproduces  Loop.lean::loop_output_length_le: 145/254 = 57%
   Loop.lean::emCall_track_initial  reproduces  Loop.lean::emCall_track_stamp: 398/698 = 57%
   Loop.lean::emCall_finish_transfer  reproduces  Loop.lean::emCall_finish_arg: 819/1438 = 57%
   Loop.lean::loopHost_payload_rewind  reproduces  Loop.lean::loopHost_fuel_copy: 829/1458 = 57%
   Loop.lean::emLoopCall  reproduces  Loop.lean::loopCall: 80/141 = 57%
   Loop.lean::loopHost_fuel_rewind  reproduces  Loop.lean::loopHost_fuel_copy: 827/1458 = 57%
   Loop.lean::emCallPairIndex  reproduces  Loop.lean::emCallPairSelect: 61/108 = 56%
   Loop.lean::emCall_finish_arg  reproduces  Loop.lean::emCall_finish_transfer: 819/1459 = 56%
   Loop.lean::emCall_bank_final  reproduces  Loop.lean::emCall_finish_initial: 904/1629 = 55%
   Loop.lean::emLoopHost_round  reproduces  Loop.lean::loopHost_fuel_return: 731/1321 = 55%
   Loop.lean::emLoopHost_round  reproduces  Loop.lean::emLoop_run_prefix: 71/129 = 55%
   Loop.lean::emCall_track_run  reproduces  Loop.lean::emLoop_run_prefix: 71/129 = 55%
   Loop.lean::emLoopHost_round  reproduces  Loop.lean::loopHost_borrow_step: 366/671 = 55%
   Loop.lean::exists_emitLoopTM  reproduces  Loop.lean::exists_loopFindTM: 491/910 = 54%
   Loop.lean::emCallPairEmbedding  reproduces  Loop.lean::emCallTripleEmbedding: 69/128 = 54%
   Loop.lean::emCall_track_run  reproduces  Loop.lean::emCall_track_extent: 145/269 = 54%
   Loop.lean::emCall_track_action  reproduces  Loop.lean::emCall_track_initial: 370/693 = 53%
   Loop.lean::emCall_bank_initial  reproduces  Loop.lean::emCall_prepare_final: 377/707 = 53%
   Loop.lean::emCall_triple_pair  reproduces  Loop.lean::emCall_triple_other: 152/287 = 53%
   Loop.lean::loopHost_borrow_run  reproduces  Loop.lean::emLoop_run_prefix: 68/129 = 53%
   Loop.lean::emCall_finish_transfer  reproduces  Loop.lean::emLoop_run_prefix: 68/129 = 53%
   Loop.lean::emCall_finish_rewind  reproduces  Loop.lean::emLoop_run_prefix: 68/129 = 53%
   Loop.lean::emCall_finish_erase  reproduces  Loop.lean::emLoop_run_prefix: 68/129 = 53%
   Loop.lean::emCall_finish_arg  reproduces  Loop.lean::emLoop_run_prefix: 68/129 = 53%
   Loop.lean::emCall_finish_erase  reproduces  Loop.lean::emCall_finish_transfer: 764/1459 = 52%
   Loop.lean::emCall_triple_inverse  reproduces  Loop.lean::emCall_triple_pair: 122/233 = 52%
   Loop.lean::loopFuelCaptured_frame  reproduces  Loop.lean::loopControl_payload: 128/246 = 52%
   Loop.lean::loopHost_reject  reproduces  Loop.lean::emLoop_run_prefix: 67/129 = 52%
   Loop.lean::loopHost_payload_rewind  reproduces  Loop.lean::emLoop_run_prefix: 67/129 = 52%
   Loop.lean::loopHost_fuel_rewind  reproduces  Loop.lean::emLoop_run_prefix: 67/129 = 52%
   Loop.lean::loopHost_fuel_return  reproduces  Loop.lean::emLoop_run_prefix: 67/129 = 52%
   Loop.lean::loopHost_borrow_rewind  reproduces  Loop.lean::emLoop_run_prefix: 67/129 = 52%
   Loop.lean::emCall_right_scan  reproduces  Loop.lean::emLoop_run_prefix: 67/129 = 52%
   Loop.lean::emCall_finish_initial  reproduces  Loop.lean::emCall_prepare_final: 366/707 = 52%
   Loop.lean::emLoopHost_round  reproduces  Loop.lean::emLoopHost_start: 497/965 = 52%
   Loop.lean::loopReplay_run  reproduces  Loop.lean::emLoop_run_prefix: 66/129 = 51%
   Loop.lean::loopHost_frame_replay  reproduces  Loop.lean::loopControl_payload: 125/246 = 51%
   Loop.lean::loopHost_fuel_copy  reproduces  Loop.lean::emLoop_run_prefix: 65/129 = 50%
   Loop.lean::emCall_clear_run  reproduces  Loop.lean::emCall_clear_origin: 428/850 = 50%
   Loop.lean::emCall_track_computes  reproduces  Loop.lean::emCall_right_computes: 77/153 = 50%
   Loop.lean::emCall_right_computes  reproduces  Loop.lean::emCall_track_computes: 77/153 = 50%
   Loop.lean::emCall_pair_triple  reproduces  Loop.lean::emCall_triple_inverse: 92/183 = 50%
