== TCSlib/Complexity/TuringMachine/Build/Embed.lean
public before/after: 23 24 private before/after: 16 16
public added: ['MultiTapeTM.runFrom_mapState_of_agreeOn']
public removed: []
private removed: []
private added: []
private changed: []
== TCSlib/Complexity/TuringMachine/Build/Loop.lean
public before/after: 9 9 private before/after: 191 190
public added: []
public removed: []
private removed: ['emCall_state_run']
private added: []
private changed: ['emCall_exit_fixed', 'emCall_finalize_run', 'emCall_prepare_run']
== TCSlib/Complexity/TuringMachine/Build/Primitives.lean
public before/after: 18 18 private before/after: 254 241
public added: []
public removed: []
private removed: ['emitterP2Action', 'emitterP2Cfg', 'emitterP2LeftSelect', 'emitterP2OneSelect', 'emitterP2PairSelect', 'emitterP2RightSelect', 'emitterP2SmallSelect', 'emitterP2_apply', 'emitterP2_call_segment', 'emitterP2_left_inverse', 'emitterP2_one_inverse', 'emitterP2_pair_inverse', 'emitterP2_relocate_run', 'emitterP2_right_inverse', 'emitterP2_segment', 'emitterP2_small_inverse', 'splitEmbed_run']
private added: ['emitterP2OneIndex', 'emitterP2_call_phase', 'emitterP2_frame', 'emitterP2_phase']
private changed: ['emitterP2BodyTM', 'emitterP2LeftIndex', 'emitterP2PairIndex', 'emitterP2RightIndex', 'emitterP2SmallIndex', 'emitterP2_body_advance', 'emitterP2_body_compare', 'emitterP2_body_emit', 'emitterP2_body_erase_left', 'emitterP2_body_erase_right', 'emitterP2_body_length', 'emitterP2_body_prepare', 'emitterP2_body_width', 'emitterP2_left_frame', 'emitterP2_one_frame', 'emitterP2_pair_frame', 'emitterP2_right_frame', 'emitterP2_small_frame', 'emitterP2_update_left', 'splitBody_round']
== TCSlib/Complexity/CookLevin/Hardness.lean
public before/after: 6 5 private before/after: 544 540
public added: []
public removed: ['of']
private removed: ['clLoadIndex', 'clLoad_inverse', 'clMap_run', 'clMatchCmpIndex', 'clMatchCmp_inverse', 'clMatchLoadIndex', 'clMatchLoad_inverse', 'clPrepareIndex', 'clRecRowIndex', 'clRecRow_inverse', 'clRecTrackIndex', 'clRecTrack_inverse', 'clRecordIndex', 'clRecord_inverse', 'clRowIndex', 'clRow_inverse', 'clSlotAction', 'clSlotCfg', 'clSlot_apply', 'clSlot_release', 'clSlot_run']
private added: ['clKeepLastPlacement', 'clPlacedAction', 'clPlacedAction_eq', 'clPlacedCfg', 'clPlacedCfg_eq', 'clPlaced_apply', 'clPlaced_release', 'clPlaced_run', 'clPlacement', 'clPlacement.comp', 'clPlacement.empty', 'clPlacement.ofInverse', 'clPlacement.permute', 'clPlacement.refl', 'clPlacement.sum', 'clPlacement.trailing', 'clPlacement_lookup']
private changed: ['clA5Compare_compute', 'clCountOutputTM', 'clCountOutput_quadratic', 'clLoadSelect', 'clLoadTM', 'clLoad_field', 'clLoad_frame', 'clMatchCmpSelect', 'clMatchLoadSelect', 'clMatchTM', 'clMatch_cmp_frame', 'clMatch_compare', 'clMatch_load', 'clMatch_load_frame', 'clOneSelect', 'clOutputAt_compute', 'clOutputTM', 'clOutput_compute', 'clPrepareSelect', 'clPrepareTM', 'clPrepare_complete', 'clPrepare_start', 'clPreparedCfg', 'clPreparedTM', 'clPrepared_idle', 'clPrepared_run', 'clQueryFlags_compute', 'clRecRowSelect', 'clRecTM', 'clRecTrackSelect', 'clRec_advance', 'clRec_copy', 'clRec_row_frame', 'clRec_row_inactive', 'clRec_track_frame', 'clRec_track_inactive', 'clRecordCfg', 'clRecordOutputTM', 'clRecordOutput_compute', 'clRecordSelect', 'clRecordTM', 'clRecord_complete', 'clRecord_idle', 'clRecord_prepare_frame', 'clRepeatOutput_compute', 'clRepeatTM', 'clRepeat_call', 'clRepeat_frame', 'clRowSelect', 'clRowTM', 'clRow_field', 'clRow_frame']
