CHECK TCSlib/Complexity/TuringMachine/Build/Embed
EXIT 0 TCSlib/Complexity/TuringMachine/Build/Embed
CHECK TCSlib/Complexity/TuringMachine/Build/Loop
EXIT 0 TCSlib/Complexity/TuringMachine/Build/Loop
CHECK TCSlib/Complexity/TuringMachine/Build/Primitives
EXIT 0 TCSlib/Complexity/TuringMachine/Build/Primitives
CHECK TCSlib/Complexity/CircuitComplexity/Advice
EXIT 0 TCSlib/Complexity/CircuitComplexity/Advice
CHECK TCSlib/Complexity/ClassNP/PolyTimePairing
EXIT 0 TCSlib/Complexity/ClassNP/PolyTimePairing
CHECK TCSlib/Complexity/ClassNP/NP
EXIT 0 TCSlib/Complexity/ClassNP/NP
CHECK TCSlib/Complexity/ClassNP/EXP
EXIT 0 TCSlib/Complexity/ClassNP/EXP
CHECK TCSlib/Complexity/ClassNP/Reductions
EXIT 0 TCSlib/Complexity/ClassNP/Reductions
CHECK TCSlib/Complexity/ClassNP/SAT
EXIT 0 TCSlib/Complexity/ClassNP/SAT
CHECK TCSlib/Complexity/CircuitComplexity/DAGCircuitSatLang
EXIT 0 TCSlib/Complexity/CircuitComplexity/DAGCircuitSatLang
CHECK TCSlib/Complexity/CircuitComplexity/CircuitEvalNP
EXIT 0 TCSlib/Complexity/CircuitComplexity/CircuitEvalNP
CHECK TCSlib/Complexity/CircuitComplexity/PUniformP
EXIT 0 TCSlib/Complexity/CircuitComplexity/PUniformP
CHECK TCSlib/Complexity/CircuitComplexity/PPolyAdvice
EXIT 0 TCSlib/Complexity/CircuitComplexity/PPolyAdvice
CHECK TCSlib/Complexity/CircuitComplexity/UHaltMachine
EXIT 0 TCSlib/Complexity/CircuitComplexity/UHaltMachine
CHECK TCSlib/Complexity/ClassNP/Transducer
EXIT 0 TCSlib/Complexity/ClassNP/Transducer
CHECK TCSlib/Complexity/CircuitComplexity/CircuitSatReductionValid
EXIT 0 TCSlib/Complexity/CircuitComplexity/CircuitSatReductionValid
CHECK TCSlib/Complexity/CircuitComplexity/CircuitSatReduction
EXIT 0 TCSlib/Complexity/CircuitComplexity/CircuitSatReduction
CHECK TCSlib/Complexity/ClassNP/CoNP
EXIT 0 TCSlib/Complexity/ClassNP/CoNP
CHECK TCSlib/Complexity/ClassNP/PolyTimePrefix
EXIT 0 TCSlib/Complexity/ClassNP/PolyTimePrefix
CHECK TCSlib/Complexity/TuringMachine/Build/EmitIterEmbed
EXIT 0 TCSlib/Complexity/TuringMachine/Build/EmitIterEmbed
CHECK TCSlib/Complexity/TuringMachine/Build/EmitIterBody
EXIT 0 TCSlib/Complexity/TuringMachine/Build/EmitIterBody
CHECK TCSlib/Complexity/ClassNP/PolyTimeBlockLoop
EXIT 0 TCSlib/Complexity/ClassNP/PolyTimeBlockLoop
CHECK TCSlib/Complexity/ClassNP/PolyTimeBlockTests
EXIT 0 TCSlib/Complexity/ClassNP/PolyTimeBlockTests
CHECK TCSlib/Complexity/ClassNP/PolyTimeBlockMajority
EXIT 0 TCSlib/Complexity/ClassNP/PolyTimeBlockMajority
CHECK TCSlib/Complexity/ClassNP/PClosure
EXIT 0 TCSlib/Complexity/ClassNP/PClosure
CHECK TCSlib/Complexity/PolyHierarchy/Padding
EXIT 0 TCSlib/Complexity/PolyHierarchy/Padding
CHECK TCSlib/Complexity/CircuitComplexity/KarpLiptonPrefix
EXIT 0 TCSlib/Complexity/CircuitComplexity/KarpLiptonPrefix
CHECK TCSlib/Complexity/PolyHierarchy/Defs
EXIT 0 TCSlib/Complexity/PolyHierarchy/Defs
CHECK TCSlib/Complexity/PolyHierarchy/Normalize
EXIT 0 TCSlib/Complexity/PolyHierarchy/Normalize
CHECK TCSlib/Complexity/PolyHierarchy/Levels
EXIT 0 TCSlib/Complexity/PolyHierarchy/Levels
CHECK TCSlib/Complexity/PolyHierarchy/Collapse
EXIT 0 TCSlib/Complexity/PolyHierarchy/Collapse
CHECK TCSlib/Complexity/CircuitComplexity/KarpLipton
EXIT 0 TCSlib/Complexity/CircuitComplexity/KarpLipton
CHECK TCSlib/Complexity/CircuitComplexity/KarpLiptonSearchFamily
EXIT 0 TCSlib/Complexity/CircuitComplexity/KarpLiptonSearchFamily
CHECK TCSlib/Complexity/ClassNP/TMSAT
EXIT 0 TCSlib/Complexity/ClassNP/TMSAT
CHECK TCSlib/Complexity/CircuitComplexity/PSubsetPPoly
EXIT 0 TCSlib/Complexity/CircuitComplexity/PSubsetPPoly
CHECK TCSlib/Complexity/CircuitComplexity/PAdviceSubsetPPoly
EXIT 0 TCSlib/Complexity/CircuitComplexity/PAdviceSubsetPPoly
CHECK TCSlib/Complexity/CircuitComplexity/UniformTableau
EXIT 0 TCSlib/Complexity/CircuitComplexity/UniformTableau
CHECK TCSlib/Complexity/CircuitComplexity/CircuitSatNPHard
EXIT 0 TCSlib/Complexity/CircuitComplexity/CircuitSatNPHard
CHECK TCSlib/Complexity/CircuitComplexity/LogspaceTableau
EXIT 0 TCSlib/Complexity/CircuitComplexity/LogspaceTableau
CHECK TCSlib/Complexity/CircuitComplexity/MeyerTab
EXIT 0 TCSlib/Complexity/CircuitComplexity/MeyerTab
CHECK TCSlib/Complexity/CircuitComplexity/MeyerTableau
EXIT 0 TCSlib/Complexity/CircuitComplexity/MeyerTableau
CHECK TCSlib/Complexity/CircuitComplexity/MeyerVerifierGlue
EXIT 0 TCSlib/Complexity/CircuitComplexity/MeyerVerifierGlue
CHECK TCSlib/Complexity/CircuitComplexity/MeyerVerifier
EXIT 0 TCSlib/Complexity/CircuitComplexity/MeyerVerifier
CHECK TCSlib/Complexity/CircuitComplexity/MeyerSound
EXIT 0 TCSlib/Complexity/CircuitComplexity/MeyerSound
CHECK TCSlib/Complexity/CircuitComplexity/MeyerSoundInput
EXIT 0 TCSlib/Complexity/CircuitComplexity/MeyerSoundInput
CHECK TCSlib/Complexity/CircuitComplexity/MeyerComplete
EXIT 0 TCSlib/Complexity/CircuitComplexity/MeyerComplete
CHECK TCSlib/Complexity/CircuitComplexity/MeyerSigma
EXIT 0 TCSlib/Complexity/CircuitComplexity/MeyerSigma
CHECK TCSlib/Complexity/ClassNP/ExpPoly
EXIT 0 TCSlib/Complexity/ClassNP/ExpPoly
CHECK TCSlib/Complexity/CircuitComplexity/MeyerSigmaEXP
EXIT 0 TCSlib/Complexity/CircuitComplexity/MeyerSigmaEXP
CHECK TCSlib/Complexity/TimeHierarchy/Separation
EXIT 0 TCSlib/Complexity/TimeHierarchy/Separation
CHECK TCSlib/Complexity/CircuitComplexity/Meyer
EXIT 0 TCSlib/Complexity/CircuitComplexity/Meyer
CHECK TCSlib/Complexity/CircuitComplexity
EXIT 0 TCSlib/Complexity/CircuitComplexity
CHECK TCSlib/Complexity/Randomized/PolyTimeModel
EXIT 0 TCSlib/Complexity/Randomized/PolyTimeModel
CHECK TCSlib/Complexity/Randomized
EXIT 0 TCSlib/Complexity/Randomized
CHECK TCSlib/Complexity/TuringMachine/Build/Catalog
EXIT 0 TCSlib/Complexity/TuringMachine/Build/Catalog
CHECK TCSlib/Complexity/TuringMachine
EXIT 0 TCSlib/Complexity/TuringMachine
CHECK TCSlib/Complexity/CookLevin/Hardness
EXIT 0 TCSlib/Complexity/CookLevin/Hardness
CHECK TCSlib/Complexity/CookLevin
EXIT 0 TCSlib/Complexity/CookLevin
CHECK TCSlib/Complexity/ClassNP/Nondeterminism
EXIT 0 TCSlib/Complexity/ClassNP/Nondeterminism
CHECK TCSlib/Complexity/ClassNP/Tautology
EXIT 0 TCSlib/Complexity/ClassNP/Tautology
CHECK TCSlib/Complexity/ClassNP
EXIT 0 TCSlib/Complexity/ClassNP
CHECK TCSlib/Complexity/ClassOracle/Classes
TCSlib/Complexity/ClassOracle/Classes.lean:110:8: warning: declaration uses 'sorry'
TCSlib/Complexity/ClassOracle/Classes.lean:123:8: warning: declaration uses 'sorry'
TCSlib/Complexity/ClassOracle/Classes.lean:144:8: warning: declaration uses 'sorry'
TCSlib/Complexity/ClassOracle/Classes.lean:152:8: warning: declaration uses 'sorry'
TCSlib/Complexity/ClassOracle/Classes.lean:162:8: warning: declaration uses 'sorry'
TCSlib/Complexity/ClassOracle/Classes.lean:191:8: warning: declaration uses 'sorry'
EXIT 0 TCSlib/Complexity/ClassOracle/Classes
CHECK TCSlib/Complexity/ClassOracle/SATOracle
TCSlib/Complexity/ClassOracle/SATOracle.lean:49:8: warning: declaration uses 'sorry'
TCSlib/Complexity/ClassOracle/SATOracle.lean:57:8: warning: declaration uses 'sorry'
TCSlib/Complexity/ClassOracle/SATOracle.lean:65:8: warning: declaration uses 'sorry'
EXIT 0 TCSlib/Complexity/ClassOracle/SATOracle
CHECK TCSlib/Complexity/ClassOracle
EXIT 0 TCSlib/Complexity/ClassOracle
CHECK TCSlib/Complexity/Diagonalization/EXPCOM
TCSlib/Complexity/Diagonalization/EXPCOM.lean:145:8: warning: declaration uses 'sorry'
TCSlib/Complexity/Diagonalization/EXPCOM.lean:201:8: warning: declaration uses 'sorry'
TCSlib/Complexity/Diagonalization/EXPCOM.lean:254:8: warning: declaration uses 'sorry'
TCSlib/Complexity/Diagonalization/EXPCOM.lean:262:8: warning: declaration uses 'sorry'
TCSlib/Complexity/Diagonalization/EXPCOM.lean:270:8: warning: declaration uses 'sorry'
TCSlib/Complexity/Diagonalization/EXPCOM.lean:279:8: warning: declaration uses 'sorry'
EXIT 0 TCSlib/Complexity/Diagonalization/EXPCOM
CHECK TCSlib/Complexity/Diagonalization/Relativization
TCSlib/Complexity/Diagonalization/Relativization.lean:110:8: warning: declaration uses 'sorry'
TCSlib/Complexity/Diagonalization/Relativization.lean:153:8: warning: declaration uses 'sorry'
TCSlib/Complexity/Diagonalization/Relativization.lean:214:8: warning: declaration uses 'sorry'
TCSlib/Complexity/Diagonalization/Relativization.lean:227:8: warning: declaration uses 'sorry'
EXIT 0 TCSlib/Complexity/Diagonalization/Relativization
CHECK TCSlib/Complexity/Diagonalization
EXIT 0 TCSlib/Complexity/Diagonalization
CHECK TCSlib/Complexity/SpaceComplexity/ConfigGraph
TCSlib/Complexity/SpaceComplexity/ConfigGraph.lean:140:8: warning: declaration uses 'sorry'
TCSlib/Complexity/SpaceComplexity/ConfigGraph.lean:156:8: warning: declaration uses 'sorry'
TCSlib/Complexity/SpaceComplexity/ConfigGraph.lean:198:8: warning: declaration uses 'sorry'
TCSlib/Complexity/SpaceComplexity/ConfigGraph.lean:220:8: warning: declaration uses 'sorry'
TCSlib/Complexity/SpaceComplexity/ConfigGraph.lean:261:8: warning: declaration uses 'sorry'
TCSlib/Complexity/SpaceComplexity/ConfigGraph.lean:281:8: warning: declaration uses 'sorry'
TCSlib/Complexity/SpaceComplexity/ConfigGraph.lean:301:8: warning: declaration uses 'sorry'
EXIT 0 TCSlib/Complexity/SpaceComplexity/ConfigGraph
CHECK TCSlib/Complexity/ClassPSPACE/TQBF
TCSlib/Complexity/ClassPSPACE/TQBF.lean:121:8: warning: declaration uses 'sorry'
TCSlib/Complexity/ClassPSPACE/TQBF.lean:171:8: warning: declaration uses 'sorry'
TCSlib/Complexity/ClassPSPACE/TQBF.lean:233:8: warning: declaration uses 'sorry'
TCSlib/Complexity/ClassPSPACE/TQBF.lean:285:8: warning: declaration uses 'sorry'
TCSlib/Complexity/ClassPSPACE/TQBF.lean:293:8: warning: declaration uses 'sorry'
EXIT 0 TCSlib/Complexity/ClassPSPACE/TQBF
CHECK TCSlib/Complexity/ClassPSPACE
EXIT 0 TCSlib/Complexity/ClassPSPACE
CHECK TCSlib/Complexity/PolyHierarchy
EXIT 0 TCSlib/Complexity/PolyHierarchy
CHECK TCSlib/Complexity/TimeHierarchy
EXIT 0 TCSlib/Complexity/TimeHierarchy
CHECK TCSlib/Complexity/SpaceComplexity/Inclusions
TCSlib/Complexity/SpaceComplexity/Inclusions.lean:55:8: warning: declaration uses 'sorry'
TCSlib/Complexity/SpaceComplexity/Inclusions.lean:63:8: warning: declaration uses 'sorry'
TCSlib/Complexity/SpaceComplexity/Inclusions.lean:85:8: warning: declaration uses 'sorry'
TCSlib/Complexity/SpaceComplexity/Inclusions.lean:94:8: warning: declaration uses 'sorry'
EXIT 0 TCSlib/Complexity/SpaceComplexity/Inclusions
CHECK TCSlib/Complexity/SpaceComplexity/Savitch
TCSlib/Complexity/SpaceComplexity/Savitch.lean:77:8: warning: declaration uses 'sorry'
TCSlib/Complexity/SpaceComplexity/Savitch.lean:110:8: warning: declaration uses 'sorry'
TCSlib/Complexity/SpaceComplexity/Savitch.lean:128:8: warning: declaration uses 'sorry'
EXIT 0 TCSlib/Complexity/SpaceComplexity/Savitch
CHECK TCSlib/Complexity/SpaceComplexity/Hierarchy
TCSlib/Complexity/SpaceComplexity/Hierarchy.lean:110:8: warning: declaration uses 'sorry'
TCSlib/Complexity/SpaceComplexity/Hierarchy.lean:184:8: warning: declaration uses 'sorry'
TCSlib/Complexity/SpaceComplexity/Hierarchy.lean:201:8: warning: declaration uses 'sorry'
TCSlib/Complexity/SpaceComplexity/Hierarchy.lean:231:8: warning: declaration uses 'sorry'
EXIT 0 TCSlib/Complexity/SpaceComplexity/Hierarchy
CHECK TCSlib/Complexity/SpaceComplexity/Logspace/Reductions
TCSlib/Complexity/SpaceComplexity/Logspace/Reductions.lean:89:8: warning: declaration uses 'sorry'
TCSlib/Complexity/SpaceComplexity/Logspace/Reductions.lean:99:8: warning: declaration uses 'sorry'
TCSlib/Complexity/SpaceComplexity/Logspace/Reductions.lean:119:8: warning: declaration uses 'sorry'
TCSlib/Complexity/SpaceComplexity/Logspace/Reductions.lean:130:8: warning: declaration uses 'sorry'
TCSlib/Complexity/SpaceComplexity/Logspace/Reductions.lean:142:8: warning: declaration uses 'sorry'
EXIT 0 TCSlib/Complexity/SpaceComplexity/Logspace/Reductions
CHECK TCSlib/Complexity/SpaceComplexity/Logspace/Path
TCSlib/Complexity/SpaceComplexity/Logspace/Path.lean:104:8: warning: declaration uses 'sorry'
TCSlib/Complexity/SpaceComplexity/Logspace/Path.lean:133:8: warning: declaration uses 'sorry'
EXIT 0 TCSlib/Complexity/SpaceComplexity/Logspace/Path
CHECK TCSlib/Complexity/SpaceComplexity/Logspace/ImmermanSzelepcsenyi
TCSlib/Complexity/SpaceComplexity/Logspace/ImmermanSzelepcsenyi.lean:80:8: warning: declaration uses 'sorry'
TCSlib/Complexity/SpaceComplexity/Logspace/ImmermanSzelepcsenyi.lean:93:8: warning: declaration uses 'sorry'
TCSlib/Complexity/SpaceComplexity/Logspace/ImmermanSzelepcsenyi.lean:112:8: warning: declaration uses 'sorry'
EXIT 0 TCSlib/Complexity/SpaceComplexity/Logspace/ImmermanSzelepcsenyi
CHECK TCSlib/Complexity/SpaceComplexity
EXIT 0 TCSlib/Complexity/SpaceComplexity
CHECK TCSlib
TCSlib.lean:1:0: error: object file '.lake/tcslib-check-oleans/TCSlib/ErrorCorrectingCodes/Basic.olean' of module TCSlib.ErrorCorrectingCodes.Basic does not exist
FAIL(TCSlib): error diagnostics reported
EXIT 1 TCSlib
CHECK TCSlib/Complexity/TuringMachine/Build/CounterLoop
TCSlib/Complexity/TuringMachine/Build/CounterLoop.lean:130:8: warning: declaration uses 'sorry'
TCSlib/Complexity/TuringMachine/Build/CounterLoop.lean:177:8: warning: declaration uses 'sorry'
TCSlib/Complexity/TuringMachine/Build/CounterLoop.lean:211:8: warning: declaration uses 'sorry'
TCSlib/Complexity/TuringMachine/Build/CounterLoop.lean:250:8: warning: declaration uses 'sorry'
TCSlib/Complexity/TuringMachine/Build/CounterLoop.lean:261:8: warning: declaration uses 'sorry'
TCSlib/Complexity/TuringMachine/Build/CounterLoop.lean:276:8: warning: declaration uses 'sorry'
TCSlib/Complexity/TuringMachine/Build/CounterLoop.lean:289:8: warning: declaration uses 'sorry'
TCSlib/Complexity/TuringMachine/Build/CounterLoop.lean:389:8: warning: declaration uses 'sorry'
TCSlib/Complexity/TuringMachine/Build/CounterLoop.lean:438:8: warning: declaration uses 'sorry'
TCSlib/Complexity/TuringMachine/Build/CounterLoop.lean:481:8: warning: declaration uses 'sorry'
EXIT 0 TCSlib/Complexity/TuringMachine/Build/CounterLoop
CHECK TCSlib/Complexity/TuringMachine/Build/VirtualInput
EXIT 0 TCSlib/Complexity/TuringMachine/Build/VirtualInput
CHECK TCSlib/Complexity/TuringMachine/Build/Zone
TCSlib/Complexity/TuringMachine/Build/Zone.lean:1109:8: warning: declaration uses 'sorry'
TCSlib/Complexity/TuringMachine/Build/Zone.lean:1145:8: warning: declaration uses 'sorry'
EXIT 0 TCSlib/Complexity/TuringMachine/Build/Zone
CHECK TCSlib/Complexity/TuringMachine/Codes2Tape
TCSlib/Complexity/TuringMachine/Codes2Tape.lean:859:8: warning: declaration uses 'sorry'
EXIT 0 TCSlib/Complexity/TuringMachine/Codes2Tape

# Maintainer note: the one EXIT 1 is the repository root module `TCSlib`, which imports
# trees outside this campaign (ErrorCorrectingCodes, BooleanAnalysis, GraphTheory) whose .oleans
# were never built in the scratch tree. Earlier integration sweeps (RB4: 79 modules) exclude it.
# All 83 campaign modules exit 0.
