'Turing.embedSilentCfg' does not depend on any axioms
'Turing.embedEmitCfg' does not depend on any axioms
'Turing.embedSilentTM' does not depend on any axioms
'Turing.embedEmitTM' does not depend on any axioms
'Turing.embedSilentTM_runFrom' depends on axioms: [propext, Classical.choice, Quot.sound]
'Turing.embedSilentTM_frame' depends on axioms: [propext, Classical.choice, Quot.sound]
'Turing.embedSilentTM_visitedByTapeHead' depends on axioms: [propext, Classical.choice, Quot.sound]
'Turing.embedSilentTM_visitedByTapeHead_frame' depends on axioms: [propext, Classical.choice, Quot.sound]
'Turing.embedSilentTM_spaceUsedByTape_cap' depends on axioms: [propext, Classical.choice, Quot.sound]
'Turing.embedEmitTM_runFrom' depends on axioms: [propext, Quot.sound]
'Turing.embedEmitTM_frame' depends on axioms: [propext, Quot.sound]
'Turing.embedEmitTM_visitedByTapeHead' depends on axioms: [propext, Classical.choice, Quot.sound]
'Turing.embedEmitTM_visitedByTapeHead_frame' depends on axioms: [propext, Classical.choice, Quot.sound]
'Turing.embedSilentRetTM' does not depend on any axioms
'Turing.embedEmitRetTM' does not depend on any axioms
'Turing.embedSilentRetTM_run' depends on axioms: [propext, Classical.choice, Quot.sound]
'Turing.embedEmitRetTM_run' depends on axioms: [propext, Quot.sound]
'Turing.embedSilentRetTM_visitedByTapeHead' depends on axioms: [propext, Classical.choice, Quot.sound]
'Turing.embedEmitRetTM_visitedByTapeHead' depends on axioms: [propext, Classical.choice, Quot.sound]
'Turing.embedSilentCfg_selected_tape' depends on axioms: [propext, Quot.sound]
'Turing.embedSilentCfg_selected_pos' depends on axioms: [propext, Quot.sound]
'Turing.embedEmitCfg_selected_tape' depends on axioms: [propext, Quot.sound]
'Turing.embedEmitCfg_selected_pos' depends on axioms: [propext, Quot.sound]
'Turing.MultiTapeTM.runFrom_mapState_of_agreeOn' depends on axioms: [propext, Classical.choice, Quot.sound]
'Turing.stateWord' does not depend on any axioms
'Turing.loop_run' depends on axioms: [propext, Classical.choice, Quot.sound]
'Turing.FinTM.exists_loopCfgTM' depends on axioms: [propext, Classical.choice, Quot.sound]
'Turing.FinTM.exists_loopTM' depends on axioms: [propext, Classical.choice, Quot.sound]
'Turing.FinTM.exists_loopFindTM' depends on axioms: [propext, Classical.choice, Quot.sound]
'Turing.FinTM.exists_emitLoopTM' depends on axioms: [propext, Classical.choice, Quot.sound]
'Turing.FinTM.exists_installCallTM' depends on axioms: [propext, Classical.choice, Quot.sound]
'Turing.FinTM.exists_emitCallTM' depends on axioms: [propext, Classical.choice, Quot.sound]
'Turing.FinTM.computesFunInTime_prepend' depends on axioms: [propext, Classical.choice, Quot.sound]
'Turing.FinTM.computesFunInTime_lengthBits' depends on axioms: [propext, Classical.choice, Quot.sound]
'Turing.FinTM.computesFunInTime_polyUnary' depends on axioms: [propext, Classical.choice, Quot.sound]
'Turing.FinTM.computesFunInTime_polyBits' depends on axioms: [propext, Classical.choice, Quot.sound]
'Turing.FinTM.computesFunInTime_pairEncodeFixed' depends on axioms: [propext, Classical.choice, Quot.sound]
'Turing.FinTM.computesFunInTime_pairFst' depends on axioms: [propext, Classical.choice, Quot.sound]
'Turing.FinTM.computesFunInTime_pairSnd' depends on axioms: [propext, Classical.choice, Quot.sound]
'Turing.FinTM.computesFunInTime_pairValid' depends on axioms: [propext, Classical.choice, Quot.sound]
'Turing.FinTM.computesFunInTime_pairConcat' depends on axioms: [propext, Classical.choice, Quot.sound]
'Turing.FinTM.computesFunInTime_pairDup' depends on axioms: [propext, Classical.choice, Quot.sound]
'Turing.FinTM.computesFunInTime_pairMapSnd' depends on axioms: [propext, Classical.choice, Quot.sound]
'Turing.FinTM.computesFunInTime_pairLenCheck' depends on axioms: [propext, Classical.choice, Quot.sound]
'Turing.FinTM.computesFunInTime_stripLast' depends on axioms: [propext, Classical.choice, Quot.sound]
'Turing.FinTM.computesFunInTime_splitSolve' depends on axioms: [propext, Classical.choice, Quot.sound]
'Turing.FinTM.computesFunInTime_incFixed' depends on axioms: [propext, Classical.choice, Quot.sound]
'Turing.FinTM.computesFunInTime_splitSolveWith' depends on axioms: [propext, Classical.choice, Quot.sound]
'Turing.FinTM.computesFunInTime_unaryToken' depends on axioms: [propext, Classical.choice, Quot.sound]
'Turing.FinTM.computesFunInTime_appendBit' depends on axioms: [propext, Classical.choice, Quot.sound]
'Complexity.NPHard.polyTimeReducible' depends on axioms: [propext, Classical.choice, Quot.sound]
'Complexity.SAT_NPHard' depends on axioms: [propext, Classical.choice, Quot.sound]
'Complexity.SAT_NPComplete' depends on axioms: [propext, Classical.choice, Quot.sound]
'Complexity.SAT3_NPHard' depends on axioms: [propext, Classical.choice, Quot.sound]
'Complexity.SAT3_NPComplete' depends on axioms: [propext, Classical.choice, Quot.sound]
