WARN  TCSlib/Complexity/TuringMachine/Build/Catalog.lean        11260 lines > 1000: policy requires a split or a recorded justification (escalation/decision log)
WARN  TCSlib/Complexity/TuringMachine/Build/Embed.lean          1025 lines > 1000: policy requires a split or a recorded justification (escalation/decision log)
WARN  TCSlib/Complexity/TuringMachine/Build/Loop.lean           5473 lines > 1000: policy requires a split or a recorded justification (escalation/decision log)
WARN  TCSlib/Complexity/TuringMachine/Build/Primitives.lean     6309 lines > 1000: policy requires a split or a recorded justification (escalation/decision log)
WARN  TCSlib/Complexity/TuringMachine/Build/Zone.lean           1191 lines > 1000: policy requires a split or a recorded justification (escalation/decision log)
INFO  TCSlib/Complexity/TuringMachine/Build/Catalog.lean        11260 lines; 44 public / 384 private declarations
INFO  TCSlib/Complexity/TuringMachine/Build/Convention.lean     157 lines; 8 public / 0 private declarations
INFO  TCSlib/Complexity/TuringMachine/Build/CounterLoop.lean    489 lines; 24 public / 0 private declarations
INFO  TCSlib/Complexity/TuringMachine/Build/Embed.lean          1025 lines; 24 public / 16 private declarations
INFO  TCSlib/Complexity/TuringMachine/Build/EmitIterBody.lean   909 lines > target 600
INFO  TCSlib/Complexity/TuringMachine/Build/EmitIterBody.lean   909 lines; 1 public / 18 private declarations
INFO  TCSlib/Complexity/TuringMachine/Build/EmitIterEmbed.lean  326 lines; 18 public / 0 private declarations
INFO  TCSlib/Complexity/TuringMachine/Build/Loop.lean           5473 lines; 8 public / 190 private declarations
INFO  TCSlib/Complexity/TuringMachine/Build/Primitives.lean     6309 lines; 18 public / 241 private declarations
INFO  TCSlib/Complexity/TuringMachine/Build/Seam.lean           696 lines > target 600
INFO  TCSlib/Complexity/TuringMachine/Build/Seam.lean           696 lines; 13 public / 13 private declarations
INFO  TCSlib/Complexity/TuringMachine/Build/VirtualInput.lean   508 lines; 16 public / 1 private declarations
INFO  TCSlib/Complexity/TuringMachine/Build/Wrappers.lean       739 lines > target 600
INFO  TCSlib/Complexity/TuringMachine/Build/Wrappers.lean       739 lines; 10 public / 19 private declarations
INFO  TCSlib/Complexity/TuringMachine/Build/Zone.lean           1191 lines; 38 public / 16 private declarations

style_lint: 0 FAIL, 5 WARN over 12 files
