# RB4 independent axiom prints on side branch retrofit/rb4 (47d819d3); byte-identical to the agent's baseline log
'Turing.stateWord' does not depend on any axioms
'Turing.loop_run' depends on axioms: [propext, Classical.choice, Quot.sound]
'Turing.FinTM.exists_loopCfgTM' depends on axioms: [propext, Classical.choice, Quot.sound]
'Turing.FinTM.exists_loopTM' depends on axioms: [propext, Classical.choice, Quot.sound]
'Turing.FinTM.exists_loopFindTM' depends on axioms: [propext, Classical.choice, Quot.sound]
'Turing.FinTM.exists_emitLoopTM' depends on axioms: [propext, Classical.choice, Quot.sound]
'Turing.FinTM.exists_installCallTM' depends on axioms: [propext, Classical.choice, Quot.sound]
'Turing.FinTM.exists_emitCallTM' depends on axioms: [propext, Classical.choice, Quot.sound]
'Turing.FinTM.computesFunInTime_prepend' depends on axioms: [propext, Classical.choice, Quot.sound]
'Turing.FinTM.computesFunInTime_lengthBits' depends on axioms: [propext, Classical.choice, Quot.sound]
'Turing.FinTM.computesFunInTime_polyUnary' depends on axioms: [propext, Classical.choice, Quot.sound]
'Turing.FinTM.computesFunInTime_polyBits' depends on axioms: [propext, Classical.choice, Quot.sound]
'Turing.FinTM.computesFunInTime_pairEncodeFixed' depends on axioms: [propext, Classical.choice, Quot.sound]
'Turing.FinTM.computesFunInTime_pairFst' depends on axioms: [propext, Classical.choice, Quot.sound]
'Turing.FinTM.computesFunInTime_pairSnd' depends on axioms: [propext, Classical.choice, Quot.sound]
'Turing.FinTM.computesFunInTime_pairValid' depends on axioms: [propext, Classical.choice, Quot.sound]
'Turing.FinTM.computesFunInTime_pairConcat' depends on axioms: [propext, Classical.choice, Quot.sound]
'Turing.FinTM.computesFunInTime_pairDup' depends on axioms: [propext, Classical.choice, Quot.sound]
'Turing.FinTM.computesFunInTime_pairMapSnd' depends on axioms: [propext, Classical.choice, Quot.sound]
'Turing.FinTM.computesFunInTime_pairLenCheck' depends on axioms: [propext, Classical.choice, Quot.sound]
'Turing.FinTM.computesFunInTime_stripLast' depends on axioms: [propext, Classical.choice, Quot.sound]
'Turing.FinTM.computesFunInTime_splitSolve' depends on axioms: [propext, Classical.choice, Quot.sound]
'Turing.FinTM.computesFunInTime_incFixed' depends on axioms: [propext, Classical.choice, Quot.sound]
'Turing.FinTM.computesFunInTime_splitSolveWith' depends on axioms: [propext, Classical.choice, Quot.sound]
'Turing.FinTM.computesFunInTime_unaryToken' depends on axioms: [propext, Classical.choice, Quot.sound]
'Turing.FinTM.computesFunInTime_appendBit' depends on axioms: [propext, Classical.choice, Quot.sound]
'Complexity.NPHard.polyTimeReducible' depends on axioms: [propext, Classical.choice, Quot.sound]
'Complexity.SAT_NPHard' depends on axioms: [propext, Classical.choice, Quot.sound]
'Complexity.SAT_NPComplete' depends on axioms: [propext, Classical.choice, Quot.sound]
'Complexity.SAT3_NPHard' depends on axioms: [propext, Classical.choice, Quot.sound]
'Complexity.SAT3_NPComplete' depends on axioms: [propext, Classical.choice, Quot.sound]
