RB2 INTEGRATION SWEEP (side branch retrofit/rb2) at 7224d1182a05803c160d74de73bfbd203bc4ddc5, 2026-10-09 15:55:27
== Build/Primitives (post E1 resolution)
TCSlib/Complexity/TuringMachine/Build/Primitives.lean:2466:42: warning: 'omega' tactic does nothing

Note: This linter can be disabled with `set_option linter.unusedTactic false`
TCSlib/Complexity/TuringMachine/Build/Primitives.lean:2472:72: warning: 'omega' tactic does nothing

Note: This linter can be disabled with `set_option linter.unusedTactic false`
TCSlib/Complexity/TuringMachine/Build/Primitives.lean:2466:42: warning: this tactic is never executed

Note: This linter can be disabled with `set_option linter.unreachableTactic false`
TCSlib/Complexity/TuringMachine/Build/Primitives.lean:2472:72: warning: this tactic is never executed

Note: This linter can be disabled with `set_option linter.unreachableTactic false`
TCSlib/Complexity/TuringMachine/Build/Primitives.lean:2464:82: warning: Used `tac1 <;> tac2` where `(tac1; tac2)` would suffice

Note: This linter can be disabled with `set_option linter.unnecessarySeqFocus false`
TCSlib/Complexity/TuringMachine/Build/Primitives.lean:2494:72: warning: 'omega' tactic does nothing

Note: This linter can be disabled with `set_option linter.unusedTactic false`
TCSlib/Complexity/TuringMachine/Build/Primitives.lean:2494:72: warning: this tactic is never executed

Note: This linter can be disabled with `set_option linter.unreachableTactic false`
TCSlib/Complexity/TuringMachine/Build/Primitives.lean:2482:38: warning: Used `tac1 <;> tac2` where `(tac1; tac2)` would suffice

Note: This linter can be disabled with `set_option linter.unnecessarySeqFocus false`
TCSlib/Complexity/TuringMachine/Build/Primitives.lean:2486:38: warning: Used `tac1 <;> tac2` where `(tac1; tac2)` would suffice

Note: This linter can be disabled with `set_option linter.unnecessarySeqFocus false`
TCSlib/Complexity/TuringMachine/Build/Primitives.lean:2544:29: warning: This simp argument is unused:
  List.append_nil

Hint: Omit it from the simp argument list.
  simp only [↓reduceIte,̵ ̵L̵i̵s̵t̵.̵a̵p̵p̵e̵n̵d̵_̵n̵i̵l̵]

Note: This linter can be disabled with `set_option linter.unusedSimpArgs false`
TCSlib/Complexity/TuringMachine/Build/Primitives.lean:2507:42: warning: Used `tac1 <;> tac2` where `(tac1; tac2)` would suffice

Note: This linter can be disabled with `set_option linter.unnecessarySeqFocus false`
TCSlib/Complexity/TuringMachine/Build/Primitives.lean:2512:42: warning: Used `tac1 <;> tac2` where `(tac1; tac2)` would suffice

Note: This linter can be disabled with `set_option linter.unnecessarySeqFocus false`
TCSlib/Complexity/TuringMachine/Build/Primitives.lean:2515:42: warning: Used `tac1 <;> tac2` where `(tac1; tac2)` would suffice

Note: This linter can be disabled with `set_option linter.unnecessarySeqFocus false`
TCSlib/Complexity/TuringMachine/Build/Primitives.lean:2554:46: warning: Used `tac1 <;> tac2` where `(tac1; tac2)` would suffice

Note: This linter can be disabled with `set_option linter.unnecessarySeqFocus false`
TCSlib/Complexity/TuringMachine/Build/Primitives.lean:2578:43: warning: Used `tac1 <;> tac2` where `(tac1; tac2)` would suffice

Note: This linter can be disabled with `set_option linter.unnecessarySeqFocus false`
TCSlib/Complexity/TuringMachine/Build/Primitives.lean:2895:25: warning: 'omega' tactic does nothing

Note: This linter can be disabled with `set_option linter.unusedTactic false`
TCSlib/Complexity/TuringMachine/Build/Primitives.lean:2895:25: warning: this tactic is never executed

Note: This linter can be disabled with `set_option linter.unreachableTactic false`
TCSlib/Complexity/TuringMachine/Build/Primitives.lean:2987:59: warning: Used `tac1 <;> tac2` where `(tac1; tac2)` would suffice

Note: This linter can be disabled with `set_option linter.unnecessarySeqFocus false`
TCSlib/Complexity/TuringMachine/Build/Primitives.lean:3135:34: warning: This simp argument is unused:
  splitRestoreScan

Hint: Omit it from the simp argument list.
  simp [Action.apply,̵ ̵s̵p̵l̵i̵t̵R̵e̵s̵t̵o̵r̵e̵S̵c̵a̵n̵]

Note: This linter can be disabled with `set_option linter.unusedSimpArgs false`
TCSlib/Complexity/TuringMachine/Build/Primitives.lean:3165:79: warning: 'omega' tactic does nothing

Note: This linter can be disabled with `set_option linter.unusedTactic false`
TCSlib/Complexity/TuringMachine/Build/Primitives.lean:3165:79: warning: this tactic is never executed

Note: This linter can be disabled with `set_option linter.unreachableTactic false`
TCSlib/Complexity/TuringMachine/Build/Primitives.lean:3228:6: warning: try 'simp' instead of 'simpa'

Note: This linter can be disabled with `set_option linter.unnecessarySimpa false`
TCSlib/Complexity/TuringMachine/Build/Primitives.lean:3273:52: warning: This simp argument is unused:
  Nat.cast_one

Hint: Omit it from the simp argument list.
  simp only [List.length_nil, Nat.zero_add, N̵a̵t̵.̵c̵a̵s̵t̵_̵o̵n̵e̵,̵ ̵Fin.ext_iff, Fin.val_one] at h₁

Note: This linter can be disabled with `set_option linter.unusedSimpArgs false`
TCSlib/Complexity/TuringMachine/Build/Primitives.lean:3273:66: warning: This simp argument is unused:
  Fin.ext_iff

Hint: Omit it from the simp argument list.
  simp only [List.length_nil, Nat.zero_add, Nat.cast_one, Fin.e̵x̵t̵_̵i̵f̵f̵,̵ ̵F̵i̵n̵.̵val_one] at h₁

Note: This linter can be disabled with `set_option linter.unusedSimpArgs false`
TCSlib/Complexity/TuringMachine/Build/Primitives.lean:3273:79: warning: This simp argument is unused:
  Fin.val_one

Hint: Omit it from the simp argument list.
  simp only [List.length_nil, Nat.zero_add, Nat.cast_one, Fin.ext_iff,̵ ̵F̵i̵n̵.̵v̵a̵l̵_̵o̵n̵e̵] at h₁

Note: This linter can be disabled with `set_option linter.unusedSimpArgs false`
TCSlib/Complexity/TuringMachine/Build/Primitives.lean:3313:20: warning: This simp argument is unused:
  MultiTapeTM.step

Hint: Omit it from the simp argument list.
  simp [M̵u̵l̵t̵i̵T̵a̵p̵e̵T̵M̵.̵s̵t̵e̵p̵,̵ ̵catalogPolyUnaryTM, Action.apply, catalogPolyCfg]

Note: This linter can be disabled with `set_option linter.unusedSimpArgs false`
TCSlib/Complexity/TuringMachine/Build/Primitives.lean:3313:38: warning: This simp argument is unused:
  catalogPolyUnaryTM

Hint: Omit it from the simp argument list.
  simp [MultiTapeTM.step, c̵a̵t̵a̵l̵o̵g̵P̵o̵l̵y̵U̵n̵a̵r̵y̵T̵M̵,̵ ̵Action.apply, catalogPolyCfg]

Note: This linter can be disabled with `set_option linter.unusedSimpArgs false`
TCSlib/Complexity/TuringMachine/Build/Primitives.lean:3313:72: warning: This simp argument is unused:
  catalogPolyCfg

Hint: Omit it from the simp argument list.
  simp [MultiTapeTM.step, catalogPolyUnaryTM, Action.apply,̵ ̵c̵a̵t̵a̵l̵o̵g̵P̵o̵l̵y̵C̵f̵g̵]

Note: This linter can be disabled with `set_option linter.unusedSimpArgs false`
TCSlib/Complexity/TuringMachine/Build/Primitives.lean:3314:10: warning: This simp argument is unused:
  MultiTapeTM.step

Hint: Omit it from the simp argument list.
  simp [M̵u̵l̵t̵i̵T̵a̵p̵e̵T̵M̵.̵s̵t̵e̵p̵,̵ ̵catalogPolyUnaryTM, Action.apply, catalogPolyCfg]

Note: This linter can be disabled with `set_option linter.unusedSimpArgs false`
TCSlib/Complexity/TuringMachine/Build/Primitives.lean:3314:28: warning: This simp argument is unused:
  catalogPolyUnaryTM

Hint: Omit it from the simp argument list.
  simp [MultiTapeTM.step, c̵a̵t̵a̵l̵o̵g̵P̵o̵l̵y̵U̵n̵a̵r̵y̵T̵M̵,̵ ̵Action.apply, catalogPolyCfg]

Note: This linter can be disabled with `set_option linter.unusedSimpArgs false`
TCSlib/Complexity/TuringMachine/Build/Primitives.lean:3314:62: warning: This simp argument is unused:
  catalogPolyCfg

Hint: Omit it from the simp argument list.
  simp [MultiTapeTM.step, catalogPolyUnaryTM, Action.apply,̵ ̵c̵a̵t̵a̵l̵o̵g̵P̵o̵l̵y̵C̵f̵g̵]

Note: This linter can be disabled with `set_option linter.unusedSimpArgs false`
TCSlib/Complexity/TuringMachine/Build/Primitives.lean:3361:23: warning: This simp argument is unused:
  Prod.mk.injEq

Hint: Omit it from the simp argument list.
  simp only [ht0, MultiTapeTM.runFrom_zero, splitRestoreScan, Cfg.ofWords,
      Option.some.injEq,̵ ̵P̵r̵o̵d̵.̵m̵k̵.̵i̵n̵j̵E̵q̵] at hstate

Note: This linter can be disabled with `set_option linter.unusedSimpArgs false`
TCSlib/Complexity/TuringMachine/Build/Primitives.lean:4966:52: warning: This simp argument is unused:
  emitterP2PrepareCfg

Hint: Omit it from the simp argument list.
  simp [Action.apply, e̵m̵i̵t̵t̵e̵r̵P̵2̵P̵r̵e̵p̵a̵r̵e̵C̵f̵g̵,̵ ̵hwrite]

Note: This linter can be disabled with `set_option linter.unusedSimpArgs false`
TCSlib/Complexity/TuringMachine/Build/Primitives.lean:4967:52: warning: This simp argument is unused:
  emitterP2PrepareCfg

Hint: Omit it from the simp argument list.
  simp [Action.apply,̵ ̵e̵m̵i̵t̵t̵e̵r̵P̵2̵P̵r̵e̵p̵a̵r̵e̵C̵f̵g̵]

Note: This linter can be disabled with `set_option linter.unusedSimpArgs false`
TCSlib/Complexity/TuringMachine/Build/Primitives.lean:5002:37: warning: Used `tac1 <;> tac2` where `(tac1; tac2)` would suffice

Note: This linter can be disabled with `set_option linter.unnecessarySeqFocus false`
TCSlib/Complexity/TuringMachine/Build/Primitives.lean:5022:50: warning: This simp argument is unused:
  emitterP2PrepareCfg

Hint: Omit it from the simp argument list.
  simp [Action.apply,̵ ̵e̵m̵i̵t̵t̵e̵r̵P̵2̵P̵r̵e̵p̵a̵r̵e̵C̵f̵g̵]

Note: This linter can be disabled with `set_option linter.unusedSimpArgs false`
TCSlib/Complexity/TuringMachine/Build/Primitives.lean:5033:52: warning: This simp argument is unused:
  emitterP2PrepareCfg

Hint: Omit it from the simp argument list.
  simp [Action.apply, e̵m̵i̵t̵t̵e̵r̵P̵2̵P̵r̵e̵p̵a̵r̵e̵C̵f̵g̵,̵ ̵sub_eq_add_neg]

Note: This linter can be disabled with `set_option linter.unusedSimpArgs false`
TCSlib/Complexity/TuringMachine/Build/Primitives.lean:5052:50: warning: This simp argument is unused:
  emitterP2PrepareCfg

Hint: Omit it from the simp argument list.
  simp [Action.apply,̵ ̵e̵m̵i̵t̵t̵e̵r̵P̵2̵P̵r̵e̵p̵a̵r̵e̵C̵f̵g̵]

Note: This linter can be disabled with `set_option linter.unusedSimpArgs false`
TCSlib/Complexity/TuringMachine/Build/Primitives.lean:5063:52: warning: This simp argument is unused:
  emitterP2PrepareCfg

Hint: Omit it from the simp argument list.
  simp [Action.apply, e̵m̵i̵t̵t̵e̵r̵P̵2̵P̵r̵e̵p̵a̵r̵e̵C̵f̵g̵,̵ ̵sub_eq_add_neg]

Note: This linter can be disabled with `set_option linter.unusedSimpArgs false`
TCSlib/Complexity/TuringMachine/Build/Primitives.lean:5443:74: warning: This simp argument is unused:
  emitterP2RightIndex

Hint: Omit it from the simp argument list.
  simp [emitterP2LeftIndex,̵ ̵e̵m̵i̵t̵t̵e̵r̵P̵2̵R̵i̵g̵h̵t̵I̵n̵d̵e̵x̵] at hv

Note: This linter can be disabled with `set_option linter.unusedSimpArgs false`
TCSlib/Complexity/TuringMachine/Build/Primitives.lean:5457:54: warning: This simp argument is unused:
  emitterP2LeftIndex

Hint: Omit it from the simp argument list.
  simp [emitterP2L̵e̵f̵t̵I̵n̵d̵e̵x̵,̵ ̵e̵m̵i̵t̵t̵e̵r̵P̵2̵RightIndex] at hv

Note: This linter can be disabled with `set_option linter.unusedSimpArgs false`
TCSlib/Complexity/TuringMachine/Build/Primitives.lean:5464:56: warning: This simp argument is unused:
  emitterP2LeftIndex

Hint: Omit it from the simp argument list.
  simp [emitterP2L̵e̵f̵t̵I̵n̵d̵e̵x̵,̵ ̵e̵m̵i̵t̵t̵e̵r̵P̵2̵RightIndex] at hv

Note: This linter can be disabled with `set_option linter.unusedSimpArgs false`
TCSlib/Complexity/TuringMachine/Build/Primitives.lean:6193:6: warning: try 'simp' instead of 'simpa'

Note: This linter can be disabled with `set_option linter.unnecessarySimpa false`
TCSlib/Complexity/TuringMachine/Build/Primitives.lean:6193:6: warning: try 'simp' instead of 'simpa'

Note: This linter can be disabled with `set_option linter.unnecessarySimpa false`
TCSlib/Complexity/TuringMachine/Build/Primitives.lean:6196:6: warning: 'simp [MultiTapeTM.step, emitterTokenTM, Action.apply, scanCfg, List.append_assoc]' tactic does nothing

Note: This linter can be disabled with `set_option linter.unusedTactic false`
TCSlib/Complexity/TuringMachine/Build/Primitives.lean:6196:6: warning: this tactic is never executed

Note: This linter can be disabled with `set_option linter.unreachableTactic false`
TCSlib/Complexity/TuringMachine/Build/Primitives.lean:6247:63: warning: This simp argument is unused:
  List.append_assoc

Hint: Omit it from the simp argument list.
  simp [emitterTokenTM, Action.apply, scanCfg, pairEncode, L̵i̵s̵t̵.̵a̵p̵p̵e̵n̵d̵_̵a̵s̵s̵o̵c̵,̵ ̵hlen]

Note: This linter can be disabled with `set_option linter.unusedSimpArgs false`
== TuringMachine facade
facade_exit=0
RB2_SWEEP_DONE
