RB3 INTEGRATION SWEEP (branch retrofit/rb1) at 7f4b8f21d4e4ee990b86699c02ff1317f949b0ec, 2026-10-09 16:15:23
== TCSlib/Complexity/CookLevin/Hardness
TCSlib/Complexity/CookLevin/Hardness.lean:1191:35: warning: This simp argument is unused:
  hw

Hint: Omit it from the simp argument list.
  simp only ̵[̵h̵w̵]̵

Note: This linter can be disabled with `set_option linter.unusedSimpArgs false`
TCSlib/Complexity/CookLevin/Hardness.lean:1191:39: warning: Used `tac1 <;> tac2` where `(tac1; tac2)` would suffice

Note: This linter can be disabled with `set_option linter.unnecessarySeqFocus false`
TCSlib/Complexity/CookLevin/Hardness.lean:1215:12: warning: This simp argument is unused:
  MultiTapeTM.step

Hint: Omit it from the simp argument list.
  simp [M̵u̵l̵t̵i̵T̵a̵p̵e̵T̵M̵.̵s̵t̵e̵p̵,̵ ̵hs, FinTM.controlAction, Action.apply]

Note: This linter can be disabled with `set_option linter.unusedSimpArgs false`
TCSlib/Complexity/CookLevin/Hardness.lean:1215:55: warning: This simp argument is unused:
  Action.apply

Hint: Omit it from the simp argument list.
  simp [MultiTapeTM.step, hs, FinTM.controlAction,̵ ̵A̵c̵t̵i̵o̵n̵.̵a̵p̵p̵l̵y̵]

Note: This linter can be disabled with `set_option linter.unusedSimpArgs false`
TCSlib/Complexity/CookLevin/Hardness.lean:1218:23: warning: This simp argument is unused:
  MultiTapeTM.step

Hint: Omit it from the simp argument list.
  simp [clBankCfg, M̵u̵l̵t̵i̵T̵a̵p̵e̵T̵M̵.̵s̵t̵e̵p̵,̵ ̵hs, FinTM.controlAction, Action.apply]

Note: This linter can be disabled with `set_option linter.unusedSimpArgs false`
TCSlib/Complexity/CookLevin/Hardness.lean:1221:23: warning: This simp argument is unused:
  MultiTapeTM.step

Hint: Omit it from the simp argument list.
  simp [clBankCfg, M̵u̵l̵t̵i̵T̵a̵p̵e̵T̵M̵.̵s̵t̵e̵p̵,̵ ̵hs, FinTM.controlAction, Action.apply]

Note: This linter can be disabled with `set_option linter.unusedSimpArgs false`
TCSlib/Complexity/CookLevin/Hardness.lean:1351:31: warning: This simp argument is unused:
  MultiTapeTM.step_of_halt hs

Hint: Omit it from the simp argument list.
  simp [clMoves, hs,̵ ̵M̵u̵l̵t̵i̵T̵a̵p̵e̵T̵M̵.̵s̵t̵e̵p̵_̵o̵f̵_̵h̵a̵l̵t̵ ̵h̵s̵]

Note: This linter can be disabled with `set_option linter.unusedSimpArgs false`
TCSlib/Complexity/CookLevin/Hardness.lean:1653:13: warning: This simp argument is unused:
  Fin.cases_zero

Hint: Omit it from the simp argument list.
  simp only [clCopyTM, ↓reduceIte, clCopyCfg, Cfg.workTapeSymbols, clTwo, F̵i̵n̵.̵c̵a̵s̵e̵s̵_̵z̵e̵r̵o̵,̵ ̵hr]

Note: This linter can be disabled with `set_option linter.unusedSimpArgs false`
TCSlib/Complexity/CookLevin/Hardness.lean:1659:43: warning: This simp argument is unused:
  Fin.cases_zero

Hint: Omit it from the simp argument list.
  simp only [clCopyTM, show (1 : Fin 5) ≠ 0 by decide, ↓reduceIte, clCopyCfg, Cfg.workTapeSymbols,
  ̲  ̲ ̲ ̲clTwo, F̵i̵n̵.̵c̵a̵s̵e̵s̵_̵z̵e̵r̵o̵,̵ ̵hr, Option.getD_some]

Note: This linter can be disabled with `set_option linter.unusedSimpArgs false`
TCSlib/Complexity/CookLevin/Hardness.lean:1693:13: warning: This simp argument is unused:
  Fin.cases_zero

Hint: Omit it from the simp argument list.
  simp only [clCopyTM, ↓reduceIte, clCopyCfg, Cfg.workTapeSymbols, clTwo, F̵i̵n̵.̵c̵a̵s̵e̵s̵_̵z̵e̵r̵o̵,̵ ̵hr]

Note: This linter can be disabled with `set_option linter.unusedSimpArgs false`
TCSlib/Complexity/CookLevin/Hardness.lean:1731:59: warning: This simp argument is unused:
  Fin.cases_zero

Hint: Omit it from the simp argument list.
  simp only [clCopyTM, show (3 : Fin 5) ≠ 0 by decide, show (3 : Fin 5) ≠ 1 by decide,
  ̲  ̲ ̲ ̲ ̲ ̲ ̲ ̲show (3 : Fin 5) ≠ 2 by decide, ↓reduceIte, clCopyCfg, Cfg.workTapeSymbols, clTwo, F̵i̵n̵.̵c̵a̵s̵e̵s̵_̵z̵e̵r̵o̵,̵ ̵hr]

Note: This linter can be disabled with `set_option linter.unusedSimpArgs false`
TCSlib/Complexity/CookLevin/Hardness.lean:1733:47: warning: This simp argument is unused:
  clCopyCfg

Hint: Omit it from the simp argument list.
  simp [clTwo, c̵l̵C̵o̵p̵y̵C̵f̵g̵,̵ ̵Action.apply]

Note: This linter can be disabled with `set_option linter.unusedSimpArgs false`
TCSlib/Complexity/CookLevin/Hardness.lean:1734:47: warning: This simp argument is unused:
  clCopyCfg

Hint: Omit it from the simp argument list.
  simp [clTwo, c̵l̵C̵o̵p̵y̵C̵f̵g̵,̵ ̵Action.apply, sub_eq_add_neg]

Note: This linter can be disabled with `set_option linter.unusedSimpArgs false`
TCSlib/Complexity/CookLevin/Hardness.lean:1957:8: warning: Try this: intro j hj q hq heq
TCSlib/Complexity/CookLevin/Hardness.lean:2089:62: warning: This simp argument is unused:
  List.append_assoc

Hint: Omit it from the simp argument list.
  simp [pairEncode, List.flatMap_cons,̵ ̵L̵i̵s̵t̵.̵a̵p̵p̵e̵n̵d̵_̵a̵s̵s̵o̵c̵] at ⊢ ih

Note: This linter can be disabled with `set_option linter.unusedSimpArgs false`
TCSlib/Complexity/CookLevin/Hardness.lean:2383:95: warning: This simp argument is unused:
  clRight_ne_left

Hint: Omit it from the simp argument list.
  simp [clRecCfg, clRecClockIndex, Action.apply, FinTM.tapeBlocks, clLeft_ne_right,
  ̲ c̵l̵R̵i̵g̵h̵t̵_̵n̵e̵_̵l̵e̵f̵t̵,̵  ̲ ̲-Fin.natAdd_eq_addNat]

Note: This linter can be disabled with `set_option linter.unusedSimpArgs false`
TCSlib/Complexity/CookLevin/Hardness.lean:2386:97: warning: This simp argument is unused:
  clRight_ne_left

Hint: Omit it from the simp argument list.
  simp [clRecCfg, clRecClockIndex, Action.apply, FinTM.tapeBlocks, clLeft_ne_right,
  ̲ c̵l̵R̵i̵g̵h̵t̵_̵n̵e̵_̵l̵e̵f̵t̵,̵  ̲ ̲ ̲ ̲-Fin.natAdd_eq_addNat]

Note: This linter can be disabled with `set_option linter.unusedSimpArgs false`
TCSlib/Complexity/CookLevin/Hardness.lean:2392:73: warning: This simp argument is unused:
  clLeft_ne_right

Hint: Omit it from the simp argument list.
  simp [clRecCfg, clRecClockIndex, Action.apply, FinTM.tapeBlocks, c̵l̵L̵e̵f̵t̵_̵n̵e̵_̵r̵i̵g̵h̵t̵,̵ ̵clRight_ne_left,
  ̲  ̲ ̲ ̲ ̲ ̲ ̲ ̲ ̲ ̲-Fin.natAdd_eq_addNat]

Note: This linter can be disabled with `set_option linter.unusedSimpArgs false`
TCSlib/Complexity/CookLevin/Hardness.lean:2392:90: warning: This simp argument is unused:
  clRight_ne_left

Hint: Omit it from the simp argument list.
  simp [clRecCfg, clRecClockIndex, Action.apply, FinTM.tapeBlocks, clLeft_ne_right,
  ̲  ̲ ̲ ̲ ̲ ̲ ̲ ̲ ̲ ̲c̵l̵R̵i̵g̵h̵t̵_̵n̵e̵_̵l̵e̵f̵t̵,̵ ̵-Fin.natAdd_eq_addNat]

Note: This linter can be disabled with `set_option linter.unusedSimpArgs false`
TCSlib/Complexity/CookLevin/Hardness.lean:2393:82: warning: This simp argument is unused:
  clLeft_ne_right

Hint: Omit it from the simp argument list.
  simp [clRecCfg, clRecClockIndex, Action.apply, FinTM.tapeBlocks, c̵l̵L̵e̵f̵t̵_̵n̵e̵_̵r̵i̵g̵h̵t̵,̵ ̵clRight_ne_left,
  ̲  ̲ ̲ ̲ ̲ ̲ ̲ ̲-Fin.natAdd_eq_addNat]

Note: This linter can be disabled with `set_option linter.unusedSimpArgs false`
TCSlib/Complexity/CookLevin/Hardness.lean:3071:57: warning: Used `tac1 <;> tac2` where `(tac1; tac2)` would suffice

Note: This linter can be disabled with `set_option linter.unnecessarySeqFocus false`
TCSlib/Complexity/CookLevin/Hardness.lean:3152:77: warning: This simp argument is unused:
  if_false

Hint: Omit it from the simp argument list.
  simp only [clReadTM, clReadCfg, Cfg.workTapeSymbols, clTwo,
  ̵  ̵ ̵ ̵ ̵ ̵ ̵ ̵show (1 : Fin 2) ≠ 0 by decide,
  ̲  ̲ ̲ ̲ ̲ ̲ ̲ ̲↓reduceIte, hr, Option.some_ne_none,̵ ̵i̵f̵_̵f̵a̵l̵s̵e̵]

Note: This linter can be disabled with `set_option linter.unusedSimpArgs false`
TCSlib/Complexity/CookLevin/Hardness.lean:3176:27: warning: This simp argument is unused:
  ih

Hint: Omit it from the simp argument list.
  simp ̵[̵i̵h̵]̵

Note: This linter can be disabled with `set_option linter.unusedSimpArgs false`
TCSlib/Complexity/CookLevin/Hardness.lean:3307:65: warning: This simp argument is unused:
  if_false

Hint: Omit it from the simp argument list.
  simp only [clWipeTM, clWipeCfg, Cfg.workTapeSymbols, clTwo, ↓reduceIte,
          show (1 : Fin 2) ≠ 0 by decide, hr, Option.some_ne_none,̵ ̵i̵f̵_̵f̵a̵l̵s̵e̵]

Note: This linter can be disabled with `set_option linter.unusedSimpArgs false`
TCSlib/Complexity/CookLevin/Hardness.lean:3339:59: warning: This simp argument is unused:
  if_false

Hint: Omit it from the simp argument list.
  simp only [clWipeTM, show (1 : Fin 3) ≠ 0 by decide, i̵f̵_̵f̵a̵l̵s̵e̵,̵ ̵if_true, clWipeCfg, Cfg.workTapeSymbols,
  ̲  ̲ ̲ ̲ ̲ ̲ ̲ ̲clTwo, show (1 : Fin 2) ≠ 0 by decide, ↓reduceIte, hr, Option.some_ne_none]

Note: This linter can be disabled with `set_option linter.unusedSimpArgs false`
TCSlib/Complexity/CookLevin/Hardness.lean:3339:69: warning: This simp argument is unused:
  if_true

Hint: Omit it from the simp argument list.
  simp only [clWipeTM, show (1 : Fin 3) ≠ 0 by decide, if_false, i̵f̵_̵t̵r̵u̵e̵,̵clWipeCfg, Cfg.workTapeSymbols,
  ̲  ̲ ̲ ̲ ̲ ̲ ̲ ̲clTwo, show (1 : Fin 2) ≠ 0 by decide, ↓reduceIte, hr, Option.some_ne_none]

Note: This linter can be disabled with `set_option linter.unusedSimpArgs false`
TCSlib/Complexity/CookLevin/Hardness.lean:3727:22: warning: This simp argument is unused:
  funext_iff

Hint: Omit it from the simp argument list.
  simp [MultiTapeTM.step, clInputTM, clInputCfg, Cfg.inputSymbol, Action.apply, m̵o̵v̵e̵I̵n̵p̵u̵t̵P̵o̵s̵,̵ ̵f̵u̵n̵e̵x̵t̵_̵i̵f̵f̵]̵m̲o̲v̲e̲I̲n̲p̲u̲t̲P̲o̲s̲]̲

Note: This linter can be disabled with `set_option linter.unusedSimpArgs false`
TCSlib/Complexity/CookLevin/Hardness.lean:3752:82: warning: This simp argument is unused:
  funext_iff

Hint: Omit it from the simp argument list.
  simp [MultiTapeTM.initCfg, Cfg.init, clInputCfg, clInputTM,̵ ̵f̵u̵n̵e̵x̵t̵_̵i̵f̵f̵]

Note: This linter can be disabled with `set_option linter.unusedSimpArgs false`
TCSlib/Complexity/CookLevin/Hardness.lean:3760:8: warning: This simp argument is unused:
  FinTM.moveInputPos_neg_val

Hint: Omit it from the simp argument list.
  simp [MultiTapeTM.step, clInputTM, clInputCfg, Cfg.inputSymbol, Action.apply, F̵i̵n̵T̵M̵.̵m̵o̵v̵e̵I̵n̵p̵u̵t̵P̵o̵s̵_̵n̵e̵g̵_̵v̵a̵l̵,̵ ̵funext_iff,
  ̲  ̲ ̲ ̲ ̲ ̲ ̲ ̲sub_eq_add_neg]

Note: This linter can be disabled with `set_option linter.unusedSimpArgs false`
TCSlib/Complexity/CookLevin/Hardness.lean:3760:36: warning: This simp argument is unused:
  funext_iff

Hint: Omit it from the simp argument list.
  simp [MultiTapeTM.step, clInputTM, clInputCfg, Cfg.inputSymbol, Action.apply,
          FinTM.moveInputPos_neg_val, f̵u̵n̵e̵x̵t̵_̵i̵f̵f̵,̵ ̵sub_eq_add_neg]

Note: This linter can be disabled with `set_option linter.unusedSimpArgs false`
TCSlib/Complexity/CookLevin/Hardness.lean:4175:59: warning: This simp argument is unused:
  hne

Hint: Omit it from the simp argument list.
  simp [clMatchCmpSelect, clMatchCmpIndex, hne,̵ ̵h̵n̵e̵.symm,
  ̵  ̵ ̵ ̵-Fin.natAdd_eq_addNat]

Note: This linter can be disabled with `set_option linter.unusedSimpArgs false`
TCSlib/Complexity/CookLevin/Hardness.lean:4375:54: warning: This simp argument is unused:
  ↓reduceIte

Hint: Omit it from the simp argument list.
  simp only [clMatchWords,̵ ̵↓̵r̵e̵d̵u̵c̵e̵I̵t̵e̵]

Note: This linter can be disabled with `set_option linter.unusedSimpArgs false`
TCSlib/Complexity/CookLevin/Hardness.lean:4412:54: warning: This simp argument is unused:
  Nat.add_assoc

Hint: Omit it from the simp argument list.
  simp [clRows, ih, List.append_assoc,̵ ̵N̵a̵t̵.̵a̵d̵d̵_̵a̵s̵s̵o̵c̵]

Note: This linter can be disabled with `set_option linter.unusedSimpArgs false`
TCSlib/Complexity/CookLevin/Hardness.lean:4536:64: warning: This simp argument is unused:
  if_false

Hint: Omit it from the simp argument list.
  simp only [clTwo, ↓reduceIte, show (1 : Fin 2) ≠ 0 by decide, i̵f̵_̵f̵a̵l̵s̵e̵,̵ ̵clNum_bits]

Note: This linter can be disabled with `set_option linter.unusedSimpArgs false`
TCSlib/Complexity/CookLevin/Hardness.lean:4571:62: warning: Used `tac1 <;> tac2` where `(tac1; tac2)` would suffice

Note: This linter can be disabled with `set_option linter.unnecessarySeqFocus false`
TCSlib/Complexity/CookLevin/Hardness.lean:4665:90: warning: This simp argument is unused:
  funext_iff

Hint: Omit it from the simp argument list.
  simp [MultiTapeTM.step, clReplayTM, clReplayCfg, Cfg.workTapeSymbols, Action.apply,̵ ̵f̵u̵n̵e̵x̵t̵_̵i̵f̵f̵]

Note: This linter can be disabled with `set_option linter.unusedSimpArgs false`
TCSlib/Complexity/CookLevin/Hardness.lean:4696:90: warning: This simp argument is unused:
  funext_iff

Hint: Omit it from the simp argument list.
  simp [MultiTapeTM.step, clReplayTM, clReplayCfg, Cfg.workTapeSymbols, Action.apply,̵ ̵f̵u̵n̵e̵x̵t̵_̵i̵f̵f̵]

Note: This linter can be disabled with `set_option linter.unusedSimpArgs false`
TCSlib/Complexity/CookLevin/Hardness.lean:4707:44: warning: This simp argument is unused:
  funext_iff

Hint: Omit it from the simp argument list.
  simp [Action.apply,̵ ̵f̵u̵n̵e̵x̵t̵_̵i̵f̵f̵]

Note: This linter can be disabled with `set_option linter.unusedSimpArgs false`
TCSlib/Complexity/CookLevin/Hardness.lean:4720:69: warning: This simp argument is unused:
  funext_iff

Hint: Omit it from the simp argument list.
  simp [MultiTapeTM.step, clReplayTM, clReplayCfg, Action.apply, f̵u̵n̵e̵x̵t̵_̵i̵f̵f̵,̵ ̵sub_eq_add_neg]

Note: This linter can be disabled with `set_option linter.unusedSimpArgs false`
TCSlib/Complexity/CookLevin/Hardness.lean:5004:96: warning: Used `tac1 <;> tac2` where `(tac1; tac2)` would suffice

Note: This linter can be disabled with `set_option linter.unnecessarySeqFocus false`
TCSlib/Complexity/CookLevin/Hardness.lean:5205:69: warning: This simp argument is unused:
  funext_iff

Hint: Omit it from the simp argument list.
  simp [MultiTapeTM.step, clReplayTM, clReplayCfg, Action.apply, f̵u̵n̵e̵x̵t̵_̵i̵f̵f̵,̵ ̵sub_eq_add_neg]

Note: This linter can be disabled with `set_option linter.unusedSimpArgs false`
TCSlib/Complexity/CookLevin/Hardness.lean:5456:62: warning: This simp argument is unused:
  ↓reduceIte

Hint: Omit it from the simp argument list.
  simp only [target, clSearchTarget, clTwo,̵ ̵↓̵r̵e̵d̵u̵c̵e̵I̵t̵e̵]

Note: This linter can be disabled with `set_option linter.unusedSimpArgs false`
TCSlib/Complexity/CookLevin/Hardness.lean:5879:63: warning: Used `tac1 <;> tac2` where `(tac1; tac2)` would suffice

Note: This linter can be disabled with `set_option linter.unnecessarySeqFocus false`
TCSlib/Complexity/CookLevin/Hardness.lean:5935:65: warning: Used `tac1 <;> tac2` where `(tac1; tac2)` would suffice

Note: This linter can be disabled with `set_option linter.unnecessarySeqFocus false`
TCSlib/Complexity/CookLevin/Hardness.lean:6184:63: warning: This simp argument is unused:
  hi

Hint: Omit it from the simp argument list.
  simp [clA5PadCfg, Cfg.ofWords,̵ ̵h̵i̵]

Note: This linter can be disabled with `set_option linter.unusedSimpArgs false`
TCSlib/Complexity/CookLevin/Hardness.lean:6412:43: warning: This simp argument is unused:
  Nat.mul_assoc

Hint: Omit it from the simp argument list.
  simp only [Nat.add_mul, Nat.one_mul, N̵a̵t̵.̵m̵u̵l̵_̵a̵s̵s̵o̵c̵,̵ ̵two_mul]

Note: This linter can be disabled with `set_option linter.unusedSimpArgs false`
TCSlib/Complexity/CookLevin/Hardness.lean:6488:65: warning: This simp argument is unused:
  FinTM.bufferTape

Hint: Omit it from the simp argument list.
  simp [MultiTapeTM.initCfg, Cfg.init, Cfg.ofWords, stateWord,̵ ̵F̵i̵n̵T̵M̵.̵b̵u̵f̵f̵e̵r̵T̵a̵p̵e̵]

Note: This linter can be disabled with `set_option linter.unusedSimpArgs false`
TCSlib/Complexity/CookLevin/Hardness.lean:6582:65: warning: This simp argument is unused:
  FinTM.bufferTape

Hint: Omit it from the simp argument list.
  simp [MultiTapeTM.initCfg, Cfg.init, Cfg.ofWords, stateWord,̵ ̵F̵i̵n̵T̵M̵.̵b̵u̵f̵f̵e̵r̵T̵a̵p̵e̵]

Note: This linter can be disabled with `set_option linter.unusedSimpArgs false`
TCSlib/Complexity/CookLevin/Hardness.lean:6711:90: warning: 'omega' tactic does nothing

Note: This linter can be disabled with `set_option linter.unusedTactic false`
TCSlib/Complexity/CookLevin/Hardness.lean:6711:90: warning: this tactic is never executed

Note: This linter can be disabled with `set_option linter.unreachableTactic false`
TCSlib/Complexity/CookLevin/Hardness.lean:6711:39: warning: Used `tac1 <;> tac2` where `(tac1; tac2)` would suffice

Note: This linter can be disabled with `set_option linter.unnecessarySeqFocus false`
TCSlib/Complexity/CookLevin/Hardness.lean:6765:33: warning: This simp argument is unused:
  Function.comp_def

Hint: Omit it from the simp argument list.
  simp [F̵u̵n̵c̵t̵i̵o̵n̵.̵c̵o̵m̵p̵_̵d̵e̵f̵,̵ ̵h]

Note: This linter can be disabled with `set_option linter.unusedSimpArgs false`
TCSlib/Complexity/CookLevin/Hardness.lean:6788:108: warning: This simp argument is unused:
  Fin.val_mk

Hint: Omit it from the simp argument list.
  simp only [clRepeatWords,
  ̲  ̲ ̲ ̲ ̲ ̲ ̲ ̲Fin.addCases_left, stateWord, F̵i̵n̵.̵v̵a̵l̵_̵m̵k̵,̵ ̵if_pos rfl, if_pos True.intro]

Note: This linter can be disabled with `set_option linter.unusedSimpArgs false`
TCSlib/Complexity/CookLevin/Hardness.lean:6788:120: warning: This simp argument is unused:
  if_pos rfl

Hint: Omit it from the simp argument list.
  simp only [clRepeatWords,
  ̲  ̲ ̲ ̲ ̲ ̲ ̲ ̲Fin.addCases_left, stateWord, Fin.val_mk, if_pos r̵f̵l̵,̵ ̵i̵f̵_̵p̵o̵s̵ ̵True.intro]

Note: This linter can be disabled with `set_option linter.unusedSimpArgs false`
TCSlib/Complexity/CookLevin/Hardness.lean:7161:69: warning: Used `tac1 <;> tac2` where `(tac1; tac2)` would suffice

Note: This linter can be disabled with `set_option linter.unnecessarySeqFocus false`
TCSlib/Complexity/CookLevin/Hardness.lean:7432:57: warning: Used `tac1 <;> tac2` where `(tac1; tac2)` would suffice

Note: This linter can be disabled with `set_option linter.unnecessarySeqFocus false`
TCSlib/Complexity/CookLevin/Hardness.lean:7460:45: warning: This simp argument is unused:
  Nat.mul_comm

Hint: Omit it from the simp argument list.
  simp [pairEncode, List.length_flatMap,̵ ̵N̵a̵t̵.̵m̵u̵l̵_̵c̵o̵m̵m̵]

Note: This linter can be disabled with `set_option linter.unusedSimpArgs false`
TCSlib/Complexity/CookLevin/Hardness.lean:7460:59: warning: Used `tac1 <;> tac2` where `(tac1; tac2)` would suffice

Note: This linter can be disabled with `set_option linter.unnecessarySeqFocus false`
TCSlib/Complexity/CookLevin/Hardness.lean:7527:64: warning: try 'simp' instead of 'simpa'

Note: This linter can be disabled with `set_option linter.unnecessarySimpa false`
TCSlib/Complexity/CookLevin/Hardness.lean:7857:15: warning: This simp argument is unused:
  List.getElem?_range h

Hint: Omit it from the simp argument list.
  simp [h,̵ ̵L̵i̵s̵t̵.̵g̵e̵t̵E̵l̵e̵m̵?̵_̵r̵a̵n̵g̵e̵ ̵h̵]

Note: This linter can be disabled with `set_option linter.unusedSimpArgs false`
TCSlib/Complexity/CookLevin/Hardness.lean:7865:10: warning: This simp argument is unused:
  h0

Hint: Omit it from the simp argument list.
  simp [h̵0̵,̵ ̵rangeGet, h0]

Note: This linter can be disabled with `set_option linter.unusedSimpArgs false`
TCSlib/Complexity/CookLevin/Hardness.lean:7865:14: warning: This simp argument is unused:
  rangeGet

Hint: Omit it from the simp argument list.
  simp [h0, r̵a̵n̵g̵e̵G̵e̵t̵,̵ ̵h0]

Note: This linter can be disabled with `set_option linter.unusedSimpArgs false`
TCSlib/Complexity/CookLevin/Hardness.lean:7872:18: warning: This simp argument is unused:
  rangeGet

Hint: Omit it from the simp argument list.
  simp [h2,̵ ̵r̵a̵n̵g̵e̵G̵e̵t̵]

Note: This linter can be disabled with `set_option linter.unusedSimpArgs false`
TCSlib/Complexity/CookLevin/Hardness.lean:7875:20: warning: This simp argument is unused:
  rangeGet

Hint: Omit it from the simp argument list.
  simp [h3,̵ ̵r̵a̵n̵g̵e̵G̵e̵t̵]

Note: This linter can be disabled with `set_option linter.unusedSimpArgs false`
exit_TCSlib/Complexity/CookLevin/Hardness=0
== TCSlib/Complexity/CookLevin
exit_TCSlib/Complexity/CookLevin=0
RB3_SWEEP_DONE
