# Census (pass 4) before RB4 (campaign 8c4e1a66) and after RB4 (side branch)
## before
== Pass 4 (round-7 repair): source-side census generated by name
   every like-kind MEMBER pair over ALL Catalog declarations contributes its source; plus the historical rules
   like-kind MEMBER pairs over all 428 Catalog declarations: 537
   Composition          6/ 19 =  31.6%   historical 3 + from pairs 3
      + computesFunInTime_const (public, span 14)
      + computesFunInTime_id (public, span 32)
      + controlCfg_run (private, span 12)
   Primitives         173/272 =  63.6%   historical 150 + from pairs 23
      + computesFunInTime_pairConcat (public, span 22)
      + computesFunInTime_pairEncodeFixed (public, span 17)
      + computesFunInTime_pairFst (public, span 18)
      + computesFunInTime_pairSnd (public, span 18)
      + computesFunInTime_prepend (public, span 16)
      + computesFunInTime_stripLast (public, span 81)
      + emitterAppend_run (private, span 24)
      + emitterP2EraseTM (private, span 16)
      + emitterP2StateDecidableEq (private, span 17)
      + emitterP2_control (private, span 8)
      + emitterP2_erase_scan (private, span 16)
      + emitterP2_prepare_rewind_candidate (private, span 30)
      + emitterP2_prepare_rewind_suffix (private, span 29)
      + emitterSplit_find (private, span 12)
      + emitterSplit_loop_bound (private, span 12)
      + emitterSplit_of_body (private, span 58)
      + emitterSplit_result (private, span 18)
      + emitterTokenTM (private, span 20)
      + emitterToken_double (private, span 28)
      + emitterToken_separator (private, span 9)
      + emitter_first_entry (private, span 23)
      + mapCfg (private, span 10)
      + mapStart (private, span 53)
   TimeConstructible   20/ 21 =  95.2%   historical 20 + from pairs 0
   Loop               117/212 =  55.2%   historical 104 + from pairs 13
      + emCall_erase_last (private, span 8)
      + emCall_first_entry (private, span 23)
      + emCall_right_run (private, span 12)
      + emLoopCall (private, span 9)
      + emLoopHost_anchor_return (private, span 41)
      + emLoopHost_init (private, span 8)
      + emLoopHost_start (private, span 19)
      + emLoop_run_prefix (private, span 12)
      + exists_emitLoopTM (public, span 128)
      + exists_loopCfgTM (public, span 76)
      + exists_loopFindTM (public, span 82)
      + exists_loopTM (public, span 98)
      + loop_run (public, span 51)
   Wrappers            19/ 29 =  65.5%   historical 17 + from pairs 2
      + captureCfg (public, span 18)
      + computesFunInTime_cond (public, span 40)
   Catalog            318/428 =  74.3%
## after
== Pass 4 (round-7 repair): source-side census generated by name
   every like-kind MEMBER pair over ALL Catalog declarations contributes its source; plus the historical rules
   like-kind MEMBER pairs over all 428 Catalog declarations: 503
   Composition          6/ 19 =  31.6%   historical 3 + from pairs 3
      + computesFunInTime_const (public, span 14)
      + computesFunInTime_id (public, span 32)
      + controlCfg_run (private, span 12)
   Primitives         173/272 =  63.6%   historical 150 + from pairs 23
      + computesFunInTime_pairConcat (public, span 22)
      + computesFunInTime_pairEncodeFixed (public, span 17)
      + computesFunInTime_pairFst (public, span 18)
      + computesFunInTime_pairSnd (public, span 18)
      + computesFunInTime_prepend (public, span 16)
      + computesFunInTime_stripLast (public, span 81)
      + emitterAppend_run (private, span 24)
      + emitterP2EraseTM (private, span 16)
      + emitterP2StateDecidableEq (private, span 17)
      + emitterP2_control (private, span 8)
      + emitterP2_erase_scan (private, span 16)
      + emitterP2_prepare_rewind_candidate (private, span 30)
      + emitterP2_prepare_rewind_suffix (private, span 29)
      + emitterSplit_find (private, span 12)
      + emitterSplit_loop_bound (private, span 12)
      + emitterSplit_of_body (private, span 58)
      + emitterSplit_result (private, span 18)
      + emitterTokenTM (private, span 20)
      + emitterToken_double (private, span 28)
      + emitterToken_separator (private, span 9)
      + emitter_first_entry (private, span 23)
      + mapCfg (private, span 10)
      + mapStart (private, span 53)
   TimeConstructible   20/ 21 =  95.2%   historical 20 + from pairs 0
   Loop: historical members no longer present (deleted since the census): ['emCallAction', 'emCallCfg', 'emCall_apply', 'emCall_relocate_run', 'emLoopHost_borrow', 'emLoopHost_borrow_rewind', 'emLoopHost_borrow_run', 'emLoopHost_borrow_step', 'emLoopHost_fuel_capture', 'emLoopHost_fuel_copy', 'emLoopHost_fuel_return', 'emLoopHost_fuel_rewind', 'emLoopHost_fuel_setup', 'emLoopHost_input_rewind', 'emLoopHost_reject', 'emLoopHost_release']
   Loop                98/199 =  49.2%   historical 88 + from pairs 10
      + emCall_erase_last (private, span 8)
      + emCall_first_entry (private, span 23)
      + emCall_right_run (private, span 12)
      + emLoopCall (private, span 9)
      + emLoop_run_prefix (private, span 12)
      + exists_emitLoopTM (public, span 128)
      + exists_loopCfgTM (public, span 76)
      + exists_loopFindTM (public, span 82)
      + exists_loopTM (public, span 98)
      + loop_run (public, span 51)
   Wrappers            19/ 29 =  65.5%   historical 17 + from pairs 2
      + captureCfg (public, span 18)
      + computesFunInTime_cond (public, span 40)
   Catalog            318/428 =  74.3%
