WARN  TCSlib/Complexity/TuringMachine/Build/Catalog.lean                  9404 lines > 1000: policy requires a split or a recorded justification (escalation/decision log)
WARN  TCSlib/Complexity/TuringMachine/Build/Loop.lean                     5713 lines > 1000: policy requires a split or a recorded justification (escalation/decision log)
WARN  TCSlib/Complexity/TuringMachine/Build/Primitives.lean               7636 lines > 1000: policy requires a split or a recorded justification (escalation/decision log)
WARN  TCSlib/Complexity/TuringMachine/MathlibBridge.lean                  1109 lines > 1000: policy requires a split or a recorded justification (escalation/decision log)
WARN  TCSlib/Complexity/TuringMachine/Robustness/Oblivious.lean           1147 lines > 1000: policy requires a split or a recorded justification (escalation/decision log)
WARN  TCSlib/Complexity/TuringMachine/Robustness/ObliviousCandidate.lean  1127 lines > 1000: policy requires a split or a recorded justification (escalation/decision log)
WARN  TCSlib/Complexity/TuringMachine/Robustness/ObliviousSetup.lean      1102 lines > 1000: policy requires a split or a recorded justification (escalation/decision log)
WARN  TCSlib/Complexity/TuringMachine/Universal.lean                      2884 lines > 1000: policy requires a split or a recorded justification (escalation/decision log)
WARN  TCSlib/Complexity/TuringMachine/UniversalInterpreter.lean           1027 lines > 1000: policy requires a split or a recorded justification (escalation/decision log)
INFO  TCSlib/Complexity/TuringMachine/Build/Catalog.lean                  9404 lines; 39 public / 339 private declarations
INFO  TCSlib/Complexity/TuringMachine/Build/Convention.lean               157 lines; 8 public / 0 private declarations
INFO  TCSlib/Complexity/TuringMachine/Build/Embed.lean                    931 lines > target 600
INFO  TCSlib/Complexity/TuringMachine/Build/Embed.lean                    931 lines; 19 public / 16 private declarations
INFO  TCSlib/Complexity/TuringMachine/Build/Loop.lean                     5713 lines; 8 public / 214 private declarations
INFO  TCSlib/Complexity/TuringMachine/Build/Primitives.lean               7636 lines; 18 public / 318 private declarations
INFO  TCSlib/Complexity/TuringMachine/Build/Seam.lean                     696 lines > target 600
INFO  TCSlib/Complexity/TuringMachine/Build/Seam.lean                     696 lines; 13 public / 13 private declarations
INFO  TCSlib/Complexity/TuringMachine/Build/Wrappers.lean                 739 lines > target 600
INFO  TCSlib/Complexity/TuringMachine/Build/Wrappers.lean                 739 lines; 10 public / 19 private declarations
INFO  TCSlib/Complexity/TuringMachine/CodeParser.lean                     790 lines > target 600
INFO  TCSlib/Complexity/TuringMachine/CodeParser.lean                     790 lines; 13 public / 49 private declarations
INFO  TCSlib/Complexity/TuringMachine/Composition.lean                    685 lines > target 600
INFO  TCSlib/Complexity/TuringMachine/Composition.lean                    685 lines; 8 public / 11 private declarations
INFO  TCSlib/Complexity/TuringMachine/Configuration.lean                  224 lines; 18 public / 0 private declarations
INFO  TCSlib/Complexity/TuringMachine/CounterProg.lean                    562 lines; 28 public / 0 private declarations
INFO  TCSlib/Complexity/TuringMachine/CounterProgRun.lean                 433 lines; 35 public / 0 private declarations
INFO  TCSlib/Complexity/TuringMachine/Deterministic.lean                  430 lines; 34 public / 0 private declarations
INFO  TCSlib/Complexity/TuringMachine/Encoding.lean                       606 lines > target 600
INFO  TCSlib/Complexity/TuringMachine/Encoding.lean                       606 lines; 30 public / 10 private declarations
INFO  TCSlib/Complexity/TuringMachine/Finite.lean                         257 lines; 13 public / 0 private declarations
INFO  TCSlib/Complexity/TuringMachine/MathlibBridge.lean                  1109 lines; 2 public / 75 private declarations
INFO  TCSlib/Complexity/TuringMachine/NDCodes.lean                        190 lines; 9 public / 0 private declarations
INFO  TCSlib/Complexity/TuringMachine/Nondeterministic.lean               248 lines; 16 public / 0 private declarations
INFO  TCSlib/Complexity/TuringMachine/NondeterministicSpace.lean          112 lines; 5 public / 0 private declarations
INFO  TCSlib/Complexity/TuringMachine/Oracle.lean                         517 lines; 29 public / 2 private declarations
INFO  TCSlib/Complexity/TuringMachine/OracleAgreement.lean                247 lines; 9 public / 0 private declarations
INFO  TCSlib/Complexity/TuringMachine/OracleFinite.lean                   131 lines; 5 public / 0 private declarations
INFO  TCSlib/Complexity/TuringMachine/OracleNondeterministic.lean         290 lines; 20 public / 0 private declarations
INFO  TCSlib/Complexity/TuringMachine/Robustness/AlphabetReduction.lean   600 lines; 1 public / 50 private declarations
INFO  TCSlib/Complexity/TuringMachine/Robustness/Bidirectional.lean       464 lines; 2 public / 37 private declarations
INFO  TCSlib/Complexity/TuringMachine/Robustness/Oblivious.lean           1147 lines; 1 public / 38 private declarations
INFO  TCSlib/Complexity/TuringMachine/Robustness/ObliviousCandidate.lean  1127 lines; 47 public / 42 private declarations
INFO  TCSlib/Complexity/TuringMachine/Robustness/ObliviousLedger.lean     219 lines; 4 public / 2 private declarations
INFO  TCSlib/Complexity/TuringMachine/Robustness/ObliviousSchedule.lean   688 lines > target 600
INFO  TCSlib/Complexity/TuringMachine/Robustness/ObliviousSchedule.lean   688 lines; 19 public / 20 private declarations
INFO  TCSlib/Complexity/TuringMachine/Robustness/ObliviousSetup.lean      1102 lines; 8 public / 59 private declarations
INFO  TCSlib/Complexity/TuringMachine/Robustness/SingleTape.lean          981 lines > target 600
INFO  TCSlib/Complexity/TuringMachine/Robustness/SingleTape.lean          981 lines; 2 public / 53 private declarations
INFO  TCSlib/Complexity/TuringMachine/Simulation.lean                     948 lines > target 600
INFO  TCSlib/Complexity/TuringMachine/Simulation.lean                     948 lines; 49 public / 0 private declarations
INFO  TCSlib/Complexity/TuringMachine/StateRenaming.lean                  124 lines; 6 public / 0 private declarations
INFO  TCSlib/Complexity/TuringMachine/Sweep.lean                          392 lines; 22 public / 0 private declarations
INFO  TCSlib/Complexity/TuringMachine/UnaryTape.lean                      84 lines; 8 public / 0 private declarations
INFO  TCSlib/Complexity/TuringMachine/Universal.lean                      2884 lines; 4 public / 129 private declarations
INFO  TCSlib/Complexity/TuringMachine/UniversalBlock.lean                 794 lines > target 600
INFO  TCSlib/Complexity/TuringMachine/UniversalBlock.lean                 794 lines; 6 public / 17 private declarations
INFO  TCSlib/Complexity/TuringMachine/UniversalInterpreter.lean           1027 lines; 37 public / 13 private declarations
INFO  TCSlib/Complexity/TuringMachine/UniversalStartup.lean               591 lines; 10 public / 21 private declarations

style_lint: 0 FAIL, 9 WARN over 39 files
