S12 F1 INTEGRATION SWEEP at commit 2f67e910bb3a617d769524bb109bd9573cb1bbea (2f67e910), branch complexity/arora-barak-ch3-4, started 2026-10-09 08:57:41
== TCSlib/Complexity/TuringMachine/Build/Embed
TCSlib/Complexity/TuringMachine/Build/Embed.lean:330:5: warning: unused variable `hcap`

Note: This linter can be disabled with `set_option linter.unusedVariables false`
TCSlib/Complexity/TuringMachine/Build/Embed.lean:790:5: warning: unused variable `hcap`

Note: This linter can be disabled with `set_option linter.unusedVariables false`
== TCSlib/Complexity/TuringMachine/Build/Seam
TCSlib/Complexity/TuringMachine/Build/Seam.lean:347:5: warning: unused variable `h₂`

Note: This linter can be disabled with `set_option linter.unusedVariables false`
TCSlib/Complexity/TuringMachine/Build/Seam.lean:387:5: warning: unused variable `h₂`

Note: This linter can be disabled with `set_option linter.unusedVariables false`
TCSlib/Complexity/TuringMachine/Build/Seam.lean:543:5: warning: unused variable `h₂`

Note: This linter can be disabled with `set_option linter.unusedVariables false`
TCSlib/Complexity/TuringMachine/Build/Seam.lean:544:5: warning: unused variable `hq`

Note: This linter can be disabled with `set_option linter.unusedVariables false`
TCSlib/Complexity/TuringMachine/Build/Seam.lean:650:5: warning: unused variable `hc'`

Note: This linter can be disabled with `set_option linter.unusedVariables false`
== TCSlib/Complexity/TuringMachine/Build/Catalog
TCSlib/Complexity/TuringMachine/Build/Catalog.lean:356:58: warning: unused variable `hr`

Note: This linter can be disabled with `set_option linter.unusedVariables false`
TCSlib/Complexity/TuringMachine/Build/Catalog.lean:362:28: warning: This simp argument is unused:
  List.getElem?_eq_none

Hint: Omit it from the simp argument list.
  simp [FinTM.bufferTape,̵ ̵L̵i̵s̵t̵.̵g̵e̵t̵E̵l̵e̵m̵?̵_̵e̵q̵_̵n̵o̵n̵e̵]

Note: This linter can be disabled with `set_option linter.unusedSimpArgs false`
TCSlib/Complexity/TuringMachine/Build/Catalog.lean:367:14: warning: This simp argument is unused:
  List.getElem?_take

Hint: Omit it from the simp argument list.
  simp [L̵i̵s̵t̵.̵g̵e̵t̵E̵l̵e̵m̵?̵_̵t̵a̵k̵e̵,̵ ̵hzr, show z.toNat < r + 1 by omega]

Note: This linter can be disabled with `set_option linter.unusedSimpArgs false`
TCSlib/Complexity/TuringMachine/Build/Catalog.lean:413:45: warning: This simp argument is unused:
  sub_eq_add_neg

Hint: Omit it from the simp argument list.
  simp_all [SignType.cast,̵ ̵s̵u̵b̵_̵e̵q̵_̵a̵d̵d̵_̵n̵e̵g̵]

Note: This linter can be disabled with `set_option linter.unusedSimpArgs false`
TCSlib/Complexity/TuringMachine/Build/Catalog.lean:427:8: warning: This simp argument is unused:
  show (r + 1 : ℕ) - (1 : ℤ) = (r : ℤ) by omega

Hint: Omit it from the simp argument list.
  simp [catalogClearR, catalogCfg, Cfg.ofWords, Cfg.workTapeSymbols, s̵h̵o̵w̵ ̵(̵r̵ ̵+̵ ̵1̵ ̵:̵ ̵ℕ̵)̵ ̵-̵ ̵(̵1̵ ̵:̵ ̵ℤ̵)̵ ̵=̵ ̵(̵r̵ ̵:̵ ̵ℤ̵)̵ ̵b̵y̵ ̵o̵m̵e̵g̵a̵,̵List.getElem?_take,
          List.getElem?_eq_getElem hr]

Note: This linter can be disabled with `set_option linter.unusedSimpArgs false`
TCSlib/Complexity/TuringMachine/Build/Catalog.lean:428:8: warning: This simp argument is unused:
  List.getElem?_take

Hint: Omit it from the simp argument list.
  simp [catalogClearR, catalogCfg, Cfg.ofWords, Cfg.workTapeSymbols,
          show (r + 1 : ℕ) - (1 : ℤ) = (r : ℤ) by omega,
  ̵  ̵ ̵ ̵ ̵ ̵ ̵ ̵List.getElem?_t̵a̵k̵e,̵ ̵L̵i̵s̵t̵.̵g̵e̵t̵E̵l̵e̵m̵?̵_̵e̵q_getElem hr]

Note: This linter can be disabled with `set_option linter.unusedSimpArgs false`
TCSlib/Complexity/TuringMachine/Build/Catalog.lean:431:42: warning: This simp argument is unused:
  catalogClearF

Hint: Omit it from the simp argument list.
  simp [Action.apply, catalogClearF̵,̵ ̵c̵a̵t̵a̵l̵o̵g̵C̵l̵e̵a̵r̵R, catalogCfg, Cfg.ofWords]

Note: This linter can be disabled with `set_option linter.unusedSimpArgs false`
TCSlib/Complexity/TuringMachine/Build/Catalog.lean:413:65: warning: 'omega' tactic does nothing

Note: This linter can be disabled with `set_option linter.unusedTactic false`
TCSlib/Complexity/TuringMachine/Build/Catalog.lean:439:65: warning: 'omega' tactic does nothing

Note: This linter can be disabled with `set_option linter.unusedTactic false`
TCSlib/Complexity/TuringMachine/Build/Catalog.lean:413:65: warning: this tactic is never executed

Note: This linter can be disabled with `set_option linter.unreachableTactic false`
TCSlib/Complexity/TuringMachine/Build/Catalog.lean:439:65: warning: this tactic is never executed

Note: This linter can be disabled with `set_option linter.unreachableTactic false`
TCSlib/Complexity/TuringMachine/Build/Catalog.lean:484:51: warning: This simp argument is unused:
  Ne.symm hne

Hint: Omit it from the simp argument list.
  simp [hj, hs, hne,̵ ̵N̵e̵.̵s̵y̵m̵m̵ ̵h̵n̵e̵]

Note: This linter can be disabled with `set_option linter.unusedSimpArgs false`
TCSlib/Complexity/TuringMachine/Build/Catalog.lean:487:44: warning: 'omega' tactic does nothing

Note: This linter can be disabled with `set_option linter.unusedTactic false`
TCSlib/Complexity/TuringMachine/Build/Catalog.lean:487:44: warning: this tactic is never executed

Note: This linter can be disabled with `set_option linter.unreachableTactic false`
TCSlib/Complexity/TuringMachine/Build/Catalog.lean:517:8: warning: This simp argument is unused:
  show ((r + 1 : ℕ) : ℤ) - 1 = (r : ℤ) by omega

Hint: Omit it from the simp argument list.
  simp [catalogCopyR, catalogCfg, Cfg.ofWords, Cfg.workTapeSymbols, hne,
          s̵h̵o̵w̵ ̵(̵(̵r̵ ̵+̵ ̵1̵ ̵:̵ ̵ℕ̵)̵ ̵:̵ ̵ℤ̵)̵ ̵-̵ ̵1̵ ̵=̵ ̵(̵r̵ ̵:̵ ̵ℤ̵)̵ ̵b̵y̵ ̵o̵m̵e̵g̵a̵,̵
  ̵ ̵ ̵ ̵ ̵ ̵ ̵ ̵ ̵List.getElem?_eq_getElem hr]

Note: This linter can be disabled with `set_option linter.unusedSimpArgs false`
TCSlib/Complexity/TuringMachine/Build/Catalog.lean:524:65: warning: 'omega' tactic does nothing

Note: This linter can be disabled with `set_option linter.unusedTactic false`
TCSlib/Complexity/TuringMachine/Build/Catalog.lean:524:65: warning: this tactic is never executed

Note: This linter can be disabled with `set_option linter.unreachableTactic false`
TCSlib/Complexity/TuringMachine/Build/Catalog.lean:567:8: warning: This simp argument is unused:
  show ((r + 1 : ℕ) : ℤ) - 1 = (r : ℤ) by omega

Hint: Omit it from the simp argument list.
  simp [catalogTransferR, catalogCfg, Cfg.ofWords, Cfg.workTapeSymbols, hne, s̵h̵o̵w̵ ̵(̵(̵r̵ ̵+̵ ̵1̵ ̵:̵ ̵ℕ̵)̵ ̵:̵ ̵ℤ̵)̵ ̵-̵ ̵1̵ ̵=̵ ̵(̵r̵ ̵:̵ ̵ℤ̵)̵ ̵b̵y̵ ̵o̵m̵e̵g̵a̵,̵List.getElem?_take,
          List.getElem?_eq_getElem hr]

Note: This linter can be disabled with `set_option linter.unusedSimpArgs false`
TCSlib/Complexity/TuringMachine/Build/Catalog.lean:568:8: warning: This simp argument is unused:
  List.getElem?_take

Hint: Omit it from the simp argument list.
  simp [catalogTransferR, catalogCfg, Cfg.ofWords, Cfg.workTapeSymbols, hne,
          show ((r + 1 : ℕ) : ℤ) - 1 = (r : ℤ) by omega,
  ̵  ̵ ̵ ̵ ̵ ̵ ̵ ̵List.getElem?_t̵a̵k̵e,̵ ̵L̵i̵s̵t̵.̵g̵e̵t̵E̵l̵e̵m̵?̵_̵e̵q_getElem hr]

Note: This linter can be disabled with `set_option linter.unusedSimpArgs false`
TCSlib/Complexity/TuringMachine/Build/Catalog.lean:578:25: warning: This simp argument is unused:
  hne

Hint: Omit it from the simp argument list.
  simp [h̵n̵e̵,̵ ̵Ne.symm hne]

Note: This linter can be disabled with `set_option linter.unusedSimpArgs false`
TCSlib/Complexity/TuringMachine/Build/Catalog.lean:641:13: warning: unused variable `hd`

Note: This linter can be disabled with `set_option linter.unusedVariables false`
TCSlib/Complexity/TuringMachine/Build/Catalog.lean:664:45: warning: This simp argument is unused:
  sub_eq_add_neg

Hint: Omit it from the simp argument list.
  simp_all [SignType.cast,̵ ̵s̵u̵b̵_̵e̵q̵_̵a̵d̵d̵_̵n̵e̵g̵]

Note: This linter can be disabled with `set_option linter.unusedSimpArgs false`
TCSlib/Complexity/TuringMachine/Build/Catalog.lean:672:35: warning: This simp argument is unused:
  if_pos (Or.inl rfl : fst = fst ∨ fst = snd)

Hint: Omit it from the simp argument list.
  simp only [compareTM, hread, if_pos (̵O̵r̵.̵i̵n̵l̵ ̵r̵f̵l̵ ̵:̵ ̵f̵s̵t̵ ̵=̵ ̵f̵s̵t̵ ̵∨̵ ̵f̵s̵t̵ ̵=̵ ̵s̵n̵d̵)̵,̵
  ̵ ̵ ̵ ̵ ̵ ̵ ̵ ̵ ̵i̵f̵_̵p̵o̵s̵ ̵(Or.inr rfl : snd = fst ∨ snd = snd),
  ̲  ̲ ̲ ̲ ̲ ̲ ̲ ̲FinTM.bufferTape_nat]

Note: This linter can be disabled with `set_option linter.unusedSimpArgs false`
TCSlib/Complexity/TuringMachine/Build/Catalog.lean:673:8: warning: This simp argument is unused:
  if_pos (Or.inr rfl : snd = fst ∨ snd = snd)

Hint: Omit it from the simp argument list.
  simp only [compareTM, hread, if_pos (Or.inl rfl : fst = fst ∨ fst = snd),
          i̵f̵_̵p̵o̵s̵ ̵(̵O̵r̵.̵i̵n̵r̵ ̵r̵f̵l̵ ̵:̵ ̵s̵n̵d̵ ̵=̵ ̵f̵s̵t̵ ̵∨̵ ̵s̵n̵d̵ ̵=̵ ̵s̵n̵d̵)̵,̵ ̵FinTM.bufferTape_nat]

Note: This linter can be disabled with `set_option linter.unusedSimpArgs false`
TCSlib/Complexity/TuringMachine/Build/Catalog.lean:673:53: warning: This simp argument is unused:
  FinTM.bufferTape_nat

Hint: Omit it from the simp argument list.
  simp only [compareTM, hread, if_pos (Or.inl rfl : fst = fst ∨ fst = snd),
          if_pos (Or.inr rfl : snd = fst ∨ snd = snd),̵ ̵F̵i̵n̵T̵M̵.̵b̵u̵f̵f̵e̵r̵T̵a̵p̵e̵_̵n̵a̵t̵]

Note: This linter can be disabled with `set_option linter.unusedSimpArgs false`
TCSlib/Complexity/TuringMachine/Build/Catalog.lean:679:16: warning: This simp argument is unused:
  hf

Hint: Omit it from the simp argument list.
  simp [hf̵,̵ ̵h̵g, heq]

Note: This linter can be disabled with `set_option linter.unusedSimpArgs false`
TCSlib/Complexity/TuringMachine/Build/Catalog.lean:664:65: warning: 'omega' tactic does nothing

Note: This linter can be disabled with `set_option linter.unusedTactic false`
TCSlib/Complexity/TuringMachine/Build/Catalog.lean:721:65: warning: 'omega' tactic does nothing

Note: This linter can be disabled with `set_option linter.unusedTactic false`
TCSlib/Complexity/TuringMachine/Build/Catalog.lean:664:65: warning: this tactic is never executed

Note: This linter can be disabled with `set_option linter.unreachableTactic false`
TCSlib/Complexity/TuringMachine/Build/Catalog.lean:721:65: warning: this tactic is never executed

Note: This linter can be disabled with `set_option linter.unreachableTactic false`
TCSlib/Complexity/TuringMachine/Build/Catalog.lean:827:45: warning: This simp argument is unused:
  sub_eq_add_neg

Hint: Omit it from the simp argument list.
  simp_all [SignType.cast,̵ ̵s̵u̵b̵_̵e̵q̵_̵a̵d̵d̵_̵n̵e̵g̵]

Note: This linter can be disabled with `set_option linter.unusedSimpArgs false`
TCSlib/Complexity/TuringMachine/Build/Catalog.lean:854:8: warning: This simp argument is unused:
  show ((r + 1 : ℕ) : ℤ) - 1 = (r : ℤ) by omega

Hint: Omit it from the simp argument list.
  simp [catalogIncR, catalogCfg, Cfg.ofWords, Cfg.workTapeSymbols, s̵h̵o̵w̵ ̵(̵(̵r̵ ̵+̵ ̵1̵ ̵:̵ ̵ℕ̵)̵ ̵:̵ ̵ℤ̵)̵ ̵-̵ ̵1̵ ̵=̵ ̵(̵r̵ ̵:̵ ̵ℤ̵)̵ ̵b̵y̵ ̵o̵m̵e̵g̵a̵,̵List.getElem?_append, hr]

Note: This linter can be disabled with `set_option linter.unusedSimpArgs false`
TCSlib/Complexity/TuringMachine/Build/Catalog.lean:827:65: warning: 'omega' tactic does nothing

Note: This linter can be disabled with `set_option linter.unusedTactic false`
TCSlib/Complexity/TuringMachine/Build/Catalog.lean:861:65: warning: 'omega' tactic does nothing

Note: This linter can be disabled with `set_option linter.unusedTactic false`
TCSlib/Complexity/TuringMachine/Build/Catalog.lean:827:65: warning: this tactic is never executed

Note: This linter can be disabled with `set_option linter.unreachableTactic false`
TCSlib/Complexity/TuringMachine/Build/Catalog.lean:861:65: warning: this tactic is never executed

Note: This linter can be disabled with `set_option linter.unreachableTactic false`
TCSlib/Complexity/TuringMachine/Build/Catalog.lean:1313:8: warning: declaration uses 'sorry'
TCSlib/Complexity/TuringMachine/Build/Catalog.lean:1326:8: warning: declaration uses 'sorry'
TCSlib/Complexity/TuringMachine/Build/Catalog.lean:1342:8: warning: declaration uses 'sorry'
TCSlib/Complexity/TuringMachine/Build/Catalog.lean:1359:8: warning: declaration uses 'sorry'
TCSlib/Complexity/TuringMachine/Build/Catalog.lean:1376:8: warning: declaration uses 'sorry'
TCSlib/Complexity/TuringMachine/Build/Catalog.lean:1403:8: warning: declaration uses 'sorry'
TCSlib/Complexity/TuringMachine/Build/Catalog.lean:1419:8: warning: declaration uses 'sorry'
TCSlib/Complexity/TuringMachine/Build/Catalog.lean:1436:8: warning: declaration uses 'sorry'
TCSlib/Complexity/TuringMachine/Build/Catalog.lean:1451:8: warning: declaration uses 'sorry'
TCSlib/Complexity/TuringMachine/Build/Catalog.lean:1466:8: warning: declaration uses 'sorry'
TCSlib/Complexity/TuringMachine/Build/Catalog.lean:1481:8: warning: declaration uses 'sorry'
TCSlib/Complexity/TuringMachine/Build/Catalog.lean:1499:8: warning: declaration uses 'sorry'
TCSlib/Complexity/TuringMachine/Build/Catalog.lean:1517:8: warning: declaration uses 'sorry'
TCSlib/Complexity/TuringMachine/Build/Catalog.lean:1542:8: warning: declaration uses 'sorry'
TCSlib/Complexity/TuringMachine/Build/Catalog.lean:1564:8: warning: declaration uses 'sorry'
TCSlib/Complexity/TuringMachine/Build/Catalog.lean:1594:8: warning: declaration uses 'sorry'
TCSlib/Complexity/TuringMachine/Build/Catalog.lean:1623:8: warning: declaration uses 'sorry'
TCSlib/Complexity/TuringMachine/Build/Catalog.lean:1757:8: warning: declaration uses 'sorry'
TCSlib/Complexity/TuringMachine/Build/Catalog.lean:1802:8: warning: declaration uses 'sorry'
== TCSlib/Complexity/TuringMachine
S12_F1_SWEEP_DONE
