SEC12_R3 GATE SWEEP at commit 2b82cbb3932438a3c6cda77d992d2fc4018d9923 (2b82cbb3), branch complexity/arora-barak-ch3-4, started 2026-10-09 00:28:46
== TCSlib/Complexity/TuringMachine/Build/Embed
TCSlib/Complexity/TuringMachine/Build/Embed.lean:251:8: warning: declaration uses 'sorry'
TCSlib/Complexity/TuringMachine/Build/Embed.lean:271:8: warning: declaration uses 'sorry'
TCSlib/Complexity/TuringMachine/Build/Embed.lean:301:8: warning: declaration uses 'sorry'
TCSlib/Complexity/TuringMachine/Build/Embed.lean:322:8: warning: declaration uses 'sorry'
TCSlib/Complexity/TuringMachine/Build/Embed.lean:346:8: warning: declaration uses 'sorry'
TCSlib/Complexity/TuringMachine/Build/Embed.lean:365:8: warning: declaration uses 'sorry'
TCSlib/Complexity/TuringMachine/Build/Embed.lean:380:8: warning: declaration uses 'sorry'
TCSlib/Complexity/TuringMachine/Build/Embed.lean:403:8: warning: declaration uses 'sorry'
TCSlib/Complexity/TuringMachine/Build/Embed.lean:422:8: warning: declaration uses 'sorry'
TCSlib/Complexity/TuringMachine/Build/Embed.lean:492:8: warning: declaration uses 'sorry'
TCSlib/Complexity/TuringMachine/Build/Embed.lean:527:8: warning: declaration uses 'sorry'
TCSlib/Complexity/TuringMachine/Build/Embed.lean:557:8: warning: declaration uses 'sorry'
TCSlib/Complexity/TuringMachine/Build/Embed.lean:575:8: warning: declaration uses 'sorry'
== TCSlib/Complexity/TuringMachine/Build/Seam
TCSlib/Complexity/TuringMachine/Build/Seam.lean:150:8: warning: declaration uses 'sorry'
TCSlib/Complexity/TuringMachine/Build/Seam.lean:178:8: warning: declaration uses 'sorry'
TCSlib/Complexity/TuringMachine/Build/Seam.lean:212:8: warning: declaration uses 'sorry'
TCSlib/Complexity/TuringMachine/Build/Seam.lean:234:8: warning: declaration uses 'sorry'
TCSlib/Complexity/TuringMachine/Build/Seam.lean:256:8: warning: declaration uses 'sorry'
TCSlib/Complexity/TuringMachine/Build/Seam.lean:287:8: warning: declaration uses 'sorry'
TCSlib/Complexity/TuringMachine/Build/Seam.lean:329:8: warning: declaration uses 'sorry'
TCSlib/Complexity/TuringMachine/Build/Seam.lean:349:8: warning: declaration uses 'sorry'
TCSlib/Complexity/TuringMachine/Build/Seam.lean:374:8: warning: declaration uses 'sorry'
TCSlib/Complexity/TuringMachine/Build/Seam.lean:425:8: warning: declaration uses 'sorry'
TCSlib/Complexity/TuringMachine/Build/Seam.lean:446:8: warning: declaration uses 'sorry'
== TCSlib/Complexity/TuringMachine/Build/Catalog
TCSlib/Complexity/TuringMachine/Build/Catalog.lean:298:8: warning: declaration uses 'sorry'
TCSlib/Complexity/TuringMachine/Build/Catalog.lean:320:8: warning: declaration uses 'sorry'
TCSlib/Complexity/TuringMachine/Build/Catalog.lean:342:8: warning: declaration uses 'sorry'
TCSlib/Complexity/TuringMachine/Build/Catalog.lean:361:8: warning: declaration uses 'sorry'
TCSlib/Complexity/TuringMachine/Build/Catalog.lean:384:8: warning: declaration uses 'sorry'
TCSlib/Complexity/TuringMachine/Build/Catalog.lean:401:8: warning: declaration uses 'sorry'
TCSlib/Complexity/TuringMachine/Build/Catalog.lean:425:8: warning: declaration uses 'sorry'
TCSlib/Complexity/TuringMachine/Build/Catalog.lean:448:8: warning: declaration uses 'sorry'
TCSlib/Complexity/TuringMachine/Build/Catalog.lean:475:8: warning: declaration uses 'sorry'
TCSlib/Complexity/TuringMachine/Build/Catalog.lean:497:8: warning: declaration uses 'sorry'
TCSlib/Complexity/TuringMachine/Build/Catalog.lean:516:8: warning: declaration uses 'sorry'
TCSlib/Complexity/TuringMachine/Build/Catalog.lean:538:8: warning: declaration uses 'sorry'
TCSlib/Complexity/TuringMachine/Build/Catalog.lean:567:8: warning: declaration uses 'sorry'
TCSlib/Complexity/TuringMachine/Build/Catalog.lean:580:8: warning: declaration uses 'sorry'
TCSlib/Complexity/TuringMachine/Build/Catalog.lean:596:8: warning: declaration uses 'sorry'
TCSlib/Complexity/TuringMachine/Build/Catalog.lean:613:8: warning: declaration uses 'sorry'
TCSlib/Complexity/TuringMachine/Build/Catalog.lean:630:8: warning: declaration uses 'sorry'
TCSlib/Complexity/TuringMachine/Build/Catalog.lean:657:8: warning: declaration uses 'sorry'
TCSlib/Complexity/TuringMachine/Build/Catalog.lean:673:8: warning: declaration uses 'sorry'
TCSlib/Complexity/TuringMachine/Build/Catalog.lean:690:8: warning: declaration uses 'sorry'
TCSlib/Complexity/TuringMachine/Build/Catalog.lean:705:8: warning: declaration uses 'sorry'
TCSlib/Complexity/TuringMachine/Build/Catalog.lean:720:8: warning: declaration uses 'sorry'
TCSlib/Complexity/TuringMachine/Build/Catalog.lean:735:8: warning: declaration uses 'sorry'
TCSlib/Complexity/TuringMachine/Build/Catalog.lean:753:8: warning: declaration uses 'sorry'
TCSlib/Complexity/TuringMachine/Build/Catalog.lean:771:8: warning: declaration uses 'sorry'
TCSlib/Complexity/TuringMachine/Build/Catalog.lean:796:8: warning: declaration uses 'sorry'
TCSlib/Complexity/TuringMachine/Build/Catalog.lean:818:8: warning: declaration uses 'sorry'
TCSlib/Complexity/TuringMachine/Build/Catalog.lean:848:8: warning: declaration uses 'sorry'
TCSlib/Complexity/TuringMachine/Build/Catalog.lean:877:8: warning: declaration uses 'sorry'
TCSlib/Complexity/TuringMachine/Build/Catalog.lean:898:8: warning: declaration uses 'sorry'
TCSlib/Complexity/TuringMachine/Build/Catalog.lean:918:8: warning: declaration uses 'sorry'
TCSlib/Complexity/TuringMachine/Build/Catalog.lean:963:8: warning: declaration uses 'sorry'
SEC12_R3_SWEEP_DONE
