'Turing.embedSilentTM_runFrom' depends on axioms: [propext, Classical.choice, Quot.sound]
'Turing.embedSilentTM_frame' depends on axioms: [propext, Classical.choice, Quot.sound]
'Turing.embedSilentTM_visitedByTapeHead' depends on axioms: [propext, Classical.choice, Quot.sound]
'Turing.embedSilentTM_visitedByTapeHead_frame' depends on axioms: [propext, Classical.choice, Quot.sound]
'Turing.embedSilentTM_spaceUsedByTape_cap' depends on axioms: [propext, Classical.choice, Quot.sound]
'Turing.embedEmitTM_runFrom' depends on axioms: [propext, Quot.sound]
'Turing.embedEmitTM_frame' depends on axioms: [propext, Quot.sound]
'Turing.embedEmitTM_visitedByTapeHead' depends on axioms: [propext, Classical.choice, Quot.sound]
'Turing.embedEmitTM_visitedByTapeHead_frame' depends on axioms: [propext, Classical.choice, Quot.sound]
'Turing.embedSilentRetTM_run' depends on axioms: [propext, Classical.choice, Quot.sound]
'Turing.embedEmitRetTM_run' depends on axioms: [propext, Quot.sound]
'Turing.embedSilentRetTM_visitedByTapeHead' depends on axioms: [propext, Classical.choice, Quot.sound]
'Turing.embedEmitRetTM_visitedByTapeHead' depends on axioms: [propext, Classical.choice, Quot.sound]
'Turing.seamCompTM_run' depends on axioms: [propext, Quot.sound]
'Turing.seamCompTM_firstReturn' depends on axioms: [propext, Quot.sound]
'Turing.seamCompTM_visitedByTapeHead' depends on axioms: [propext, Classical.choice, Quot.sound]
'Turing.seamCompTM_spaceUsedByTape_le_add' depends on axioms: [propext, Classical.choice, Quot.sound]
'Turing.seamCompTM_spaceUsed_le_add' depends on axioms: [propext, Classical.choice, Quot.sound]
'Turing.seamCompTM_spaceUsedByTape_le_max' depends on axioms: [propext, Classical.choice, Quot.sound]
'Turing.seamCompTM_run_ofCfg' depends on axioms: [propext, Quot.sound]
'Turing.seamCompTM_firstReturn_ofCfg' depends on axioms: [propext, Quot.sound]
'Turing.seamCompTM_visitedByTapeHead_ofCfg' depends on axioms: [propext, Classical.choice, Quot.sound]
'Turing.seamReleaseTM_firstReturn' depends on axioms: [propext, Classical.choice, Quot.sound]
'Turing.seamReleaseTM_visitedByTapeHead' depends on axioms: [propext, Classical.choice, Quot.sound]
'Turing.transferTM_run' depends on axioms: [propext, Classical.choice, Quot.sound]
'Turing.transferTM_spaceUsedByTape' depends on axioms: [propext, Classical.choice, Quot.sound]
'Turing.copyTM_run' depends on axioms: [propext, Classical.choice, Quot.sound]
'Turing.copyTM_spaceUsedByTape' depends on axioms: [propext, Classical.choice, Quot.sound]
'Turing.clearTM_run' depends on axioms: [propext, Classical.choice, Quot.sound]
'Turing.clearTM_spaceUsedByTape' depends on axioms: [propext, Classical.choice, Quot.sound]
'Turing.compareTM_run' depends on axioms: [propext, Classical.choice, Quot.sound]
'Turing.compareTM_spaceUsedByTape' depends on axioms: [propext, Classical.choice, Quot.sound]
'Turing.incrementTM_run_succ' depends on axioms: [propext, Classical.choice, Quot.sound]
'Turing.incrementTM_run_overflow' depends on axioms: [propext, Classical.choice, Quot.sound]
'Turing.incrementTM_spaceUsedByTape' depends on axioms: [propext, Classical.choice, Quot.sound]
'Turing.capture_visitedByTapeHead' depends on axioms: [propext, Classical.choice, Quot.sound]
'Turing.FinTM.redirectTM_spaceUsedByTape' depends on axioms: [propext, Classical.choice, Quot.sound]
