SEC12 GATE SWEEP at commit 7fbac9bdff79aee148b916e077ad93b6ce4693f9 (7fbac9bd), branch complexity/arora-barak-ch3-4, started 2026-10-08 15:28:07; working tree clean of tracked changes: yes
== TCSlib/Complexity/TuringMachine/Build/Embed
TCSlib/Complexity/TuringMachine/Build/Embed.lean:224:8: warning: declaration uses 'sorry'
TCSlib/Complexity/TuringMachine/Build/Embed.lean:244:8: warning: declaration uses 'sorry'
TCSlib/Complexity/TuringMachine/Build/Embed.lean:274:8: warning: declaration uses 'sorry'
TCSlib/Complexity/TuringMachine/Build/Embed.lean:295:8: warning: declaration uses 'sorry'
TCSlib/Complexity/TuringMachine/Build/Embed.lean:319:8: warning: declaration uses 'sorry'
TCSlib/Complexity/TuringMachine/Build/Embed.lean:338:8: warning: declaration uses 'sorry'
TCSlib/Complexity/TuringMachine/Build/Embed.lean:353:8: warning: declaration uses 'sorry'
TCSlib/Complexity/TuringMachine/Build/Embed.lean:376:8: warning: declaration uses 'sorry'
TCSlib/Complexity/TuringMachine/Build/Embed.lean:395:8: warning: declaration uses 'sorry'
== TCSlib/Complexity/TuringMachine/Build/Seam
TCSlib/Complexity/TuringMachine/Build/Seam.lean:136:8: warning: declaration uses 'sorry'
TCSlib/Complexity/TuringMachine/Build/Seam.lean:164:8: warning: declaration uses 'sorry'
TCSlib/Complexity/TuringMachine/Build/Seam.lean:198:8: warning: declaration uses 'sorry'
TCSlib/Complexity/TuringMachine/Build/Seam.lean:220:8: warning: declaration uses 'sorry'
TCSlib/Complexity/TuringMachine/Build/Seam.lean:242:8: warning: declaration uses 'sorry'
TCSlib/Complexity/TuringMachine/Build/Seam.lean:273:8: warning: declaration uses 'sorry'
== TCSlib/Complexity/TuringMachine/Build/Catalog
TCSlib/Complexity/TuringMachine/Build/Catalog.lean:298:8: warning: declaration uses 'sorry'
TCSlib/Complexity/TuringMachine/Build/Catalog.lean:320:8: warning: declaration uses 'sorry'
TCSlib/Complexity/TuringMachine/Build/Catalog.lean:342:8: warning: declaration uses 'sorry'
TCSlib/Complexity/TuringMachine/Build/Catalog.lean:361:8: warning: declaration uses 'sorry'
TCSlib/Complexity/TuringMachine/Build/Catalog.lean:384:8: warning: declaration uses 'sorry'
TCSlib/Complexity/TuringMachine/Build/Catalog.lean:401:8: warning: declaration uses 'sorry'
TCSlib/Complexity/TuringMachine/Build/Catalog.lean:425:8: warning: declaration uses 'sorry'
TCSlib/Complexity/TuringMachine/Build/Catalog.lean:446:8: warning: declaration uses 'sorry'
TCSlib/Complexity/TuringMachine/Build/Catalog.lean:472:8: warning: declaration uses 'sorry'
TCSlib/Complexity/TuringMachine/Build/Catalog.lean:494:8: warning: declaration uses 'sorry'
TCSlib/Complexity/TuringMachine/Build/Catalog.lean:513:8: warning: declaration uses 'sorry'
TCSlib/Complexity/TuringMachine/Build/Catalog.lean:535:8: warning: declaration uses 'sorry'
TCSlib/Complexity/TuringMachine/Build/Catalog.lean:564:8: warning: declaration uses 'sorry'
TCSlib/Complexity/TuringMachine/Build/Catalog.lean:577:8: warning: declaration uses 'sorry'
TCSlib/Complexity/TuringMachine/Build/Catalog.lean:593:8: warning: declaration uses 'sorry'
TCSlib/Complexity/TuringMachine/Build/Catalog.lean:610:8: warning: declaration uses 'sorry'
TCSlib/Complexity/TuringMachine/Build/Catalog.lean:627:8: warning: declaration uses 'sorry'
TCSlib/Complexity/TuringMachine/Build/Catalog.lean:651:8: warning: declaration uses 'sorry'
TCSlib/Complexity/TuringMachine/Build/Catalog.lean:667:8: warning: declaration uses 'sorry'
TCSlib/Complexity/TuringMachine/Build/Catalog.lean:684:8: warning: declaration uses 'sorry'
TCSlib/Complexity/TuringMachine/Build/Catalog.lean:699:8: warning: declaration uses 'sorry'
TCSlib/Complexity/TuringMachine/Build/Catalog.lean:714:8: warning: declaration uses 'sorry'
TCSlib/Complexity/TuringMachine/Build/Catalog.lean:729:8: warning: declaration uses 'sorry'
TCSlib/Complexity/TuringMachine/Build/Catalog.lean:747:8: warning: declaration uses 'sorry'
TCSlib/Complexity/TuringMachine/Build/Catalog.lean:765:8: warning: declaration uses 'sorry'
TCSlib/Complexity/TuringMachine/Build/Catalog.lean:787:8: warning: declaration uses 'sorry'
TCSlib/Complexity/TuringMachine/Build/Catalog.lean:809:8: warning: declaration uses 'sorry'
TCSlib/Complexity/TuringMachine/Build/Catalog.lean:831:8: warning: declaration uses 'sorry'
TCSlib/Complexity/TuringMachine/Build/Catalog.lean:860:8: warning: declaration uses 'sorry'
TCSlib/Complexity/TuringMachine/Build/Catalog.lean:881:8: warning: declaration uses 'sorry'
TCSlib/Complexity/TuringMachine/Build/Catalog.lean:901:8: warning: declaration uses 'sorry'
TCSlib/Complexity/TuringMachine/Build/Catalog.lean:941:8: warning: declaration uses 'sorry'
SEC12_SWEEP_DONE
