'Turing.FinTM.computesFunInTime_id_spaceUsed' depends on axioms: [propext, Classical.choice, Quot.sound]
'Turing.FinTM.computesFunInTime_const_spaceUsed' depends on axioms: [propext, Classical.choice, Quot.sound]
'Turing.FinTM.computesFunInTime_prepend_spaceUsed' depends on axioms: [propext, Classical.choice, Quot.sound]
'Turing.FinTM.computesFunInTime_lengthBits_spaceUsed' depends on axioms: [propext, Classical.choice, Quot.sound]
'Turing.FinTM.computesFunInTime_polyUnary_spaceUsed' depends on axioms: [propext, Classical.choice, Quot.sound]
'Turing.FinTM.computesFunInTime_polyBits_spaceUsed' depends on axioms: [propext, Classical.choice, Quot.sound]
'Turing.FinTM.computesFunInTime_pairEncodeFixed_spaceUsed' depends on axioms: [propext, Classical.choice, Quot.sound]
'Turing.FinTM.computesFunInTime_pairFst_spaceUsed' depends on axioms: [propext, Classical.choice, Quot.sound]
'Turing.FinTM.computesFunInTime_pairSnd_spaceUsed' depends on axioms: [propext, Classical.choice, Quot.sound]
'Turing.FinTM.computesFunInTime_pairValid_spaceUsed' depends on axioms: [propext, Classical.choice, Quot.sound]
'Turing.FinTM.computesFunInTime_pairConcat_spaceUsed' depends on axioms: [propext, Classical.choice, Quot.sound]
'Turing.FinTM.computesFunInTime_pairDup_spaceUsed' depends on axioms: [propext, Classical.choice, Quot.sound]
'Turing.FinTM.computesFunInTime_pairLenCheck_spaceUsed' depends on axioms: [propext, Classical.choice, Quot.sound]
'Turing.FinTM.computesFunInTime_stripLast_spaceUsed' depends on axioms: [propext, Classical.choice, Quot.sound]
'Turing.FinTM.computesFunInTime_incFixed_spaceUsed' depends on axioms: [propext, Classical.choice, Quot.sound]
'Turing.FinTM.computesFunInTime_pairMapSnd_spaceUsed' depends on axioms: [propext,
 sorryAx,
 Classical.choice,
 Quot.sound]
'Turing.FinTM.computesFunInTime_splitSolve_spaceUsed' depends on axioms: [propext, Classical.choice, Quot.sound]
'Turing.FinTM.redirectTM_spaceUsedByTape' depends on axioms: [propext, Classical.choice, Quot.sound]
'Turing.FinTM.computesFunInTime_cond_spaceUsed' depends on axioms: [propext, Classical.choice, Quot.sound]
'Turing.FinTM.exists_loopTM_spaceUsed' depends on axioms: [propext, sorryAx, Classical.choice, Quot.sound]
