'Turing.Action.mapWorkSymbols' depends on axioms: [Quot.sound]
'Turing.Cfg.mapWorkSymbols' depends on axioms: [Quot.sound]
'Turing.MultiTapeTM.mapWorkSymbols' depends on axioms: [Quot.sound]
'Turing.MultiTapeTM.mapWorkSymbols_runFrom' depends on axioms: [propext, Quot.sound]
'Turing.decFixed' does not depend on any axioms
'Turing.decrementTM' depends on axioms: [Quot.sound]
'Turing.decrementTM_run_succ_ofCfg' depends on axioms: [propext, Classical.choice, Quot.sound]
'Turing.decrementTM_run_underflow_ofCfg' depends on axioms: [propext, Classical.choice, Quot.sound]
'Turing.counterWord' does not depend on any axioms
'Turing.counterOverhead' depends on axioms: [propext, Classical.choice, Quot.sound]
'Turing.counterWord_length' depends on axioms: [propext, Classical.choice, Quot.sound]
'Turing.counterWord_value' depends on axioms: [propext, Classical.choice, Quot.sound]
'Turing.counterOverhead_le_of_le' depends on axioms: [propext, Classical.choice, Quot.sound]
'Turing.counterOverhead_le' depends on axioms: [propext, Classical.choice, Quot.sound]
'Turing.CounterLoopState' does not depend on any axioms
'Turing.counterLoopStateFintype' depends on axioms: [propext, Classical.choice, Quot.sound]
'Turing.counterLoopRedirect' does not depend on any axioms
'Turing.counterLoopDecExit' does not depend on any axioms
'Turing.counterLoopTM' depends on axioms: [Quot.sound]
'Turing.counterLoopCfg' does not depend on any axioms
'Turing.counterLoopOrbit' depends on axioms: [propext, Quot.sound]
'Turing.counterLoopTM_run_done' depends on axioms: [propext, Classical.choice, Quot.sound]
'Turing.counterLoopTM_run_escape' depends on axioms: [propext, Classical.choice, Quot.sound]
'Turing.counterLoop_time_le' depends on axioms: [propext, Classical.choice, Quot.sound]
