public before/after: 44 44 private before/after: 384 384
public added: []
public removed: []
authorized body change: clearTM_run
authorized body change: clearTM_run_ofCfg
authorized body change: clearTM_spaceUsedByTape
authorized body change: copyTM_run
authorized body change: copyTM_run_ofCfg
authorized body change: copyTM_spaceUsedByTape
authorized body change: incrementTM_run_overflow
authorized body change: incrementTM_run_overflow_ofCfg
authorized body change: incrementTM_run_succ
authorized body change: incrementTM_run_succ_ofCfg
authorized body change: incrementTM_spaceUsedByTape
authorized body change: transferTM_run
authorized body change: transferTM_run_ofCfg
authorized body change: transferTM_spaceUsedByTape
private removed: ['catalog_erase_take']
private added: ['catalogTape']
private changed: ['catalogClearF', 'catalogClearR', 'catalogCopyF', 'catalogCopyR', 'catalogIncF', 'catalogIncR', 'catalogTransferR', 'catalog_clear_trace', 'catalog_copy_forward', 'catalog_copy_trace', 'catalog_increment_trace', 'catalog_transfer_trace', 'catalog_write_middle', 'catalog_write_take']
