WARN  TCSlib/Complexity/TuringMachine/Build/Catalog.lean                  11263 lines > 1000: policy requires a split or a recorded justification (escalation/decision log)
WARN  TCSlib/Complexity/TuringMachine/Build/CounterLoop.lean              1205 lines > 1000: policy requires a split or a recorded justification (escalation/decision log)
WARN  TCSlib/Complexity/TuringMachine/Build/Embed.lean                    1023 lines > 1000: policy requires a split or a recorded justification (escalation/decision log)
WARN  TCSlib/Complexity/TuringMachine/Build/Loop.lean                     5472 lines > 1000: policy requires a split or a recorded justification (escalation/decision log)
WARN  TCSlib/Complexity/TuringMachine/Build/Primitives.lean               6309 lines > 1000: policy requires a split or a recorded justification (escalation/decision log)
WARN  TCSlib/Complexity/TuringMachine/Build/Zone.lean                     1191 lines > 1000: policy requires a split or a recorded justification (escalation/decision log)
WARN  TCSlib/Complexity/TuringMachine/MathlibBridge.lean                  1129 lines > 1000: policy requires a split or a recorded justification (escalation/decision log)
WARN  TCSlib/Complexity/TuringMachine/Robustness/Oblivious.lean           1147 lines > 1000: policy requires a split or a recorded justification (escalation/decision log)
WARN  TCSlib/Complexity/TuringMachine/Robustness/ObliviousCandidate.lean  1127 lines > 1000: policy requires a split or a recorded justification (escalation/decision log)
WARN  TCSlib/Complexity/TuringMachine/Robustness/ObliviousSetup.lean      1102 lines > 1000: policy requires a split or a recorded justification (escalation/decision log)
WARN  TCSlib/Complexity/TuringMachine/Robustness/SingleTape.lean          2319 lines > 1000: policy requires a split or a recorded justification (escalation/decision log)
WARN  TCSlib/Complexity/TuringMachine/Simulation.lean                     1014 lines > 1000: policy requires a split or a recorded justification (escalation/decision log)
WARN  TCSlib/Complexity/TuringMachine/Universal.lean                      2884 lines > 1000: policy requires a split or a recorded justification (escalation/decision log)
WARN  TCSlib/Complexity/TuringMachine/UniversalInterpreter.lean           1027 lines > 1000: policy requires a split or a recorded justification (escalation/decision log)
INFO  TCSlib/Complexity/TuringMachine/Build/Catalog.lean                  11263 lines; 44 public / 384 private declarations
INFO  TCSlib/Complexity/TuringMachine/Build/Convention.lean               157 lines; 8 public / 0 private declarations
INFO  TCSlib/Complexity/TuringMachine/Build/CounterLoop.lean              1205 lines; 24 public / 25 private declarations
INFO  TCSlib/Complexity/TuringMachine/Build/Embed.lean                    1023 lines; 24 public / 16 private declarations
INFO  TCSlib/Complexity/TuringMachine/Build/EmitIterBody.lean             909 lines > target 600
INFO  TCSlib/Complexity/TuringMachine/Build/EmitIterBody.lean             909 lines; 1 public / 18 private declarations
INFO  TCSlib/Complexity/TuringMachine/Build/EmitIterEmbed.lean            326 lines; 18 public / 0 private declarations
INFO  TCSlib/Complexity/TuringMachine/Build/Loop.lean                     5472 lines; 8 public / 190 private declarations
INFO  TCSlib/Complexity/TuringMachine/Build/Primitives.lean               6309 lines; 18 public / 241 private declarations
INFO  TCSlib/Complexity/TuringMachine/Build/Seam.lean                     693 lines > target 600
INFO  TCSlib/Complexity/TuringMachine/Build/Seam.lean                     693 lines; 13 public / 13 private declarations
INFO  TCSlib/Complexity/TuringMachine/Build/VirtualInput.lean             508 lines; 16 public / 1 private declarations
INFO  TCSlib/Complexity/TuringMachine/Build/Wrappers.lean                 739 lines > target 600
INFO  TCSlib/Complexity/TuringMachine/Build/Wrappers.lean                 739 lines; 10 public / 19 private declarations
INFO  TCSlib/Complexity/TuringMachine/Build/Zone.lean                     1191 lines; 38 public / 16 private declarations
INFO  TCSlib/Complexity/TuringMachine/CodeParser.lean                     811 lines > target 600
INFO  TCSlib/Complexity/TuringMachine/CodeParser.lean                     811 lines; 46 public / 16 private declarations
INFO  TCSlib/Complexity/TuringMachine/Codes2Tape.lean                     862 lines > target 600
INFO  TCSlib/Complexity/TuringMachine/Codes2Tape.lean                     862 lines; 9 public / 40 private declarations
INFO  TCSlib/Complexity/TuringMachine/Composition.lean                    685 lines > target 600
INFO  TCSlib/Complexity/TuringMachine/Composition.lean                    685 lines; 8 public / 11 private declarations
INFO  TCSlib/Complexity/TuringMachine/Configuration.lean                  224 lines; 18 public / 0 private declarations
INFO  TCSlib/Complexity/TuringMachine/CounterProg.lean                    562 lines; 28 public / 0 private declarations
INFO  TCSlib/Complexity/TuringMachine/CounterProgInput.lean               93 lines; 5 public / 0 private declarations
INFO  TCSlib/Complexity/TuringMachine/CounterProgRun.lean                 433 lines; 35 public / 0 private declarations
INFO  TCSlib/Complexity/TuringMachine/Deterministic.lean                  430 lines; 34 public / 0 private declarations
INFO  TCSlib/Complexity/TuringMachine/Encoding.lean                       606 lines > target 600
INFO  TCSlib/Complexity/TuringMachine/Encoding.lean                       606 lines; 30 public / 10 private declarations
INFO  TCSlib/Complexity/TuringMachine/Finite.lean                         276 lines; 14 public / 0 private declarations
INFO  TCSlib/Complexity/TuringMachine/MathlibBridge.lean                  1129 lines; 15 public / 62 private declarations
INFO  TCSlib/Complexity/TuringMachine/NDCodes.lean                        190 lines; 9 public / 0 private declarations
INFO  TCSlib/Complexity/TuringMachine/Nondeterministic.lean               248 lines; 16 public / 0 private declarations
INFO  TCSlib/Complexity/TuringMachine/NondeterministicSpace.lean          112 lines; 5 public / 0 private declarations
INFO  TCSlib/Complexity/TuringMachine/Oracle.lean                         517 lines; 29 public / 2 private declarations
INFO  TCSlib/Complexity/TuringMachine/OracleAgreement.lean                247 lines; 9 public / 0 private declarations
INFO  TCSlib/Complexity/TuringMachine/OracleFinite.lean                   131 lines; 5 public / 0 private declarations
INFO  TCSlib/Complexity/TuringMachine/OracleNondeterministic.lean         290 lines; 20 public / 0 private declarations
INFO  TCSlib/Complexity/TuringMachine/Robustness/AlphabetReduction.lean   884 lines > target 600
INFO  TCSlib/Complexity/TuringMachine/Robustness/AlphabetReduction.lean   884 lines; 2 public / 60 private declarations
INFO  TCSlib/Complexity/TuringMachine/Robustness/Bidirectional.lean       464 lines; 2 public / 37 private declarations
INFO  TCSlib/Complexity/TuringMachine/Robustness/Oblivious.lean           1147 lines; 1 public / 38 private declarations
INFO  TCSlib/Complexity/TuringMachine/Robustness/ObliviousCandidate.lean  1127 lines; 47 public / 42 private declarations
INFO  TCSlib/Complexity/TuringMachine/Robustness/ObliviousLedger.lean     219 lines; 4 public / 2 private declarations
INFO  TCSlib/Complexity/TuringMachine/Robustness/ObliviousSchedule.lean   688 lines > target 600
INFO  TCSlib/Complexity/TuringMachine/Robustness/ObliviousSchedule.lean   688 lines; 19 public / 20 private declarations
INFO  TCSlib/Complexity/TuringMachine/Robustness/ObliviousSetup.lean      1102 lines; 8 public / 59 private declarations
INFO  TCSlib/Complexity/TuringMachine/Robustness/SingleTape.lean          2319 lines; 4 public / 96 private declarations
INFO  TCSlib/Complexity/TuringMachine/Simulation.lean                     1014 lines; 52 public / 0 private declarations
INFO  TCSlib/Complexity/TuringMachine/StateRenaming.lean                  124 lines; 6 public / 0 private declarations
INFO  TCSlib/Complexity/TuringMachine/Sweep.lean                          392 lines; 22 public / 0 private declarations
INFO  TCSlib/Complexity/TuringMachine/UnaryTape.lean                      84 lines; 8 public / 0 private declarations
INFO  TCSlib/Complexity/TuringMachine/Universal.lean                      2884 lines; 4 public / 129 private declarations
INFO  TCSlib/Complexity/TuringMachine/UniversalBlock.lean                 794 lines > target 600
INFO  TCSlib/Complexity/TuringMachine/UniversalBlock.lean                 794 lines; 6 public / 17 private declarations
INFO  TCSlib/Complexity/TuringMachine/UniversalInterpreter.lean           1027 lines; 37 public / 13 private declarations
INFO  TCSlib/Complexity/TuringMachine/UniversalStartup.lean               591 lines; 10 public / 21 private declarations

style_lint: 0 FAIL, 14 WARN over 46 files
WARN  TCSlib/Complexity/TuringMachine/Build/Catalog.lean        11263 lines > 1000: policy requires a split or a recorded justification (escalation/decision log)
WARN  TCSlib/Complexity/TuringMachine/Build/CounterLoop.lean    1205 lines > 1000: policy requires a split or a recorded justification (escalation/decision log)
WARN  TCSlib/Complexity/TuringMachine/Build/Embed.lean          1023 lines > 1000: policy requires a split or a recorded justification (escalation/decision log)
WARN  TCSlib/Complexity/TuringMachine/Build/Loop.lean           5472 lines > 1000: policy requires a split or a recorded justification (escalation/decision log)
WARN  TCSlib/Complexity/TuringMachine/Build/Primitives.lean     6309 lines > 1000: policy requires a split or a recorded justification (escalation/decision log)
WARN  TCSlib/Complexity/TuringMachine/Build/Zone.lean           1191 lines > 1000: policy requires a split or a recorded justification (escalation/decision log)
INFO  TCSlib/Complexity/TuringMachine/Build/Catalog.lean        11263 lines; 44 public / 384 private declarations
INFO  TCSlib/Complexity/TuringMachine/Build/Convention.lean     157 lines; 8 public / 0 private declarations
INFO  TCSlib/Complexity/TuringMachine/Build/CounterLoop.lean    1205 lines; 24 public / 25 private declarations
INFO  TCSlib/Complexity/TuringMachine/Build/Embed.lean          1023 lines; 24 public / 16 private declarations
INFO  TCSlib/Complexity/TuringMachine/Build/EmitIterBody.lean   909 lines > target 600
INFO  TCSlib/Complexity/TuringMachine/Build/EmitIterBody.lean   909 lines; 1 public / 18 private declarations
INFO  TCSlib/Complexity/TuringMachine/Build/EmitIterEmbed.lean  326 lines; 18 public / 0 private declarations
INFO  TCSlib/Complexity/TuringMachine/Build/Loop.lean           5472 lines; 8 public / 190 private declarations
INFO  TCSlib/Complexity/TuringMachine/Build/Primitives.lean     6309 lines; 18 public / 241 private declarations
INFO  TCSlib/Complexity/TuringMachine/Build/Seam.lean           693 lines > target 600
INFO  TCSlib/Complexity/TuringMachine/Build/Seam.lean           693 lines; 13 public / 13 private declarations
INFO  TCSlib/Complexity/TuringMachine/Build/VirtualInput.lean   508 lines; 16 public / 1 private declarations
INFO  TCSlib/Complexity/TuringMachine/Build/Wrappers.lean       739 lines > target 600
INFO  TCSlib/Complexity/TuringMachine/Build/Wrappers.lean       739 lines; 10 public / 19 private declarations
INFO  TCSlib/Complexity/TuringMachine/Build/Zone.lean           1191 lines; 38 public / 16 private declarations

style_lint: 0 FAIL, 6 WARN over 12 files
