# G1 integration replay at ef96bea0 on side branch s13d/g1: 265 modules (74 prerequisites + 191 downstream), fresh .oleans in a separate tree
TCSlib/Complexity/CircuitComplexity/Basic exit=0 errors=0 sorry=0
TCSlib/Complexity/CircuitComplexity/Formulas exit=0 errors=0 sorry=0
TCSlib/Complexity/CircuitComplexity/LayeredCircuit exit=0 errors=0 sorry=0
TCSlib/Complexity/CircuitComplexity/DAGCircuit exit=0 errors=0 sorry=0
TCSlib/Complexity/CircuitComplexity/PPoly exit=0 errors=0 sorry=0
TCSlib/Complexity/CircuitComplexity/TreeDAG exit=0 errors=0 sorry=0
TCSlib/Complexity/CircuitComplexity/DAGTransform exit=0 errors=0 sorry=0
TCSlib/Complexity/CircuitComplexity/DAGFanin exit=0 errors=0 sorry=0
TCSlib/Complexity/CircuitComplexity/TreeNCAC exit=0 errors=0 sorry=0
TCSlib/Complexity/CircuitComplexity/NCAC exit=0 errors=0 sorry=0
TCSlib/Complexity/CircuitComplexity/LayeredPPoly exit=0 errors=0 sorry=0
TCSlib/Complexity/CircuitComplexity/LayeredDAG exit=0 errors=0 sorry=0
TCSlib/Complexity/NPReductions/SATTo3SAT exit=0 errors=0 sorry=0
TCSlib/Complexity/CircuitComplexity/CircuitSat exit=0 errors=0 sorry=0
TCSlib/Complexity/CircuitComplexity/UnaryCode exit=0 errors=0 sorry=0
TCSlib/Complexity/CircuitComplexity/Encoding exit=0 errors=0 sorry=0
TCSlib/Complexity/CircuitComplexity/Universal exit=0 errors=0 sorry=0
TCSlib/Complexity/CircuitComplexity/HardFunctions exit=0 errors=0 sorry=0
TCSlib/Complexity/CircuitComplexity/Parity exit=0 errors=0 sorry=0
TCSlib/Complexity/CircuitComplexity/Hierarchy exit=0 errors=0 sorry=0
TCSlib/Complexity/CircuitComplexity/SizeClasses exit=0 errors=0 sorry=0
TCSlib/Complexity/CircuitComplexity/UnaryLanguages exit=0 errors=0 sorry=0
TCSlib/Complexity/CircuitComplexity/UHalt exit=0 errors=0 sorry=0
TCSlib/Complexity/CircuitComplexity/StraightLine exit=0 errors=0 sorry=0
TCSlib/Complexity/CircuitComplexity/StraightLineDualRail exit=0 errors=0 sorry=0
TCSlib/Complexity/SpaceComplexity/Machines/Bin exit=0 errors=0 sorry=0
TCSlib/Complexity/CircuitComplexity/Adder exit=0 errors=0 sorry=0
TCSlib/Complexity/CircuitComplexity/AdderLanguage exit=0 errors=0 sorry=0
TCSlib/Complexity/CircuitComplexity/DAGHardFunctions exit=0 errors=0 sorry=0
TCSlib/Complexity/CircuitComplexity/HardWire exit=0 errors=0 sorry=0
TCSlib/Complexity/TuringMachine/Configuration exit=0 errors=0 sorry=0
TCSlib/Complexity/TuringMachine/Deterministic exit=0 errors=0 sorry=0
TCSlib/Complexity/TuringMachine/StateRenaming exit=0 errors=0 sorry=0
TCSlib/Complexity/TuringMachine/Finite exit=0 errors=0 sorry=0
TCSlib/Complexity/TuringMachine/Simulation exit=0 errors=0 sorry=0
TCSlib/Complexity/TuringMachine/Robustness/AlphabetReduction exit=0 errors=0 sorry=0
TCSlib/Complexity/TuringMachine/Sweep exit=0 errors=0 sorry=0
TCSlib/Complexity/TuringMachine/Robustness/SingleTape exit=0 errors=0 sorry=0
TCSlib/Complexity/TuringMachine/Encoding exit=0 errors=0 sorry=0
TCSlib/Complexity/CircuitComplexity/PairEncode exit=0 errors=0 sorry=0
TCSlib/Complexity/ClassP/DTIME exit=0 errors=0 sorry=0
TCSlib/Complexity/ClassP/P exit=0 errors=0 sorry=0
TCSlib/Complexity/ClassP/TimeConstructible exit=0 errors=0 sorry=0
TCSlib/Complexity/TuringMachine/Build/Convention exit=0 errors=0 sorry=0
TCSlib/Complexity/TuringMachine/Composition exit=0 errors=0 sorry=0
TCSlib/Complexity/TuringMachine/Build/Wrappers exit=0 errors=0 sorry=0
TCSlib/Complexity/TuringMachine/Build/Embed exit=0 errors=0 sorry=0
TCSlib/Complexity/TuringMachine/Build/Loop exit=0 errors=0 sorry=0
TCSlib/Complexity/TuringMachine/Build/Primitives exit=0 errors=0 sorry=0
TCSlib/Complexity/CircuitComplexity/Advice exit=0 errors=0 sorry=0
TCSlib/Complexity/ClassNP/PolyTime exit=0 errors=0 sorry=0
TCSlib/Complexity/CircuitComplexity/Uniform exit=0 errors=0 sorry=0
TCSlib/Complexity/Formulas/CNF exit=0 errors=0 sorry=0
TCSlib/Complexity/CircuitComplexity/DAGCircuitSat exit=0 errors=0 sorry=0
TCSlib/Complexity/Formulas/CNFEncoding exit=0 errors=0 sorry=0
TCSlib/Complexity/ClassNP/PolyTimePairing exit=0 errors=0 sorry=0
TCSlib/Complexity/ClassNP/NP exit=0 errors=0 sorry=0
TCSlib/Complexity/ClassNP/EXP exit=0 errors=0 sorry=0
TCSlib/Complexity/TuringMachine/UniversalStartup exit=0 errors=0 sorry=0
TCSlib/Complexity/TuringMachine/UniversalInterpreter exit=0 errors=0 sorry=0
TCSlib/Complexity/TuringMachine/UniversalBlock exit=0 errors=0 sorry=0
TCSlib/Complexity/TuringMachine/Universal exit=0 errors=0 sorry=0
TCSlib/Complexity/Uncomputability/Computable exit=0 errors=0 sorry=0
TCSlib/Complexity/Uncomputability/Diagonalization exit=0 errors=0 sorry=0
TCSlib/Complexity/Uncomputability/Halting exit=0 errors=0 sorry=0
TCSlib/Complexity/ClassNP/Reductions exit=0 errors=0 sorry=0
TCSlib/Complexity/ClassNP/SAT exit=0 errors=0 sorry=0
TCSlib/Complexity/CircuitComplexity/DAGCircuitSatLang exit=0 errors=0 sorry=0
TCSlib/Complexity/CircuitComplexity/CircuitEvalSpec exit=0 errors=0 sorry=0
TCSlib/Complexity/CircuitComplexity/CircuitEvalCorrect exit=0 errors=0 sorry=0
TCSlib/Complexity/CircuitComplexity/CircuitEvalMachine exit=0 errors=0 sorry=0
TCSlib/Complexity/CircuitComplexity/CircuitEvalRun exit=0 errors=0 sorry=0
TCSlib/Complexity/CircuitComplexity/CircuitEval exit=0 errors=0 sorry=0
TCSlib/Complexity/CircuitComplexity/CircuitEvalNP exit=0 errors=0 sorry=0
TCSlib/Complexity/CircuitComplexity/PUniformP exit=0 errors=0 sorry=0
TCSlib/Complexity/CircuitComplexity/PPolyAdvice exit=0 errors=0 sorry=0
TCSlib/Complexity/TuringMachine/CodeParser exit=0 errors=0 sorry=0
TCSlib/Complexity/TuringMachine/MathlibBridge exit=0 errors=0 sorry=0
TCSlib/Complexity/CircuitComplexity/UHaltMachine exit=0 errors=0 sorry=0
TCSlib/Complexity/CircuitComplexity/CircuitSatReductionSpec exit=0 errors=0 sorry=0
TCSlib/Complexity/TuringMachine/UnaryTape exit=0 errors=0 sorry=0
TCSlib/Complexity/CircuitComplexity/CircuitSatReductionMachineTapes exit=0 errors=0 sorry=0
TCSlib/Complexity/CircuitComplexity/CircuitSatReductionMachine exit=0 errors=0 sorry=0
TCSlib/Complexity/ClassNP/Transducer exit=0 errors=0 sorry=0
TCSlib/Complexity/CircuitComplexity/CircuitSatReductionValid exit=0 errors=0 sorry=0
TCSlib/Complexity/CircuitComplexity/CircuitSatReduction exit=0 errors=0 sorry=0
TCSlib/Complexity/CircuitComplexity/BookModelBasics exit=0 errors=0 sorry=0
TCSlib/Complexity/CircuitComplexity/LupanovGates exit=0 errors=0 sorry=0
TCSlib/Complexity/CircuitComplexity/Lupanov exit=0 errors=0 sorry=0
TCSlib/Complexity/CircuitComplexity/FanOut exit=0 errors=0 sorry=0
TCSlib/Complexity/CircuitComplexity/FormulaFanOut exit=0 errors=0 sorry=0
TCSlib/Complexity/CircuitComplexity/StrictCircuit exit=0 errors=0 sorry=0
TCSlib/Complexity/CircuitComplexity/StrictSize exit=0 errors=0 sorry=0
TCSlib/Complexity/CircuitComplexity/StrictFanOut exit=0 errors=0 sorry=0
TCSlib/Complexity/CircuitComplexity/SequentialCircuit exit=0 errors=0 sorry=0
TCSlib/Complexity/CircuitComplexity/ShannonProbabilistic exit=0 errors=0 sorry=0
TCSlib/Complexity/CircuitComplexity/StraightLineSmall exit=0 errors=0 sorry=0
TCSlib/Complexity/CircuitComplexity/PSubsetPPolyGadget exit=0 errors=0 sorry=0
TCSlib/Complexity/CircuitComplexity/KarpLiptonSearch exit=0 errors=0 sorry=0
TCSlib/Complexity/ClassNP/CoNP exit=0 errors=0 sorry=0
TCSlib/Complexity/TuringMachine/CounterProg exit=0 errors=0 sorry=0
TCSlib/Complexity/TuringMachine/CounterProgRun exit=0 errors=0 sorry=1
  SORRY TCSlib/Complexity/TuringMachine/CounterProgRun.lean:343:8: warning: declaration uses 'sorry'
TCSlib/Complexity/ClassNP/CounterProgPolyTime exit=0 errors=0 sorry=0
TCSlib/Complexity/TuringMachine/CounterProgInput exit=0 errors=0 sorry=0
TCSlib/Complexity/ClassNP/PolyTimePrefix exit=0 errors=0 sorry=0
TCSlib/Complexity/TuringMachine/Build/EmitIterEmbed exit=0 errors=0 sorry=0
TCSlib/Complexity/TuringMachine/Build/EmitIterBody exit=0 errors=0 sorry=0
TCSlib/Complexity/ClassNP/PolyTimeBlockLoop exit=0 errors=0 sorry=0
TCSlib/Complexity/ClassNP/PolyTimeBlockTests exit=0 errors=0 sorry=0
TCSlib/Complexity/ClassNP/PolyTimeBlockMajority exit=0 errors=0 sorry=0
TCSlib/Complexity/ClassNP/PClosure exit=0 errors=0 sorry=0
TCSlib/Complexity/PolyHierarchy/Padding exit=0 errors=0 sorry=0
TCSlib/Complexity/CircuitComplexity/KarpLiptonPrefix exit=0 errors=0 sorry=0
TCSlib/Complexity/PolyHierarchy/Defs exit=0 errors=0 sorry=0
TCSlib/Complexity/PolyHierarchy/Normalize exit=0 errors=0 sorry=0
TCSlib/Complexity/PolyHierarchy/Levels exit=0 errors=0 sorry=0
TCSlib/Complexity/PolyHierarchy/Collapse exit=0 errors=0 sorry=0
TCSlib/Complexity/CircuitComplexity/KarpLipton exit=0 errors=0 sorry=0
TCSlib/Complexity/CircuitComplexity/KarpLiptonSearchFamily exit=0 errors=0 sorry=0
TCSlib/Complexity/TuringMachine/Robustness/ObliviousSchedule exit=0 errors=0 sorry=0
TCSlib/Complexity/CookLevin/Snapshot exit=0 errors=0 sorry=0
TCSlib/Complexity/CircuitComplexity/PSubsetPPolyTableau exit=0 errors=0 sorry=0
TCSlib/Complexity/CircuitComplexity/PSubsetPPolyTableauCorrect exit=0 errors=0 sorry=0
TCSlib/Complexity/CircuitComplexity/PSubsetPPolyProgram exit=0 errors=0 sorry=0
TCSlib/Complexity/CircuitComplexity/PSubsetPPolyConfigStep exit=0 errors=0 sorry=0
TCSlib/Complexity/CircuitComplexity/PSubsetPPolyConfig exit=0 errors=0 sorry=0
TCSlib/Complexity/CircuitComplexity/PSubsetPPolyConfigCircuit exit=0 errors=0 sorry=0
TCSlib/Complexity/TuringMachine/Robustness/ObliviousCandidate exit=0 errors=0 sorry=0
TCSlib/Complexity/TuringMachine/Robustness/ObliviousSetup exit=0 errors=0 sorry=0
TCSlib/Complexity/TuringMachine/Robustness/ObliviousLedger exit=0 errors=0 sorry=0
TCSlib/Complexity/TuringMachine/Robustness/Oblivious exit=0 errors=0 sorry=0
TCSlib/Complexity/ClassNP/TMSAT exit=0 errors=0 sorry=0
TCSlib/Complexity/CircuitComplexity/PSubsetPPoly exit=0 errors=0 sorry=0
TCSlib/Complexity/CircuitComplexity/PAdviceSubsetPPoly exit=0 errors=0 sorry=0
TCSlib/Complexity/CircuitComplexity/UniformTableauCircuit exit=0 errors=0 sorry=0
TCSlib/Complexity/CircuitComplexity/UniformTableauSpec exit=0 errors=0 sorry=0
TCSlib/Complexity/CircuitComplexity/UniformTableauEmitter exit=0 errors=0 sorry=0
TCSlib/Complexity/CircuitComplexity/UniformTableauEmitterInstr exit=0 errors=0 sorry=0
TCSlib/Complexity/CircuitComplexity/UniformTableauEmitterLayer exit=0 errors=0 sorry=0
TCSlib/Complexity/CircuitComplexity/UniformTableauEmitterSteps exit=0 errors=0 sorry=0
TCSlib/Complexity/CircuitComplexity/UniformTableauEmitterMain exit=0 errors=0 sorry=0
TCSlib/Complexity/CircuitComplexity/UniformTableau exit=0 errors=0 sorry=0
TCSlib/Complexity/CircuitComplexity/CircuitSatNPHard exit=0 errors=0 sorry=0
TCSlib/Complexity/SpaceComplexity/Machines/Layout exit=0 errors=0 sorry=0
TCSlib/Complexity/SpaceComplexity/Machines/Program exit=0 errors=0 sorry=0
TCSlib/Complexity/SpaceComplexity/Machines/Sim exit=0 errors=0 sorry=0
TCSlib/Complexity/SpaceComplexity/Machines/CallReturn exit=0 errors=0 sorry=0
TCSlib/Complexity/SpaceComplexity/Machines/Call exit=0 errors=0 sorry=0
TCSlib/Complexity/SpaceComplexity/Machines/Compile exit=0 errors=0 sorry=0
TCSlib/Complexity/SpaceComplexity/Machines/Lib exit=0 errors=0 sorry=0
TCSlib/Complexity/SpaceComplexity/Basic exit=0 errors=0 sorry=0
TCSlib/Complexity/SpaceComplexity/ConfigCount exit=0 errors=0 sorry=0
TCSlib/Complexity/SpaceComplexity/Machines/CleanSweep exit=0 errors=0 sorry=0
TCSlib/Complexity/SpaceComplexity/Machines/Clean exit=0 errors=0 sorry=0
TCSlib/Complexity/SpaceComplexity/Machines/Bank exit=0 errors=0 sorry=0
TCSlib/Complexity/SpaceComplexity/ImplicitPoly exit=0 errors=0 sorry=0
TCSlib/Complexity/CircuitComplexity/LogspaceUniform exit=0 errors=0 sorry=0
TCSlib/Complexity/SpaceComplexity/Machines/FragDec exit=0 errors=0 sorry=0
TCSlib/Complexity/SpaceComplexity/Machines/Frag exit=0 errors=0 sorry=0
TCSlib/Complexity/SpaceComplexity/Machines/ParsePlain exit=0 errors=0 sorry=0
TCSlib/Complexity/SpaceComplexity/Machines/Parse exit=0 errors=0 sorry=0
TCSlib/Complexity/SpaceComplexity/Machines/Parse2 exit=0 errors=0 sorry=0
TCSlib/Complexity/SpaceComplexity/Machines/ParseCmp exit=0 errors=0 sorry=0
TCSlib/Complexity/SpaceComplexity/Machines/ARM exit=0 errors=0 sorry=0
TCSlib/Complexity/SpaceComplexity/Machines/ARMSim exit=0 errors=0 sorry=0
TCSlib/Complexity/SpaceComplexity/Machines/ARMRun exit=0 errors=0 sorry=0
TCSlib/Complexity/SpaceComplexity/Machines/ARMProof exit=0 errors=0 sorry=0
TCSlib/Complexity/SpaceComplexity/Machines/ARMKit exit=0 errors=0 sorry=0
TCSlib/Complexity/CircuitComplexity/LogspaceUniformAdjBasic exit=0 errors=0 sorry=0
TCSlib/Complexity/CircuitComplexity/LogspaceUniformScan exit=0 errors=0 sorry=0
TCSlib/Complexity/CircuitComplexity/LogspaceUniformWalk exit=0 errors=0 sorry=0
TCSlib/Complexity/CircuitComplexity/LogspaceUniformAdj exit=0 errors=0 sorry=0
TCSlib/Complexity/CircuitComplexity/LogspaceUniformCanon exit=0 errors=0 sorry=0
TCSlib/Complexity/SpaceComplexity/Machines/DblLang exit=0 errors=0 sorry=0
TCSlib/Complexity/SpaceComplexity/UnaryLogspace exit=0 errors=0 sorry=0
TCSlib/Complexity/SpaceComplexity/CounterProgSim exit=0 errors=0 sorry=0
TCSlib/Complexity/SpaceComplexity/CounterProgSimRun exit=0 errors=0 sorry=0
TCSlib/Complexity/CircuitComplexity/LogspaceTableauFront exit=0 errors=0 sorry=0
TCSlib/Complexity/CircuitComplexity/LogspaceTableau exit=0 errors=0 sorry=0
TCSlib/Complexity/CircuitComplexity/LogspaceUniformExample exit=0 errors=0 sorry=0
TCSlib/Complexity/TimeHierarchy/ClockMachine exit=0 errors=0 sorry=0
TCSlib/Complexity/CircuitComplexity/MeyerMachine exit=0 errors=0 sorry=0
TCSlib/Complexity/CircuitComplexity/MeyerMachineParse exit=0 errors=0 sorry=0
TCSlib/Complexity/CircuitComplexity/MeyerMachineSetup exit=0 errors=0 sorry=0
TCSlib/Complexity/TimeHierarchy/ClockLoop exit=0 errors=0 sorry=0
TCSlib/Complexity/CircuitComplexity/MeyerMachineRun exit=0 errors=0 sorry=0
TCSlib/Complexity/CircuitComplexity/MeyerMachineWalk exit=0 errors=0 sorry=0
TCSlib/Complexity/CircuitComplexity/MeyerTab exit=0 errors=0 sorry=0
TCSlib/Complexity/CircuitComplexity/MeyerTableau exit=0 errors=0 sorry=0
TCSlib/Complexity/CircuitComplexity/MeyerVerifierGlue exit=0 errors=0 sorry=0
TCSlib/Complexity/CircuitComplexity/MeyerVerifier exit=0 errors=0 sorry=0
TCSlib/Complexity/CircuitComplexity/MeyerSound exit=0 errors=0 sorry=0
TCSlib/Complexity/CircuitComplexity/MeyerSoundInput exit=0 errors=0 sorry=0
TCSlib/Complexity/CircuitComplexity/MeyerComplete exit=0 errors=0 sorry=0
TCSlib/Complexity/CircuitComplexity/MeyerSigma exit=0 errors=0 sorry=0
TCSlib/Complexity/ClassNP/ExpPoly exit=0 errors=0 sorry=0
TCSlib/Complexity/CircuitComplexity/MeyerSigmaEXP exit=0 errors=0 sorry=0
TCSlib/Complexity/TimeHierarchy/CodePrefix exit=0 errors=0 sorry=0
TCSlib/Complexity/TimeHierarchy/Diagonal exit=0 errors=0 sorry=0
TCSlib/Complexity/TimeHierarchy/Separation exit=0 errors=0 sorry=0
TCSlib/Complexity/CircuitComplexity/Meyer exit=0 errors=0 sorry=0
TCSlib/Complexity/CircuitComplexity exit=0 errors=0 sorry=0
TCSlib/Complexity/TuringMachine/Nondeterministic exit=0 errors=0 sorry=0
TCSlib/Complexity/ClassNP/NTIME exit=0 errors=0 sorry=0
TCSlib/Complexity/ClassNP/Nondeterminism exit=0 errors=0 sorry=0
TCSlib/Complexity/Formulas/DNF exit=0 errors=0 sorry=0
TCSlib/Complexity/TuringMachine/Build/Seam exit=0 errors=0 sorry=0
TCSlib/Complexity/CookLevin/Hardness exit=0 errors=0 sorry=0
TCSlib/Complexity/ClassNP/Tautology exit=0 errors=0 sorry=0
TCSlib/Complexity/ClassNP exit=0 errors=0 sorry=0
TCSlib/Complexity/TuringMachine/Oracle exit=0 errors=0 sorry=0
TCSlib/Complexity/TuringMachine/OracleFinite exit=0 errors=0 sorry=0
TCSlib/Complexity/TuringMachine/OracleNondeterministic exit=0 errors=0 sorry=1
  SORRY TCSlib/Complexity/TuringMachine/OracleNondeterministic.lean:278:8: warning: declaration uses 'sorry'
TCSlib/Complexity/ClassOracle/Classes exit=0 errors=0 sorry=6
  SORRY TCSlib/Complexity/ClassOracle/Classes.lean:110:8: warning: declaration uses 'sorry'
  SORRY TCSlib/Complexity/ClassOracle/Classes.lean:123:8: warning: declaration uses 'sorry'
  SORRY TCSlib/Complexity/ClassOracle/Classes.lean:144:8: warning: declaration uses 'sorry'
  SORRY TCSlib/Complexity/ClassOracle/Classes.lean:152:8: warning: declaration uses 'sorry'
  SORRY TCSlib/Complexity/ClassOracle/Classes.lean:162:8: warning: declaration uses 'sorry'
  SORRY TCSlib/Complexity/ClassOracle/Classes.lean:191:8: warning: declaration uses 'sorry'
TCSlib/Complexity/ClassOracle/SATOracle exit=0 errors=0 sorry=3
  SORRY TCSlib/Complexity/ClassOracle/SATOracle.lean:49:8: warning: declaration uses 'sorry'
  SORRY TCSlib/Complexity/ClassOracle/SATOracle.lean:57:8: warning: declaration uses 'sorry'
  SORRY TCSlib/Complexity/ClassOracle/SATOracle.lean:65:8: warning: declaration uses 'sorry'
TCSlib/Complexity/ClassOracle exit=0 errors=0 sorry=0
TCSlib/Complexity/ClassP/ModelInvariance exit=0 errors=0 sorry=0
TCSlib/Complexity/ClassP/Examples exit=0 errors=0 sorry=0
TCSlib/Complexity/ClassP exit=0 errors=0 sorry=0
TCSlib/Complexity/Formulas/QBF exit=0 errors=0 sorry=1
  SORRY TCSlib/Complexity/Formulas/QBF.lean:119:8: warning: declaration uses 'sorry'
TCSlib/Complexity/Formulas/QBFEncoding exit=0 errors=0 sorry=1
  SORRY TCSlib/Complexity/Formulas/QBFEncoding.lean:88:8: warning: declaration uses 'sorry'
TCSlib/Complexity/TuringMachine/NondeterministicSpace exit=0 errors=0 sorry=2
  SORRY TCSlib/Complexity/TuringMachine/NondeterministicSpace.lean:89:8: warning: declaration uses 'sorry'
  SORRY TCSlib/Complexity/TuringMachine/NondeterministicSpace.lean:107:8: warning: declaration uses 'sorry'
TCSlib/Complexity/SpaceComplexity/NSPACE exit=0 errors=0 sorry=2
  SORRY TCSlib/Complexity/SpaceComplexity/NSPACE.lean:103:8: warning: declaration uses 'sorry'
  SORRY TCSlib/Complexity/SpaceComplexity/NSPACE.lean:117:8: warning: declaration uses 'sorry'
TCSlib/Complexity/SpaceComplexity/SpaceClasses exit=0 errors=0 sorry=3
  SORRY TCSlib/Complexity/SpaceComplexity/SpaceClasses.lean:69:8: warning: declaration uses 'sorry'
  SORRY TCSlib/Complexity/SpaceComplexity/SpaceClasses.lean:76:8: warning: declaration uses 'sorry'
  SORRY TCSlib/Complexity/SpaceComplexity/SpaceClasses.lean:83:8: warning: declaration uses 'sorry'
TCSlib/Complexity/SpaceComplexity/Constructible exit=0 errors=0 sorry=2
  SORRY TCSlib/Complexity/SpaceComplexity/Constructible.lean:76:8: warning: declaration uses 'sorry'
  SORRY TCSlib/Complexity/SpaceComplexity/Constructible.lean:92:8: warning: declaration uses 'sorry'
TCSlib/Complexity/SpaceComplexity/ConfigGraph exit=0 errors=0 sorry=7
  SORRY TCSlib/Complexity/SpaceComplexity/ConfigGraph.lean:140:8: warning: declaration uses 'sorry'
  SORRY TCSlib/Complexity/SpaceComplexity/ConfigGraph.lean:156:8: warning: declaration uses 'sorry'
  SORRY TCSlib/Complexity/SpaceComplexity/ConfigGraph.lean:198:8: warning: declaration uses 'sorry'
  SORRY TCSlib/Complexity/SpaceComplexity/ConfigGraph.lean:220:8: warning: declaration uses 'sorry'
  SORRY TCSlib/Complexity/SpaceComplexity/ConfigGraph.lean:261:8: warning: declaration uses 'sorry'
  SORRY TCSlib/Complexity/SpaceComplexity/ConfigGraph.lean:281:8: warning: declaration uses 'sorry'
  SORRY TCSlib/Complexity/SpaceComplexity/ConfigGraph.lean:301:8: warning: declaration uses 'sorry'
TCSlib/Complexity/ClassPSPACE/TQBF exit=0 errors=0 sorry=5
  SORRY TCSlib/Complexity/ClassPSPACE/TQBF.lean:121:8: warning: declaration uses 'sorry'
  SORRY TCSlib/Complexity/ClassPSPACE/TQBF.lean:171:8: warning: declaration uses 'sorry'
  SORRY TCSlib/Complexity/ClassPSPACE/TQBF.lean:233:8: warning: declaration uses 'sorry'
  SORRY TCSlib/Complexity/ClassPSPACE/TQBF.lean:285:8: warning: declaration uses 'sorry'
  SORRY TCSlib/Complexity/ClassPSPACE/TQBF.lean:293:8: warning: declaration uses 'sorry'
TCSlib/Complexity/ClassPSPACE/Games exit=0 errors=0 sorry=1
  SORRY TCSlib/Complexity/ClassPSPACE/Games.lean:97:8: warning: declaration uses 'sorry'
TCSlib/Complexity/ClassPSPACE exit=0 errors=0 sorry=0
TCSlib/Complexity/CookLevin exit=0 errors=0 sorry=0
TCSlib/Complexity/TuringMachine/OracleAgreement exit=0 errors=0 sorry=7
  SORRY TCSlib/Complexity/TuringMachine/OracleAgreement.lean:109:8: warning: declaration uses 'sorry'
  SORRY TCSlib/Complexity/TuringMachine/OracleAgreement.lean:132:8: warning: declaration uses 'sorry'
  SORRY TCSlib/Complexity/TuringMachine/OracleAgreement.lean:146:8: warning: declaration uses 'sorry'
  SORRY TCSlib/Complexity/TuringMachine/OracleAgreement.lean:158:8: warning: declaration uses 'sorry'
  SORRY TCSlib/Complexity/TuringMachine/OracleAgreement.lean:199:8: warning: declaration uses 'sorry'
  SORRY TCSlib/Complexity/TuringMachine/OracleAgreement.lean:217:8: warning: declaration uses 'sorry'
  SORRY TCSlib/Complexity/TuringMachine/OracleAgreement.lean:240:8: warning: declaration uses 'sorry'
TCSlib/Complexity/Diagonalization/EXPCOM exit=0 errors=0 sorry=6
  SORRY TCSlib/Complexity/Diagonalization/EXPCOM.lean:145:8: warning: declaration uses 'sorry'
  SORRY TCSlib/Complexity/Diagonalization/EXPCOM.lean:201:8: warning: declaration uses 'sorry'
  SORRY TCSlib/Complexity/Diagonalization/EXPCOM.lean:254:8: warning: declaration uses 'sorry'
  SORRY TCSlib/Complexity/Diagonalization/EXPCOM.lean:262:8: warning: declaration uses 'sorry'
  SORRY TCSlib/Complexity/Diagonalization/EXPCOM.lean:270:8: warning: declaration uses 'sorry'
  SORRY TCSlib/Complexity/Diagonalization/EXPCOM.lean:279:8: warning: declaration uses 'sorry'
TCSlib/Complexity/Diagonalization/Relativization exit=0 errors=0 sorry=4
  SORRY TCSlib/Complexity/Diagonalization/Relativization.lean:110:8: warning: declaration uses 'sorry'
  SORRY TCSlib/Complexity/Diagonalization/Relativization.lean:153:8: warning: declaration uses 'sorry'
  SORRY TCSlib/Complexity/Diagonalization/Relativization.lean:214:8: warning: declaration uses 'sorry'
  SORRY TCSlib/Complexity/Diagonalization/Relativization.lean:227:8: warning: declaration uses 'sorry'
TCSlib/Complexity/Diagonalization/NotTimeConstructible exit=0 errors=0 sorry=1
  SORRY TCSlib/Complexity/Diagonalization/NotTimeConstructible.lean:89:8: warning: declaration uses 'sorry'
TCSlib/Complexity/TuringMachine/NDCodes exit=0 errors=0 sorry=1
  SORRY TCSlib/Complexity/TuringMachine/NDCodes.lean:187:8: warning: declaration uses 'sorry'
TCSlib/Complexity/Diagonalization/NTimeHierarchy exit=0 errors=0 sorry=6
  SORRY TCSlib/Complexity/Diagonalization/NTimeHierarchy.lean:121:8: warning: declaration uses 'sorry'
  SORRY TCSlib/Complexity/Diagonalization/NTimeHierarchy.lean:146:8: warning: declaration uses 'sorry'
  SORRY TCSlib/Complexity/Diagonalization/NTimeHierarchy.lean:191:8: warning: declaration uses 'sorry'
  SORRY TCSlib/Complexity/Diagonalization/NTimeHierarchy.lean:287:8: warning: declaration uses 'sorry'
  SORRY TCSlib/Complexity/Diagonalization/NTimeHierarchy.lean:301:8: warning: declaration uses 'sorry'
  SORRY TCSlib/Complexity/Diagonalization/NTimeHierarchy.lean:326:8: warning: declaration uses 'sorry'
TCSlib/Complexity/Diagonalization exit=0 errors=0 sorry=0
TCSlib/Complexity/Formulas exit=0 errors=0 sorry=0
TCSlib/Complexity/PolyHierarchy exit=0 errors=0 sorry=0
TCSlib/Complexity/Randomized/SchwartzZippel exit=0 errors=0 sorry=0
TCSlib/Complexity/Randomized/ErrorReduction exit=0 errors=0 sorry=0
TCSlib/Complexity/Randomized/Classes exit=0 errors=0 sorry=0
TCSlib/Complexity/Randomized/Adleman exit=0 errors=0 sorry=0
TCSlib/Complexity/Randomized/SipserGacs exit=0 errors=0 sorry=0
TCSlib/Complexity/Randomized/PolyTimeModel exit=0 errors=0 sorry=0
TCSlib/Complexity/Randomized exit=0 errors=0 sorry=0
TCSlib/Complexity/SpaceComplexity/Inclusions exit=0 errors=0 sorry=4
  SORRY TCSlib/Complexity/SpaceComplexity/Inclusions.lean:55:8: warning: declaration uses 'sorry'
  SORRY TCSlib/Complexity/SpaceComplexity/Inclusions.lean:63:8: warning: declaration uses 'sorry'
  SORRY TCSlib/Complexity/SpaceComplexity/Inclusions.lean:85:8: warning: declaration uses 'sorry'
  SORRY TCSlib/Complexity/SpaceComplexity/Inclusions.lean:94:8: warning: declaration uses 'sorry'
TCSlib/Complexity/SpaceComplexity/Examples exit=0 errors=0 sorry=1
  SORRY TCSlib/Complexity/SpaceComplexity/Examples.lean:62:8: warning: declaration uses 'sorry'
TCSlib/Complexity/SpaceComplexity/ZeroSpace exit=0 errors=0 sorry=11
  SORRY TCSlib/Complexity/SpaceComplexity/ZeroSpace.lean:67:8: warning: declaration uses 'sorry'
  SORRY TCSlib/Complexity/SpaceComplexity/ZeroSpace.lean:79:8: warning: declaration uses 'sorry'
  SORRY TCSlib/Complexity/SpaceComplexity/ZeroSpace.lean:101:8: warning: declaration uses 'sorry'
  SORRY TCSlib/Complexity/SpaceComplexity/ZeroSpace.lean:113:8: warning: declaration uses 'sorry'
  SORRY TCSlib/Complexity/SpaceComplexity/ZeroSpace.lean:122:8: warning: declaration uses 'sorry'
  SORRY TCSlib/Complexity/SpaceComplexity/ZeroSpace.lean:132:8: warning: declaration uses 'sorry'
  SORRY TCSlib/Complexity/SpaceComplexity/ZeroSpace.lean:151:8: warning: declaration uses 'sorry'
  SORRY TCSlib/Complexity/SpaceComplexity/ZeroSpace.lean:168:8: warning: declaration uses 'sorry'
  SORRY TCSlib/Complexity/SpaceComplexity/ZeroSpace.lean:185:8: warning: declaration uses 'sorry'
  SORRY TCSlib/Complexity/SpaceComplexity/ZeroSpace.lean:196:8: warning: declaration uses 'sorry'
  SORRY TCSlib/Complexity/SpaceComplexity/ZeroSpace.lean:212:8: warning: declaration uses 'sorry'
TCSlib/Complexity/SpaceComplexity/Savitch exit=0 errors=0 sorry=3
  SORRY TCSlib/Complexity/SpaceComplexity/Savitch.lean:77:8: warning: declaration uses 'sorry'
  SORRY TCSlib/Complexity/SpaceComplexity/Savitch.lean:110:8: warning: declaration uses 'sorry'
  SORRY TCSlib/Complexity/SpaceComplexity/Savitch.lean:128:8: warning: declaration uses 'sorry'
TCSlib/Complexity/SpaceComplexity/Hierarchy exit=0 errors=0 sorry=4
  SORRY TCSlib/Complexity/SpaceComplexity/Hierarchy.lean:110:8: warning: declaration uses 'sorry'
  SORRY TCSlib/Complexity/SpaceComplexity/Hierarchy.lean:184:8: warning: declaration uses 'sorry'
  SORRY TCSlib/Complexity/SpaceComplexity/Hierarchy.lean:201:8: warning: declaration uses 'sorry'
  SORRY TCSlib/Complexity/SpaceComplexity/Hierarchy.lean:231:8: warning: declaration uses 'sorry'
TCSlib/Complexity/SpaceComplexity/Logspace/Reductions exit=0 errors=0 sorry=5
  SORRY TCSlib/Complexity/SpaceComplexity/Logspace/Reductions.lean:89:8: warning: declaration uses 'sorry'
  SORRY TCSlib/Complexity/SpaceComplexity/Logspace/Reductions.lean:99:8: warning: declaration uses 'sorry'
  SORRY TCSlib/Complexity/SpaceComplexity/Logspace/Reductions.lean:119:8: warning: declaration uses 'sorry'
  SORRY TCSlib/Complexity/SpaceComplexity/Logspace/Reductions.lean:130:8: warning: declaration uses 'sorry'
  SORRY TCSlib/Complexity/SpaceComplexity/Logspace/Reductions.lean:142:8: warning: declaration uses 'sorry'
TCSlib/Complexity/SpaceComplexity/Logspace/Path exit=0 errors=0 sorry=2
  SORRY TCSlib/Complexity/SpaceComplexity/Logspace/Path.lean:104:8: warning: declaration uses 'sorry'
  SORRY TCSlib/Complexity/SpaceComplexity/Logspace/Path.lean:133:8: warning: declaration uses 'sorry'
TCSlib/Complexity/SpaceComplexity/Logspace/ImmermanSzelepcsenyi exit=0 errors=0 sorry=3
  SORRY TCSlib/Complexity/SpaceComplexity/Logspace/ImmermanSzelepcsenyi.lean:80:8: warning: declaration uses 'sorry'
  SORRY TCSlib/Complexity/SpaceComplexity/Logspace/ImmermanSzelepcsenyi.lean:93:8: warning: declaration uses 'sorry'
  SORRY TCSlib/Complexity/SpaceComplexity/Logspace/ImmermanSzelepcsenyi.lean:112:8: warning: declaration uses 'sorry'
TCSlib/Complexity/SpaceComplexity/Logspace/Mult exit=0 errors=0 sorry=1
  SORRY TCSlib/Complexity/SpaceComplexity/Logspace/Mult.lean:65:8: warning: declaration uses 'sorry'
TCSlib/Complexity/SpaceComplexity exit=0 errors=0 sorry=0
TCSlib/Complexity/TimeHierarchy exit=0 errors=0 sorry=0
TCSlib/Complexity/TuringMachine/Build/Catalog exit=0 errors=0 sorry=0
TCSlib/Complexity/TuringMachine/Robustness/Bidirectional exit=0 errors=0 sorry=0
TCSlib/Complexity/TuringMachine exit=0 errors=0 sorry=0
TCSlib/Complexity/TuringMachine/Build/CounterLoop exit=0 errors=0 sorry=0
TCSlib/Complexity/TuringMachine/Build/VirtualInput exit=0 errors=0 sorry=0
TCSlib/Complexity/TuringMachine/Build/Zone exit=0 errors=0 sorry=2
  SORRY TCSlib/Complexity/TuringMachine/Build/Zone.lean:1109:8: warning: declaration uses 'sorry'
  SORRY TCSlib/Complexity/TuringMachine/Build/Zone.lean:1145:8: warning: declaration uses 'sorry'
TCSlib/Complexity/TuringMachine/Codes2Tape exit=0 errors=0 sorry=1
  SORRY TCSlib/Complexity/TuringMachine/Codes2Tape.lean:859:8: warning: declaration uses 'sorry'
TCSlib/Complexity/Uncomputability exit=0 errors=0 sorry=0
# modules=265 failed=0
