# S1a pre-issue promotion: downstream replay of Nondeterministic + ConfigCount (49 modules, dependency order; ComputationalModels excluded), fresh .oleans
TCSlib/Complexity/SpaceComplexity/ConfigCount exit=0 errors=0 sorry=0
TCSlib/Complexity/SpaceComplexity/Machines/CleanSweep exit=0 errors=0 sorry=0
TCSlib/Complexity/SpaceComplexity/Machines/Clean exit=0 errors=0 sorry=0
TCSlib/Complexity/SpaceComplexity/Machines/Bank exit=0 errors=0 sorry=0
TCSlib/Complexity/SpaceComplexity/ImplicitPoly exit=0 errors=0 sorry=0
TCSlib/Complexity/CircuitComplexity/LogspaceUniform exit=0 errors=0 sorry=0
TCSlib/Complexity/SpaceComplexity/Machines/ARMProof exit=0 errors=0 sorry=0
TCSlib/Complexity/SpaceComplexity/Machines/ARMKit exit=0 errors=0 sorry=0
TCSlib/Complexity/CircuitComplexity/LogspaceUniformAdjBasic exit=0 errors=0 sorry=0
TCSlib/Complexity/CircuitComplexity/LogspaceUniformScan exit=0 errors=0 sorry=0
TCSlib/Complexity/CircuitComplexity/LogspaceUniformWalk exit=0 errors=0 sorry=0
TCSlib/Complexity/CircuitComplexity/LogspaceUniformAdj exit=0 errors=0 sorry=0
TCSlib/Complexity/CircuitComplexity/LogspaceUniformCanon exit=0 errors=0 sorry=0
TCSlib/Complexity/SpaceComplexity/Machines/DblLang exit=0 errors=0 sorry=0
TCSlib/Complexity/SpaceComplexity/UnaryLogspace exit=0 errors=0 sorry=0
TCSlib/Complexity/SpaceComplexity/CounterProgSim exit=0 errors=0 sorry=0
TCSlib/Complexity/SpaceComplexity/CounterProgSimRun exit=0 errors=0 sorry=0
TCSlib/Complexity/CircuitComplexity/LogspaceTableau exit=0 errors=0 sorry=0
TCSlib/Complexity/CircuitComplexity/LogspaceUniformExample exit=0 errors=0 sorry=0
TCSlib/Complexity/CircuitComplexity exit=0 errors=0 sorry=0
TCSlib/Complexity/TuringMachine/Nondeterministic exit=0 errors=0 sorry=0
TCSlib/Complexity/ClassNP/NTIME exit=0 errors=0 sorry=0
TCSlib/Complexity/ClassNP/Nondeterminism exit=0 errors=0 sorry=0
TCSlib/Complexity/ClassNP exit=0 errors=0 sorry=0
TCSlib/Complexity/TuringMachine/OracleNondeterministic exit=0 errors=0 sorry=1
TCSlib/Complexity/ClassOracle/Classes exit=0 errors=0 sorry=6
TCSlib/Complexity/ClassOracle/SATOracle exit=0 errors=0 sorry=3
TCSlib/Complexity/ClassOracle exit=0 errors=0 sorry=0
TCSlib/Complexity/TuringMachine/NondeterministicSpace exit=0 errors=0 sorry=2
TCSlib/Complexity/SpaceComplexity/NSPACE exit=0 errors=0 sorry=2
TCSlib/Complexity/SpaceComplexity/SpaceClasses exit=0 errors=0 sorry=3
TCSlib/Complexity/SpaceComplexity/ConfigGraph exit=0 errors=0 sorry=7
TCSlib/Complexity/ClassPSPACE/TQBF exit=0 errors=0 sorry=5
TCSlib/Complexity/ClassPSPACE exit=0 errors=0 sorry=0
TCSlib/Complexity/TuringMachine/OracleAgreement exit=0 errors=0 sorry=7
TCSlib/Complexity/Diagonalization/EXPCOM exit=0 errors=0 sorry=6
TCSlib/Complexity/Diagonalization/Relativization exit=0 errors=0 sorry=4
TCSlib/Complexity/TuringMachine/NDCodes exit=0 errors=0 sorry=1
TCSlib/Complexity/Diagonalization/NTimeHierarchy exit=0 errors=0 sorry=6
TCSlib/Complexity/Diagonalization exit=0 errors=0 sorry=0
TCSlib/Complexity/SpaceComplexity/Inclusions exit=0 errors=0 sorry=4
TCSlib/Complexity/SpaceComplexity/Savitch exit=0 errors=0 sorry=3
TCSlib/Complexity/SpaceComplexity/Hierarchy exit=0 errors=0 sorry=4
TCSlib/Complexity/SpaceComplexity/Logspace/Reductions exit=0 errors=0 sorry=5
TCSlib/Complexity/SpaceComplexity/Logspace/Path exit=0 errors=0 sorry=2
TCSlib/Complexity/SpaceComplexity/Logspace/ImmermanSzelepcsenyi exit=0 errors=0 sorry=3
TCSlib/Complexity/SpaceComplexity exit=0 errors=0 sorry=0
TCSlib/Complexity/TuringMachine exit=0 errors=0 sorry=0
TCSlib/Complexity/TuringMachine/Codes2Tape exit=0 errors=0 sorry=1
# modules=49 failed=0
