# zone-f1 A+C independent axiom prints on the integrated tree (eac703cf) — 20 ZF-A targets + 3 ZF-C targets
'Turing.zoneShiftIn' depends on axioms: [propext, Quot.sound]
'Turing.zoneShiftOut' depends on axioms: [propext, Quot.sound]
'Turing.zoneMoveRight' depends on axioms: [propext]
'Turing.zoneMoveLeft' depends on axioms: [propext]
'Turing.zoneIndex_eq_iff' depends on axioms: [propext, Classical.choice, Quot.sound]
'Turing.zoneTape_empty' depends on axioms: [propext]
'Turing.zoneTape_blank_outside' depends on axioms: [propext, Classical.choice, Quot.sound]
'Turing.zoneTape_homeWrite' depends on axioms: [propext]
'Turing.zoneSide_shiftInW' depends on axioms: [propext, Classical.choice, Quot.sound]
'Turing.zoneSide_shiftOutW' depends on axioms: [propext, Classical.choice, Quot.sound]
'Turing.zoneShiftInW_full_donor' depends on axioms: [propext, Quot.sound]
'Turing.zoneSide_moveRight' depends on axioms: [propext, Quot.sound]
'Turing.zoneCascade_cost_le' depends on axioms: [propext, Classical.choice, Quot.sound]
'Turing.zoneSide_cascadeRight' depends on axioms: [propext, Classical.choice, Quot.sound]
'Turing.zoneCascadeRight_lengths' depends on axioms: [propext, Classical.choice, Quot.sound]
'Turing.zoneCascadeRight_zero' depends on axioms: [propext, Quot.sound]
'Turing.zoneCascadeRight_blocked' depends on axioms: [propext, Classical.choice, Quot.sound]
'Turing.MultiTapeTM.spaceUsedByTape_le_card_Icc' depends on axioms: [propext, Classical.choice, Quot.sound]
'Turing.FinTM.exists_zoneShiftInTM' depends on axioms: [propext, sorryAx, Classical.choice, Quot.sound]
'Turing.FinTM.exists_zoneShiftOutTM' depends on axioms: [propext, sorryAx, Classical.choice, Quot.sound]
'Turing.FinTM.alphabet_reduction_spaceUsed' depends on axioms: [propext, Classical.choice, Quot.sound]
'Turing.FinTM.one_work_tape_spaceUsed' depends on axioms: [propext, sorryAx, Classical.choice, Quot.sound]
'Turing.FinTM.one_work_tape_binary_spaceUsed' depends on axioms: [propext, sorryAx, Classical.choice, Quot.sound]
