# zone-f1 A2/B2/C2 integration replay — 2026-10-10T05:58:41Z — at 497afbca
TCSlib/Complexity/TuringMachine/Robustness/SingleTape rc=0 errors=0 sorry_decls=0
TCSlib/Complexity/TuringMachine/Encoding rc=0 errors=0 sorry_decls=0
TCSlib/Complexity/CircuitComplexity/PairEncode rc=0 errors=0 sorry_decls=0
TCSlib/Complexity/ClassP/TimeConstructible rc=0 errors=0 sorry_decls=0
TCSlib/Complexity/TuringMachine/Build/Primitives rc=0 errors=0 sorry_decls=0
TCSlib/Complexity/CircuitComplexity/Advice rc=0 errors=0 sorry_decls=0
TCSlib/Complexity/ClassNP/PolyTimePairing rc=0 errors=0 sorry_decls=0
TCSlib/Complexity/ClassNP/NP rc=0 errors=0 sorry_decls=0
TCSlib/Complexity/ClassNP/EXP rc=0 errors=0 sorry_decls=0
TCSlib/Complexity/TuringMachine/UniversalStartup rc=0 errors=0 sorry_decls=0
TCSlib/Complexity/TuringMachine/UniversalInterpreter rc=0 errors=0 sorry_decls=0
TCSlib/Complexity/TuringMachine/UniversalBlock rc=0 errors=0 sorry_decls=0
TCSlib/Complexity/TuringMachine/Universal rc=0 errors=0 sorry_decls=0
TCSlib/Complexity/Uncomputability/Diagonalization rc=0 errors=0 sorry_decls=0
TCSlib/Complexity/Uncomputability/Halting rc=0 errors=0 sorry_decls=0
TCSlib/Complexity/ClassNP/Reductions rc=0 errors=0 sorry_decls=0
TCSlib/Complexity/ClassNP/SAT rc=0 errors=0 sorry_decls=0
TCSlib/Complexity/CircuitComplexity/DAGCircuitSatLang rc=0 errors=0 sorry_decls=0
TCSlib/Complexity/CircuitComplexity/CircuitEvalSpec rc=0 errors=0 sorry_decls=0
TCSlib/Complexity/CircuitComplexity/CircuitEvalCorrect rc=0 errors=0 sorry_decls=0
TCSlib/Complexity/CircuitComplexity/CircuitEvalMachine rc=0 errors=0 sorry_decls=0
TCSlib/Complexity/CircuitComplexity/CircuitEvalRun rc=0 errors=0 sorry_decls=0
TCSlib/Complexity/CircuitComplexity/CircuitEval rc=0 errors=0 sorry_decls=0
TCSlib/Complexity/CircuitComplexity/CircuitEvalNP rc=0 errors=0 sorry_decls=0
TCSlib/Complexity/CircuitComplexity/PUniformP rc=0 errors=0 sorry_decls=0
TCSlib/Complexity/CircuitComplexity/PPolyAdvice rc=0 errors=0 sorry_decls=0
TCSlib/Complexity/TuringMachine/CodeParser rc=0 errors=0 sorry_decls=0
TCSlib/Complexity/TuringMachine/MathlibBridge rc=0 errors=0 sorry_decls=0
TCSlib/Complexity/CircuitComplexity/UHaltMachine rc=0 errors=0 sorry_decls=0
TCSlib/Complexity/CircuitComplexity/CircuitSatReductionSpec rc=0 errors=0 sorry_decls=0
TCSlib/Complexity/CircuitComplexity/CircuitSatReductionMachineTapes rc=0 errors=0 sorry_decls=0
TCSlib/Complexity/CircuitComplexity/CircuitSatReductionMachine rc=0 errors=0 sorry_decls=0
TCSlib/Complexity/ClassNP/Transducer rc=0 errors=0 sorry_decls=0
TCSlib/Complexity/CircuitComplexity/CircuitSatReductionValid rc=0 errors=0 sorry_decls=0
TCSlib/Complexity/CircuitComplexity/CircuitSatReduction rc=0 errors=0 sorry_decls=0
TCSlib/Complexity/ClassNP/CoNP rc=0 errors=0 sorry_decls=0
TCSlib/Complexity/ClassNP/PolyTimePrefix rc=0 errors=0 sorry_decls=0
TCSlib/Complexity/TuringMachine/Build/EmitIterEmbed rc=0 errors=0 sorry_decls=0
TCSlib/Complexity/TuringMachine/Build/EmitIterBody rc=0 errors=0 sorry_decls=0
TCSlib/Complexity/ClassNP/PolyTimeBlockLoop rc=0 errors=0 sorry_decls=0
TCSlib/Complexity/ClassNP/PolyTimeBlockTests rc=0 errors=0 sorry_decls=0
TCSlib/Complexity/ClassNP/PolyTimeBlockMajority rc=0 errors=0 sorry_decls=0
TCSlib/Complexity/ClassNP/PClosure rc=0 errors=0 sorry_decls=0
TCSlib/Complexity/PolyHierarchy/Padding rc=0 errors=0 sorry_decls=0
TCSlib/Complexity/CircuitComplexity/KarpLiptonPrefix rc=0 errors=0 sorry_decls=0
TCSlib/Complexity/PolyHierarchy/Defs rc=0 errors=0 sorry_decls=0
TCSlib/Complexity/PolyHierarchy/Normalize rc=0 errors=0 sorry_decls=0
TCSlib/Complexity/PolyHierarchy/Levels rc=0 errors=0 sorry_decls=0
TCSlib/Complexity/PolyHierarchy/Collapse rc=0 errors=0 sorry_decls=0
TCSlib/Complexity/CircuitComplexity/KarpLipton rc=0 errors=0 sorry_decls=0
TCSlib/Complexity/CircuitComplexity/KarpLiptonSearchFamily rc=0 errors=0 sorry_decls=0
TCSlib/Complexity/TuringMachine/Robustness/Oblivious rc=0 errors=0 sorry_decls=0
TCSlib/Complexity/ClassNP/TMSAT rc=0 errors=0 sorry_decls=0
TCSlib/Complexity/CircuitComplexity/PSubsetPPoly rc=0 errors=0 sorry_decls=0
TCSlib/Complexity/CircuitComplexity/PAdviceSubsetPPoly rc=0 errors=0 sorry_decls=0
TCSlib/Complexity/CircuitComplexity/UniformTableau rc=0 errors=0 sorry_decls=0
TCSlib/Complexity/CircuitComplexity/CircuitSatNPHard rc=0 errors=0 sorry_decls=0
TCSlib/Complexity/SpaceComplexity/Machines/Layout rc=0 errors=0 sorry_decls=0
TCSlib/Complexity/SpaceComplexity/Machines/Program rc=0 errors=0 sorry_decls=0
TCSlib/Complexity/SpaceComplexity/Machines/Sim rc=0 errors=0 sorry_decls=0
TCSlib/Complexity/SpaceComplexity/Machines/CallReturn rc=0 errors=0 sorry_decls=0
TCSlib/Complexity/SpaceComplexity/Machines/Call rc=0 errors=0 sorry_decls=0
TCSlib/Complexity/SpaceComplexity/Machines/Compile rc=0 errors=0 sorry_decls=0
TCSlib/Complexity/SpaceComplexity/Machines/Lib rc=0 errors=0 sorry_decls=0
TCSlib/Complexity/SpaceComplexity/Basic rc=0 errors=0 sorry_decls=0
TCSlib/Complexity/SpaceComplexity/ConfigCount rc=0 errors=0 sorry_decls=0
TCSlib/Complexity/SpaceComplexity/Machines/CleanSweep rc=0 errors=0 sorry_decls=0
TCSlib/Complexity/SpaceComplexity/Machines/Clean rc=0 errors=0 sorry_decls=0
TCSlib/Complexity/SpaceComplexity/Machines/Bank rc=0 errors=0 sorry_decls=0
TCSlib/Complexity/SpaceComplexity/ImplicitPoly rc=0 errors=0 sorry_decls=0
TCSlib/Complexity/CircuitComplexity/LogspaceUniform rc=0 errors=0 sorry_decls=0
TCSlib/Complexity/SpaceComplexity/Machines/FragDec rc=0 errors=0 sorry_decls=0
TCSlib/Complexity/SpaceComplexity/Machines/Frag rc=0 errors=0 sorry_decls=0
TCSlib/Complexity/SpaceComplexity/Machines/ParsePlain rc=0 errors=0 sorry_decls=0
TCSlib/Complexity/SpaceComplexity/Machines/Parse rc=0 errors=0 sorry_decls=0
TCSlib/Complexity/SpaceComplexity/Machines/Parse2 rc=0 errors=0 sorry_decls=0
TCSlib/Complexity/SpaceComplexity/Machines/ParseCmp rc=0 errors=0 sorry_decls=0
TCSlib/Complexity/SpaceComplexity/Machines/ARM rc=0 errors=0 sorry_decls=0
TCSlib/Complexity/SpaceComplexity/Machines/ARMSim rc=0 errors=0 sorry_decls=0
TCSlib/Complexity/SpaceComplexity/Machines/ARMRun rc=0 errors=0 sorry_decls=0
TCSlib/Complexity/SpaceComplexity/Machines/ARMProof rc=0 errors=0 sorry_decls=0
TCSlib/Complexity/SpaceComplexity/Machines/ARMKit rc=0 errors=0 sorry_decls=0
TCSlib/Complexity/CircuitComplexity/LogspaceUniformAdjBasic rc=0 errors=0 sorry_decls=0
TCSlib/Complexity/CircuitComplexity/LogspaceUniformScan rc=0 errors=0 sorry_decls=0
TCSlib/Complexity/CircuitComplexity/LogspaceUniformWalk rc=0 errors=0 sorry_decls=0
TCSlib/Complexity/CircuitComplexity/LogspaceUniformAdj rc=0 errors=0 sorry_decls=0
TCSlib/Complexity/CircuitComplexity/LogspaceUniformCanon rc=0 errors=0 sorry_decls=0
TCSlib/Complexity/SpaceComplexity/Machines/DblLang rc=0 errors=0 sorry_decls=0
TCSlib/Complexity/SpaceComplexity/UnaryLogspace rc=0 errors=0 sorry_decls=0
TCSlib/Complexity/SpaceComplexity/CounterProgSim rc=0 errors=0 sorry_decls=0
TCSlib/Complexity/SpaceComplexity/CounterProgSimRun rc=0 errors=0 sorry_decls=0
TCSlib/Complexity/CircuitComplexity/LogspaceTableau rc=0 errors=0 sorry_decls=0
TCSlib/Complexity/CircuitComplexity/LogspaceUniformExample rc=0 errors=0 sorry_decls=0
TCSlib/Complexity/CircuitComplexity/MeyerTab rc=0 errors=0 sorry_decls=0
TCSlib/Complexity/CircuitComplexity/MeyerTableau rc=0 errors=0 sorry_decls=0
TCSlib/Complexity/CircuitComplexity/MeyerVerifierGlue rc=0 errors=0 sorry_decls=0
TCSlib/Complexity/CircuitComplexity/MeyerVerifier rc=0 errors=0 sorry_decls=0
TCSlib/Complexity/CircuitComplexity/MeyerSound rc=0 errors=0 sorry_decls=0
TCSlib/Complexity/CircuitComplexity/MeyerSoundInput rc=0 errors=0 sorry_decls=0
TCSlib/Complexity/CircuitComplexity/MeyerComplete rc=0 errors=0 sorry_decls=0
TCSlib/Complexity/CircuitComplexity/MeyerSigma rc=0 errors=0 sorry_decls=0
TCSlib/Complexity/ClassNP/ExpPoly rc=0 errors=0 sorry_decls=0
TCSlib/Complexity/CircuitComplexity/MeyerSigmaEXP rc=0 errors=0 sorry_decls=0
TCSlib/Complexity/TimeHierarchy/CodePrefix rc=0 errors=0 sorry_decls=0
TCSlib/Complexity/TimeHierarchy/Diagonal rc=0 errors=0 sorry_decls=0
TCSlib/Complexity/TimeHierarchy/Separation rc=0 errors=0 sorry_decls=0
TCSlib/Complexity/CircuitComplexity/Meyer rc=0 errors=0 sorry_decls=0
TCSlib/Complexity/CircuitComplexity rc=0 errors=0 sorry_decls=0
TCSlib/Complexity/ClassNP/Nondeterminism rc=0 errors=0 sorry_decls=0
TCSlib/Complexity/CookLevin/Hardness rc=0 errors=0 sorry_decls=0
TCSlib/Complexity/ClassNP/Tautology rc=0 errors=0 sorry_decls=0
TCSlib/Complexity/ClassNP rc=0 errors=0 sorry_decls=0
TCSlib/Complexity/ClassOracle/Classes rc=0 errors=0 sorry_decls=6
    TCSlib/Complexity/ClassOracle/Classes.lean:110:8: warning: declaration uses 'sorry'
    TCSlib/Complexity/ClassOracle/Classes.lean:123:8: warning: declaration uses 'sorry'
    TCSlib/Complexity/ClassOracle/Classes.lean:144:8: warning: declaration uses 'sorry'
    TCSlib/Complexity/ClassOracle/Classes.lean:152:8: warning: declaration uses 'sorry'
    TCSlib/Complexity/ClassOracle/Classes.lean:162:8: warning: declaration uses 'sorry'
    TCSlib/Complexity/ClassOracle/Classes.lean:191:8: warning: declaration uses 'sorry'
TCSlib/Complexity/ClassOracle/SATOracle rc=0 errors=0 sorry_decls=3
    TCSlib/Complexity/ClassOracle/SATOracle.lean:49:8: warning: declaration uses 'sorry'
    TCSlib/Complexity/ClassOracle/SATOracle.lean:57:8: warning: declaration uses 'sorry'
    TCSlib/Complexity/ClassOracle/SATOracle.lean:65:8: warning: declaration uses 'sorry'
TCSlib/Complexity/ClassOracle rc=0 errors=0 sorry_decls=0
TCSlib/Complexity/ClassP/ModelInvariance rc=0 errors=0 sorry_decls=0
TCSlib/Complexity/ClassP rc=1 errors=1 sorry_decls=0
    | TCSlib/Complexity/ClassP.lean:6:0: error: object file '/Users/seyoonr/phd_experiments/tcslib/.lake/tcslib-check-oleans/TCSlib/Complexity/ClassP/Examples.olean' of module TCSlib.Complexity.ClassP.Examples does not exist
    | FAIL(TCSlib/Complexity/ClassP): error diagnostics reported
TCSlib/Complexity/Formulas/QBFEncoding rc=0 errors=0 sorry_decls=1
    TCSlib/Complexity/Formulas/QBFEncoding.lean:88:8: warning: declaration uses 'sorry'
TCSlib/Complexity/SpaceComplexity/NSPACE rc=0 errors=0 sorry_decls=2
    TCSlib/Complexity/SpaceComplexity/NSPACE.lean:97:8: warning: declaration uses 'sorry'
    TCSlib/Complexity/SpaceComplexity/NSPACE.lean:111:8: warning: declaration uses 'sorry'
TCSlib/Complexity/SpaceComplexity/SpaceClasses rc=0 errors=0 sorry_decls=3
    TCSlib/Complexity/SpaceComplexity/SpaceClasses.lean:69:8: warning: declaration uses 'sorry'
    TCSlib/Complexity/SpaceComplexity/SpaceClasses.lean:76:8: warning: declaration uses 'sorry'
    TCSlib/Complexity/SpaceComplexity/SpaceClasses.lean:83:8: warning: declaration uses 'sorry'
TCSlib/Complexity/SpaceComplexity/Constructible rc=0 errors=0 sorry_decls=2
    TCSlib/Complexity/SpaceComplexity/Constructible.lean:76:8: warning: declaration uses 'sorry'
    TCSlib/Complexity/SpaceComplexity/Constructible.lean:92:8: warning: declaration uses 'sorry'
TCSlib/Complexity/SpaceComplexity/ConfigGraph rc=0 errors=0 sorry_decls=7
    TCSlib/Complexity/SpaceComplexity/ConfigGraph.lean:140:8: warning: declaration uses 'sorry'
    TCSlib/Complexity/SpaceComplexity/ConfigGraph.lean:156:8: warning: declaration uses 'sorry'
    TCSlib/Complexity/SpaceComplexity/ConfigGraph.lean:198:8: warning: declaration uses 'sorry'
    TCSlib/Complexity/SpaceComplexity/ConfigGraph.lean:220:8: warning: declaration uses 'sorry'
    TCSlib/Complexity/SpaceComplexity/ConfigGraph.lean:261:8: warning: declaration uses 'sorry'
    TCSlib/Complexity/SpaceComplexity/ConfigGraph.lean:281:8: warning: declaration uses 'sorry'
    TCSlib/Complexity/SpaceComplexity/ConfigGraph.lean:301:8: warning: declaration uses 'sorry'
TCSlib/Complexity/ClassPSPACE/TQBF rc=0 errors=0 sorry_decls=5
    TCSlib/Complexity/ClassPSPACE/TQBF.lean:121:8: warning: declaration uses 'sorry'
    TCSlib/Complexity/ClassPSPACE/TQBF.lean:171:8: warning: declaration uses 'sorry'
    TCSlib/Complexity/ClassPSPACE/TQBF.lean:233:8: warning: declaration uses 'sorry'
    TCSlib/Complexity/ClassPSPACE/TQBF.lean:285:8: warning: declaration uses 'sorry'
    TCSlib/Complexity/ClassPSPACE/TQBF.lean:293:8: warning: declaration uses 'sorry'
TCSlib/Complexity/ClassPSPACE rc=0 errors=0 sorry_decls=0
TCSlib/Complexity/CookLevin rc=0 errors=0 sorry_decls=0
TCSlib/Complexity/Diagonalization/EXPCOM rc=0 errors=0 sorry_decls=6
    TCSlib/Complexity/Diagonalization/EXPCOM.lean:145:8: warning: declaration uses 'sorry'
    TCSlib/Complexity/Diagonalization/EXPCOM.lean:201:8: warning: declaration uses 'sorry'
    TCSlib/Complexity/Diagonalization/EXPCOM.lean:254:8: warning: declaration uses 'sorry'
    TCSlib/Complexity/Diagonalization/EXPCOM.lean:262:8: warning: declaration uses 'sorry'
    TCSlib/Complexity/Diagonalization/EXPCOM.lean:270:8: warning: declaration uses 'sorry'
    TCSlib/Complexity/Diagonalization/EXPCOM.lean:279:8: warning: declaration uses 'sorry'
TCSlib/Complexity/Diagonalization/Relativization rc=0 errors=0 sorry_decls=4
    TCSlib/Complexity/Diagonalization/Relativization.lean:110:8: warning: declaration uses 'sorry'
    TCSlib/Complexity/Diagonalization/Relativization.lean:153:8: warning: declaration uses 'sorry'
    TCSlib/Complexity/Diagonalization/Relativization.lean:214:8: warning: declaration uses 'sorry'
    TCSlib/Complexity/Diagonalization/Relativization.lean:227:8: warning: declaration uses 'sorry'
TCSlib/Complexity/Diagonalization/NotTimeConstructible rc=0 errors=0 sorry_decls=1
    TCSlib/Complexity/Diagonalization/NotTimeConstructible.lean:89:8: warning: declaration uses 'sorry'
TCSlib/Complexity/TuringMachine/NDCodes rc=0 errors=0 sorry_decls=1
    TCSlib/Complexity/TuringMachine/NDCodes.lean:187:8: warning: declaration uses 'sorry'
TCSlib/Complexity/Diagonalization/NTimeHierarchy rc=0 errors=0 sorry_decls=6
    TCSlib/Complexity/Diagonalization/NTimeHierarchy.lean:121:8: warning: declaration uses 'sorry'
    TCSlib/Complexity/Diagonalization/NTimeHierarchy.lean:146:8: warning: declaration uses 'sorry'
    TCSlib/Complexity/Diagonalization/NTimeHierarchy.lean:191:8: warning: declaration uses 'sorry'
    TCSlib/Complexity/Diagonalization/NTimeHierarchy.lean:287:8: warning: declaration uses 'sorry'
    TCSlib/Complexity/Diagonalization/NTimeHierarchy.lean:301:8: warning: declaration uses 'sorry'
    TCSlib/Complexity/Diagonalization/NTimeHierarchy.lean:326:8: warning: declaration uses 'sorry'
TCSlib/Complexity/Diagonalization rc=0 errors=0 sorry_decls=0
TCSlib/Complexity/Formulas rc=0 errors=0 sorry_decls=0
TCSlib/Complexity/PolyHierarchy rc=0 errors=0 sorry_decls=0
TCSlib/Complexity/Randomized/PolyTimeModel rc=0 errors=0 sorry_decls=0
TCSlib/Complexity/Randomized rc=0 errors=0 sorry_decls=0
TCSlib/Complexity/SpaceComplexity/Inclusions rc=0 errors=0 sorry_decls=4
    TCSlib/Complexity/SpaceComplexity/Inclusions.lean:55:8: warning: declaration uses 'sorry'
    TCSlib/Complexity/SpaceComplexity/Inclusions.lean:63:8: warning: declaration uses 'sorry'
    TCSlib/Complexity/SpaceComplexity/Inclusions.lean:85:8: warning: declaration uses 'sorry'
    TCSlib/Complexity/SpaceComplexity/Inclusions.lean:94:8: warning: declaration uses 'sorry'
TCSlib/Complexity/SpaceComplexity/Examples rc=0 errors=0 sorry_decls=1
    TCSlib/Complexity/SpaceComplexity/Examples.lean:62:8: warning: declaration uses 'sorry'
TCSlib/Complexity/SpaceComplexity/ZeroSpace rc=0 errors=0 sorry_decls=11
    TCSlib/Complexity/SpaceComplexity/ZeroSpace.lean:67:8: warning: declaration uses 'sorry'
    TCSlib/Complexity/SpaceComplexity/ZeroSpace.lean:79:8: warning: declaration uses 'sorry'
    TCSlib/Complexity/SpaceComplexity/ZeroSpace.lean:101:8: warning: declaration uses 'sorry'
    TCSlib/Complexity/SpaceComplexity/ZeroSpace.lean:113:8: warning: declaration uses 'sorry'
    TCSlib/Complexity/SpaceComplexity/ZeroSpace.lean:122:8: warning: declaration uses 'sorry'
    TCSlib/Complexity/SpaceComplexity/ZeroSpace.lean:132:8: warning: declaration uses 'sorry'
    TCSlib/Complexity/SpaceComplexity/ZeroSpace.lean:151:8: warning: declaration uses 'sorry'
    TCSlib/Complexity/SpaceComplexity/ZeroSpace.lean:168:8: warning: declaration uses 'sorry'
    TCSlib/Complexity/SpaceComplexity/ZeroSpace.lean:185:8: warning: declaration uses 'sorry'
    TCSlib/Complexity/SpaceComplexity/ZeroSpace.lean:196:8: warning: declaration uses 'sorry'
    TCSlib/Complexity/SpaceComplexity/ZeroSpace.lean:212:8: warning: declaration uses 'sorry'
TCSlib/Complexity/SpaceComplexity/Savitch rc=0 errors=0 sorry_decls=3
    TCSlib/Complexity/SpaceComplexity/Savitch.lean:77:8: warning: declaration uses 'sorry'
    TCSlib/Complexity/SpaceComplexity/Savitch.lean:110:8: warning: declaration uses 'sorry'
    TCSlib/Complexity/SpaceComplexity/Savitch.lean:128:8: warning: declaration uses 'sorry'
TCSlib/Complexity/SpaceComplexity/Hierarchy rc=0 errors=0 sorry_decls=4
    TCSlib/Complexity/SpaceComplexity/Hierarchy.lean:110:8: warning: declaration uses 'sorry'
    TCSlib/Complexity/SpaceComplexity/Hierarchy.lean:184:8: warning: declaration uses 'sorry'
    TCSlib/Complexity/SpaceComplexity/Hierarchy.lean:201:8: warning: declaration uses 'sorry'
    TCSlib/Complexity/SpaceComplexity/Hierarchy.lean:231:8: warning: declaration uses 'sorry'
TCSlib/Complexity/SpaceComplexity/Logspace/Reductions rc=0 errors=0 sorry_decls=5
    TCSlib/Complexity/SpaceComplexity/Logspace/Reductions.lean:89:8: warning: declaration uses 'sorry'
    TCSlib/Complexity/SpaceComplexity/Logspace/Reductions.lean:99:8: warning: declaration uses 'sorry'
    TCSlib/Complexity/SpaceComplexity/Logspace/Reductions.lean:119:8: warning: declaration uses 'sorry'
    TCSlib/Complexity/SpaceComplexity/Logspace/Reductions.lean:130:8: warning: declaration uses 'sorry'
    TCSlib/Complexity/SpaceComplexity/Logspace/Reductions.lean:142:8: warning: declaration uses 'sorry'
TCSlib/Complexity/SpaceComplexity/Logspace/Path rc=0 errors=0 sorry_decls=2
    TCSlib/Complexity/SpaceComplexity/Logspace/Path.lean:104:8: warning: declaration uses 'sorry'
    TCSlib/Complexity/SpaceComplexity/Logspace/Path.lean:133:8: warning: declaration uses 'sorry'
TCSlib/Complexity/SpaceComplexity/Logspace/ImmermanSzelepcsenyi rc=0 errors=0 sorry_decls=3
    TCSlib/Complexity/SpaceComplexity/Logspace/ImmermanSzelepcsenyi.lean:80:8: warning: declaration uses 'sorry'
    TCSlib/Complexity/SpaceComplexity/Logspace/ImmermanSzelepcsenyi.lean:93:8: warning: declaration uses 'sorry'
    TCSlib/Complexity/SpaceComplexity/Logspace/ImmermanSzelepcsenyi.lean:112:8: warning: declaration uses 'sorry'
TCSlib/Complexity/SpaceComplexity/Logspace/Mult rc=0 errors=0 sorry_decls=1
    TCSlib/Complexity/SpaceComplexity/Logspace/Mult.lean:65:8: warning: declaration uses 'sorry'
TCSlib/Complexity/SpaceComplexity rc=0 errors=0 sorry_decls=0
TCSlib/Complexity/TimeHierarchy rc=0 errors=0 sorry_decls=0
TCSlib/Complexity/TuringMachine/Build/Catalog rc=0 errors=0 sorry_decls=0
TCSlib/Complexity/TuringMachine rc=0 errors=0 sorry_decls=0
TCSlib/Complexity/TuringMachine/Build/Zone rc=0 errors=0 sorry_decls=2
    TCSlib/Complexity/TuringMachine/Build/Zone.lean:1109:8: warning: declaration uses 'sorry'
    TCSlib/Complexity/TuringMachine/Build/Zone.lean:1145:8: warning: declaration uses 'sorry'
TCSlib/Complexity/TuringMachine/Codes2Tape rc=0 errors=0 sorry_decls=1
    TCSlib/Complexity/TuringMachine/Codes2Tape.lean:595:8: warning: declaration uses 'sorry'
TCSlib/Complexity/Uncomputability rc=0 errors=0 sorry_decls=0
TOTAL: failures=1 sorry_decls=84

# ClassP facade: missing upstream olean (ClassP/Examples, a scratch-tree gap) built, then re-checked:
TCSlib/Complexity/ClassP/Examples rc=0 errors=0 sorry_decls=0
TCSlib/Complexity/ClassP rc=0 errors=0 sorry_decls=0
