# zone-f1 A+C integration replay — 2026-10-10T04:33:11Z — complexity/arora-barak-ch3-4 at eac703cf
TCSlib/Complexity/TuringMachine/Robustness/AlphabetReduction rc=0 errors=0 sorry_decls=0
TCSlib/Complexity/TuringMachine/Robustness/SingleTape rc=0 errors=0 sorry_decls=2
    TCSlib/Complexity/TuringMachine/Robustness/SingleTape.lean:1014:8: warning: declaration uses 'sorry'
    TCSlib/Complexity/TuringMachine/Robustness/SingleTape.lean:1036:8: warning: declaration uses 'sorry'
TCSlib/Complexity/TuringMachine/Encoding rc=0 errors=0 sorry_decls=0
TCSlib/Complexity/TuringMachine/Build/Primitives rc=0 errors=0 sorry_decls=0
TCSlib/Complexity/TuringMachine/Build/Catalog rc=0 errors=0 sorry_decls=0
TCSlib/Complexity/TuringMachine/CodeParser rc=0 errors=0 sorry_decls=0
TCSlib/Complexity/TuringMachine/MathlibBridge rc=0 errors=0 sorry_decls=0
TCSlib/Complexity/TuringMachine/UniversalStartup rc=0 errors=0 sorry_decls=0
TCSlib/Complexity/TuringMachine/UniversalInterpreter rc=0 errors=0 sorry_decls=0
TCSlib/Complexity/TuringMachine/UniversalBlock rc=0 errors=0 sorry_decls=0
TCSlib/Complexity/TuringMachine/Universal rc=0 errors=0 sorry_decls=0
TCSlib/Complexity/TuringMachine/NDCodes rc=0 errors=0 sorry_decls=1
    TCSlib/Complexity/TuringMachine/NDCodes.lean:187:8: warning: declaration uses 'sorry'
TCSlib/Complexity/TuringMachine rc=0 errors=0 sorry_decls=0
TCSlib/Complexity/TuringMachine/Build/EmitIterEmbed rc=0 errors=0 sorry_decls=0
TCSlib/Complexity/TuringMachine/Build/EmitIterBody rc=0 errors=0 sorry_decls=0
TCSlib/Complexity/TuringMachine/Build/Zone rc=0 errors=0 sorry_decls=2
    TCSlib/Complexity/TuringMachine/Build/Zone.lean:1001:8: warning: declaration uses 'sorry'
    TCSlib/Complexity/TuringMachine/Build/Zone.lean:1037:8: warning: declaration uses 'sorry'
TCSlib/Complexity/TuringMachine/Codes2Tape rc=0 errors=0 sorry_decls=2
    TCSlib/Complexity/TuringMachine/Codes2Tape.lean:153:8: warning: declaration uses 'sorry'
    TCSlib/Complexity/TuringMachine/Codes2Tape.lean:196:8: warning: declaration uses 'sorry'
TOTAL: failures=0 sorry_decls=7
