# ZF-B3 on the merged campaign tree (RB4 merged via PR #13) at 02bcc51b — Loop+downstream+Codes2Tape — 2026-10-10T16:56:03Z
TCSlib/Complexity/TuringMachine/Build/Loop rc=0 errors=0 sorry_decls=0
TCSlib/Complexity/TuringMachine/Build/Primitives rc=0 errors=0 sorry_decls=0
TCSlib/Complexity/CircuitComplexity/Advice rc=0 errors=0 sorry_decls=0
TCSlib/Complexity/ClassNP/PolyTimePairing rc=0 errors=0 sorry_decls=0
TCSlib/Complexity/ClassNP/NP rc=0 errors=0 sorry_decls=0
TCSlib/Complexity/ClassNP/EXP rc=0 errors=0 sorry_decls=0
TCSlib/Complexity/ClassNP/Reductions rc=0 errors=0 sorry_decls=0
TCSlib/Complexity/ClassNP/SAT rc=0 errors=0 sorry_decls=0
TCSlib/Complexity/CircuitComplexity/DAGCircuitSatLang rc=0 errors=0 sorry_decls=0
TCSlib/Complexity/CircuitComplexity/CircuitEvalNP rc=0 errors=0 sorry_decls=0
TCSlib/Complexity/CircuitComplexity/PUniformP rc=0 errors=0 sorry_decls=0
TCSlib/Complexity/CircuitComplexity/PPolyAdvice rc=0 errors=0 sorry_decls=0
TCSlib/Complexity/CircuitComplexity/UHaltMachine rc=0 errors=0 sorry_decls=0
TCSlib/Complexity/ClassNP/Transducer rc=0 errors=0 sorry_decls=0
TCSlib/Complexity/CircuitComplexity/CircuitSatReductionValid rc=0 errors=0 sorry_decls=0
TCSlib/Complexity/CircuitComplexity/CircuitSatReduction rc=0 errors=0 sorry_decls=0
TCSlib/Complexity/ClassNP/CoNP rc=0 errors=0 sorry_decls=0
TCSlib/Complexity/ClassNP/PolyTimePrefix rc=0 errors=0 sorry_decls=0
TCSlib/Complexity/TuringMachine/Build/EmitIterEmbed rc=0 errors=0 sorry_decls=0
TCSlib/Complexity/TuringMachine/Build/EmitIterBody rc=0 errors=0 sorry_decls=0
TCSlib/Complexity/ClassNP/PolyTimeBlockLoop rc=0 errors=0 sorry_decls=0
TCSlib/Complexity/ClassNP/PolyTimeBlockTests rc=0 errors=0 sorry_decls=0
TCSlib/Complexity/ClassNP/PolyTimeBlockMajority rc=0 errors=0 sorry_decls=0
TCSlib/Complexity/ClassNP/PClosure rc=0 errors=0 sorry_decls=0
TCSlib/Complexity/PolyHierarchy/Padding rc=0 errors=0 sorry_decls=0
TCSlib/Complexity/CircuitComplexity/KarpLiptonPrefix rc=0 errors=0 sorry_decls=0
TCSlib/Complexity/PolyHierarchy/Defs rc=0 errors=0 sorry_decls=0
TCSlib/Complexity/PolyHierarchy/Normalize rc=0 errors=0 sorry_decls=0
TCSlib/Complexity/PolyHierarchy/Levels rc=0 errors=0 sorry_decls=0
TCSlib/Complexity/PolyHierarchy/Collapse rc=0 errors=0 sorry_decls=0
TCSlib/Complexity/CircuitComplexity/KarpLipton rc=0 errors=0 sorry_decls=0
TCSlib/Complexity/CircuitComplexity/KarpLiptonSearchFamily rc=0 errors=0 sorry_decls=0
TCSlib/Complexity/ClassNP/TMSAT rc=0 errors=0 sorry_decls=0
TCSlib/Complexity/CircuitComplexity/PSubsetPPoly rc=0 errors=0 sorry_decls=0
TCSlib/Complexity/CircuitComplexity/PAdviceSubsetPPoly rc=0 errors=0 sorry_decls=0
TCSlib/Complexity/CircuitComplexity/UniformTableau rc=0 errors=0 sorry_decls=0
TCSlib/Complexity/CircuitComplexity/CircuitSatNPHard rc=0 errors=0 sorry_decls=0
TCSlib/Complexity/CircuitComplexity/LogspaceTableau rc=0 errors=0 sorry_decls=0
TCSlib/Complexity/CircuitComplexity/MeyerTab rc=0 errors=0 sorry_decls=0
TCSlib/Complexity/CircuitComplexity/MeyerTableau rc=0 errors=0 sorry_decls=0
TCSlib/Complexity/CircuitComplexity/MeyerVerifierGlue rc=0 errors=0 sorry_decls=0
TCSlib/Complexity/CircuitComplexity/MeyerVerifier rc=0 errors=0 sorry_decls=0
TCSlib/Complexity/CircuitComplexity/MeyerSound rc=0 errors=0 sorry_decls=0
TCSlib/Complexity/CircuitComplexity/MeyerSoundInput rc=0 errors=0 sorry_decls=0
TCSlib/Complexity/CircuitComplexity/MeyerComplete rc=0 errors=0 sorry_decls=0
TCSlib/Complexity/CircuitComplexity/MeyerSigma rc=0 errors=0 sorry_decls=0
TCSlib/Complexity/ClassNP/ExpPoly rc=0 errors=0 sorry_decls=0
TCSlib/Complexity/CircuitComplexity/MeyerSigmaEXP rc=0 errors=0 sorry_decls=0
TCSlib/Complexity/TimeHierarchy/Separation rc=0 errors=0 sorry_decls=0
TCSlib/Complexity/CircuitComplexity/Meyer rc=0 errors=0 sorry_decls=0
TCSlib/Complexity/CircuitComplexity rc=0 errors=0 sorry_decls=0
TCSlib/Complexity/ClassNP/Nondeterminism rc=0 errors=0 sorry_decls=0
TCSlib/Complexity/CookLevin/Hardness rc=0 errors=0 sorry_decls=0
TCSlib/Complexity/ClassNP/Tautology rc=0 errors=0 sorry_decls=0
TCSlib/Complexity/ClassNP rc=0 errors=0 sorry_decls=0
TCSlib/Complexity/ClassOracle/Classes rc=0 errors=0 sorry_decls=6
TCSlib/Complexity/ClassOracle/SATOracle rc=0 errors=0 sorry_decls=3
TCSlib/Complexity/ClassOracle rc=0 errors=0 sorry_decls=0
TCSlib/Complexity/SpaceComplexity/ConfigGraph rc=0 errors=0 sorry_decls=7
TCSlib/Complexity/ClassPSPACE/TQBF rc=0 errors=0 sorry_decls=5
TCSlib/Complexity/ClassPSPACE rc=0 errors=0 sorry_decls=0
TCSlib/Complexity/CookLevin rc=0 errors=0 sorry_decls=0
TCSlib/Complexity/Diagonalization/EXPCOM rc=0 errors=0 sorry_decls=6
TCSlib/Complexity/Diagonalization/Relativization rc=0 errors=0 sorry_decls=4
TCSlib/Complexity/Diagonalization rc=0 errors=0 sorry_decls=0
TCSlib/Complexity/PolyHierarchy rc=0 errors=0 sorry_decls=0
TCSlib/Complexity/Randomized/PolyTimeModel rc=0 errors=0 sorry_decls=0
TCSlib/Complexity/Randomized rc=0 errors=0 sorry_decls=0
TCSlib/Complexity/SpaceComplexity/Inclusions rc=0 errors=0 sorry_decls=4
TCSlib/Complexity/SpaceComplexity/Savitch rc=0 errors=0 sorry_decls=3
TCSlib/Complexity/SpaceComplexity/Hierarchy rc=0 errors=0 sorry_decls=4
TCSlib/Complexity/SpaceComplexity/Logspace/Reductions rc=0 errors=0 sorry_decls=5
TCSlib/Complexity/SpaceComplexity/Logspace/Path rc=0 errors=0 sorry_decls=2
TCSlib/Complexity/SpaceComplexity/Logspace/ImmermanSzelepcsenyi rc=0 errors=0 sorry_decls=3
TCSlib/Complexity/SpaceComplexity rc=0 errors=0 sorry_decls=0
TCSlib/Complexity/TimeHierarchy rc=0 errors=0 sorry_decls=0
TCSlib/Complexity/TuringMachine/Build/Catalog rc=0 errors=0 sorry_decls=5
TCSlib/Complexity/TuringMachine rc=0 errors=0 sorry_decls=0
TCSlib/Complexity/TuringMachine/Build/Zone rc=0 errors=0 sorry_decls=2
TCSlib/Complexity/TuringMachine/Codes2Tape rc=0 errors=0 sorry_decls=1
TOTAL: failures=0
