BEFORE: declarations screened: 873; copy pairs (target reproduces >= half of source): 739; reproduced text: 180,218 chars
AFTER: declarations screened: 867; copy pairs (target reproduces >= half of source): 692; reproduced text: 173,861 chars
New ordered pairs: 0; removed ordered pairs: 47
REMOVED Hardness.lean::clA5Pad_run  reproduces  Primitives.lean::splitEmbed_run: 109/188 = 58%
REMOVED Hardness.lean::clMatch_cmp_frame  reproduces  Hardness.lean::clMatch_load_frame: 118/226 = 52%
REMOVED Hardness.lean::clMatch_load_frame  reproduces  Hardness.lean::clQuery_initial: 107/178 = 60%
REMOVED Hardness.lean::clMatch_load_frame  reproduces  Hardness.lean::clRepeat_frame: 67/118 = 57%
REMOVED Hardness.lean::clMatch_load_frame  reproduces  Hardness.lean::clRepeat_initial: 67/122 = 55%
REMOVED Hardness.lean::clPreparedTM  reproduces  Hardness.lean::clOutputTM: 131/235 = 56%
REMOVED Hardness.lean::clPrepared_idle  reproduces  Hardness.lean::clRecord_idle: 251/484 = 52%
REMOVED Hardness.lean::clRecRowIndex  reproduces  Hardness.lean::clRecTrackIndex: 76/99 = 77%
REMOVED Hardness.lean::clRecRow_inverse  reproduces  Hardness.lean::clRecTrack_inverse: 75/97 = 77%
REMOVED Hardness.lean::clRecTrackIndex  reproduces  Hardness.lean::clRecRowIndex: 76/97 = 78%
REMOVED Hardness.lean::clRecTrackSelect  reproduces  Hardness.lean::clRecRowSelect: 69/109 = 63%
REMOVED Hardness.lean::clRecTrack_inverse  reproduces  Hardness.lean::clRecRow_inverse: 75/93 = 81%
REMOVED Hardness.lean::clRec_row_inactive  reproduces  Hardness.lean::clRec_row_frame: 196/360 = 54%
REMOVED Hardness.lean::clRec_track_frame  reproduces  Hardness.lean::clRec_row_frame: 197/360 = 55%
REMOVED Hardness.lean::clRecord_idle  reproduces  Hardness.lean::clPrepared_idle: 251/397 = 63%
REMOVED Hardness.lean::clRow_frame  reproduces  Hardness.lean::clLoad_frame: 133/240 = 55%
REMOVED Hardness.lean::clSlotAction  reproduces  Primitives.lean::emitterP2Action: 97/97 = 100%
REMOVED Hardness.lean::clSlotCfg  reproduces  Primitives.lean::emitterP2Cfg: 154/154 = 100%
REMOVED Hardness.lean::clSlot_apply  reproduces  Primitives.lean::emitterP2_apply: 110/180 = 61%
REMOVED Hardness.lean::clSlot_run  reproduces  Hardness.lean::clBank_run: 73/94 = 78%
REMOVED Hardness.lean::clSlot_run  reproduces  Hardness.lean::clCount_idle_run: 71/91 = 78%
REMOVED Hardness.lean::clSlot_run  reproduces  Loop.lean::emCall_right_run: 119/172 = 69%
REMOVED Hardness.lean::clSlot_run  reproduces  Loop.lean::emLoop_run_prefix: 109/129 = 84%
REMOVED Hardness.lean::clSlot_run  reproduces  Primitives.lean::emitterP2_relocate_run: 733/814 = 90%
REMOVED Loop.lean::emCall_state_run  reproduces  Primitives.lean::splitEmbed_run: 153/188 = 81%
REMOVED Primitives.lean::emitterP2Action  reproduces  Hardness.lean::clSlotAction: 97/97 = 100%
REMOVED Primitives.lean::emitterP2Cfg  reproduces  Hardness.lean::clSlotCfg: 154/154 = 100%
REMOVED Primitives.lean::emitterP2PairSelect  reproduces  Primitives.lean::emitterP2SmallSelect: 70/98 = 71%
REMOVED Primitives.lean::emitterP2SmallSelect  reproduces  Primitives.lean::emitterP2PairSelect: 70/95 = 74%
REMOVED Primitives.lean::emitterP2_apply  reproduces  Hardness.lean::clSlot_apply: 110/168 = 65%
REMOVED Primitives.lean::emitterP2_call_segment  reproduces  Loop.lean::emLoop_run_prefix: 68/129 = 53%
REMOVED Primitives.lean::emitterP2_call_segment  reproduces  Primitives.lean::emitterP2_relocate_run: 420/814 = 52%
REMOVED Primitives.lean::emitterP2_call_segment  reproduces  Primitives.lean::emitterP2_segment: 136/227 = 60%
REMOVED Primitives.lean::emitterP2_left_frame  reproduces  Primitives.lean::emitterP2_pair_frame: 178/341 = 52%
REMOVED Primitives.lean::emitterP2_left_frame  reproduces  Primitives.lean::emitterP2_small_frame: 178/347 = 51%
REMOVED Primitives.lean::emitterP2_left_frame  reproduces  Primitives.lean::emitterP2_words_clean: 93/141 = 66%
REMOVED Primitives.lean::emitterP2_pair_inverse  reproduces  Primitives.lean::emitterP2_small_inverse: 90/116 = 78%
REMOVED Primitives.lean::emitterP2_relocate_run  reproduces  Hardness.lean::clBank_run: 73/94 = 78%
REMOVED Primitives.lean::emitterP2_relocate_run  reproduces  Hardness.lean::clCount_idle_run: 71/91 = 78%
REMOVED Primitives.lean::emitterP2_relocate_run  reproduces  Hardness.lean::clSlot_run: 733/787 = 93%
REMOVED Primitives.lean::emitterP2_relocate_run  reproduces  Loop.lean::emCall_right_run: 119/172 = 69%
REMOVED Primitives.lean::emitterP2_relocate_run  reproduces  Loop.lean::emLoop_run_prefix: 109/129 = 84%
REMOVED Primitives.lean::emitterP2_right_frame  reproduces  Primitives.lean::emitterP2_pair_frame: 178/341 = 52%
REMOVED Primitives.lean::emitterP2_right_frame  reproduces  Primitives.lean::emitterP2_small_frame: 178/347 = 51%
REMOVED Primitives.lean::emitterP2_right_frame  reproduces  Primitives.lean::emitterP2_words_clean: 93/141 = 66%
REMOVED Primitives.lean::emitterP2_small_inverse  reproduces  Primitives.lean::emitterP2_pair_inverse: 90/114 = 79%
REMOVED Primitives.lean::splitEmbed_cut  reproduces  Primitives.lean::splitEmbed_run: 121/188 = 64%
Relocation/member pairs remaining: 0
